[2024-12-17T23:24:39.980+0000] {local_task_job_runner.py:123} INFO - ::group::Pre task execution logs
[2024-12-17T23:24:39.998+0000] {taskinstance.py:2613} INFO - Dependencies all met for dep_context=non-requeueable deps ti=<TaskInstance: pyspark_job_dag.spark_submit_task manual__2024-12-17T23:24:38.614907+00:00 [queued]>
[2024-12-17T23:24:40.005+0000] {taskinstance.py:2613} INFO - Dependencies all met for dep_context=requeueable deps ti=<TaskInstance: pyspark_job_dag.spark_submit_task manual__2024-12-17T23:24:38.614907+00:00 [queued]>
[2024-12-17T23:24:40.007+0000] {taskinstance.py:2866} INFO - Starting attempt 1 of 3
[2024-12-17T23:24:40.028+0000] {taskinstance.py:2889} INFO - Executing <Task(SparkSubmitOperator): spark_submit_task> on 2024-12-17 23:24:38.614907+00:00
[2024-12-17T23:24:40.035+0000] {standard_task_runner.py:72} INFO - Started process 767 to run task
[2024-12-17T23:24:40.038+0000] {standard_task_runner.py:104} INFO - Running: ['***', 'tasks', 'run', 'pyspark_job_dag', 'spark_submit_task', 'manual__2024-12-17T23:24:38.614907+00:00', '--job-id', '77', '--raw', '--subdir', 'DAGS_FOLDER/spark_***.py', '--cfg-path', '/tmp/tmpfql2h54a']
[2024-12-17T23:24:40.042+0000] {standard_task_runner.py:105} INFO - Job 77: Subtask spark_submit_task
[2024-12-17T23:24:40.085+0000] {task_command.py:467} INFO - Running <TaskInstance: pyspark_job_dag.spark_submit_task manual__2024-12-17T23:24:38.614907+00:00 [running]> on host 0d65af53af6d
[2024-12-17T23:24:40.177+0000] {taskinstance.py:3132} INFO - Exporting env vars: AIRFLOW_CTX_DAG_OWNER='Haris Syd' AIRFLOW_CTX_DAG_ID='pyspark_job_dag' AIRFLOW_CTX_TASK_ID='spark_submit_task' AIRFLOW_CTX_EXECUTION_DATE='2024-12-17T23:24:38.614907+00:00' AIRFLOW_CTX_TRY_NUMBER='1' AIRFLOW_CTX_DAG_RUN_ID='manual__2024-12-17T23:24:38.614907+00:00'
[2024-12-17T23:24:40.178+0000] {taskinstance.py:731} INFO - ::endgroup::
[2024-12-17T23:24:40.196+0000] {base.py:84} INFO - Retrieving connection 'spark_conn'
[2024-12-17T23:24:40.197+0000] {spark_submit.py:473} INFO - Spark-Submit cmd: spark-submit --master spark://spark-master-1:7077 --name arrow-spark --verbose --deploy-mode client /opt/***/jobs/python/wordcountjob.py
[2024-12-17T23:24:42.309+0000] {spark_submit.py:634} INFO - Using properties file: null
[2024-12-17T23:24:42.468+0000] {spark_submit.py:634} INFO - Parsed arguments:
[2024-12-17T23:24:42.469+0000] {spark_submit.py:634} INFO - master                  spark://spark-master-1:7077
[2024-12-17T23:24:42.470+0000] {spark_submit.py:634} INFO - remote                  null
[2024-12-17T23:24:42.471+0000] {spark_submit.py:634} INFO - deployMode              client
[2024-12-17T23:24:42.472+0000] {spark_submit.py:634} INFO - executorMemory          null
[2024-12-17T23:24:42.473+0000] {spark_submit.py:634} INFO - executorCores           null
[2024-12-17T23:24:42.473+0000] {spark_submit.py:634} INFO - totalExecutorCores      null
[2024-12-17T23:24:42.474+0000] {spark_submit.py:634} INFO - propertiesFile          null
[2024-12-17T23:24:42.475+0000] {spark_submit.py:634} INFO - driverMemory            null
[2024-12-17T23:24:42.475+0000] {spark_submit.py:634} INFO - driverCores             null
[2024-12-17T23:24:42.476+0000] {spark_submit.py:634} INFO - driverExtraClassPath    null
[2024-12-17T23:24:42.477+0000] {spark_submit.py:634} INFO - driverExtraLibraryPath  null
[2024-12-17T23:24:42.478+0000] {spark_submit.py:634} INFO - driverExtraJavaOptions  null
[2024-12-17T23:24:42.478+0000] {spark_submit.py:634} INFO - supervise               false
[2024-12-17T23:24:42.479+0000] {spark_submit.py:634} INFO - queue                   null
[2024-12-17T23:24:42.480+0000] {spark_submit.py:634} INFO - numExecutors            null
[2024-12-17T23:24:42.480+0000] {spark_submit.py:634} INFO - files                   null
[2024-12-17T23:24:42.481+0000] {spark_submit.py:634} INFO - pyFiles                 null
[2024-12-17T23:24:42.482+0000] {spark_submit.py:634} INFO - archives                null
[2024-12-17T23:24:42.482+0000] {spark_submit.py:634} INFO - mainClass               null
[2024-12-17T23:24:42.483+0000] {spark_submit.py:634} INFO - primaryResource         file:/opt/***/jobs/python/wordcountjob.py
[2024-12-17T23:24:42.484+0000] {spark_submit.py:634} INFO - name                    arrow-spark
[2024-12-17T23:24:42.485+0000] {spark_submit.py:634} INFO - childArgs               []
[2024-12-17T23:24:42.485+0000] {spark_submit.py:634} INFO - jars                    null
[2024-12-17T23:24:42.486+0000] {spark_submit.py:634} INFO - packages                null
[2024-12-17T23:24:42.487+0000] {spark_submit.py:634} INFO - packagesExclusions      null
[2024-12-17T23:24:42.487+0000] {spark_submit.py:634} INFO - repositories            null
[2024-12-17T23:24:42.488+0000] {spark_submit.py:634} INFO - verbose                 true
[2024-12-17T23:24:42.489+0000] {spark_submit.py:634} INFO - 
[2024-12-17T23:24:42.490+0000] {spark_submit.py:634} INFO - Spark properties used, including those specified through
[2024-12-17T23:24:42.491+0000] {spark_submit.py:634} INFO - --conf and those from the properties file null:
[2024-12-17T23:24:42.491+0000] {spark_submit.py:634} INFO - 
[2024-12-17T23:24:42.493+0000] {spark_submit.py:634} INFO - 
[2024-12-17T23:24:42.494+0000] {spark_submit.py:634} INFO - 
[2024-12-17T23:24:42.854+0000] {spark_submit.py:634} INFO - Main class:
[2024-12-17T23:24:42.855+0000] {spark_submit.py:634} INFO - org.apache.spark.deploy.PythonRunner
[2024-12-17T23:24:42.856+0000] {spark_submit.py:634} INFO - Arguments:
[2024-12-17T23:24:42.856+0000] {spark_submit.py:634} INFO - file:/opt/***/jobs/python/wordcountjob.py
[2024-12-17T23:24:42.857+0000] {spark_submit.py:634} INFO - null
[2024-12-17T23:24:42.863+0000] {spark_submit.py:634} INFO - Spark config:
[2024-12-17T23:24:42.864+0000] {spark_submit.py:634} INFO - (spark.app.name,arrow-spark)
[2024-12-17T23:24:42.865+0000] {spark_submit.py:634} INFO - (spark.app.submitTime,1734477882824)
[2024-12-17T23:24:42.866+0000] {spark_submit.py:634} INFO - (spark.master,spark://spark-master-1:7077)
[2024-12-17T23:24:42.867+0000] {spark_submit.py:634} INFO - (spark.submit.deployMode,client)
[2024-12-17T23:24:42.868+0000] {spark_submit.py:634} INFO - (spark.submit.pyFiles,)
[2024-12-17T23:24:42.868+0000] {spark_submit.py:634} INFO - Classpath elements:
[2024-12-17T23:24:42.869+0000] {spark_submit.py:634} INFO - 
[2024-12-17T23:24:42.870+0000] {spark_submit.py:634} INFO - 
[2024-12-17T23:24:42.871+0000] {spark_submit.py:634} INFO - 
[2024-12-17T23:24:44.252+0000] {spark_submit.py:634} INFO - 24/12/17 23:24:44 INFO SparkContext: Running Spark version 3.4.1
[2024-12-17T23:24:44.321+0000] {spark_submit.py:634} INFO - 24/12/17 23:24:44 WARN NativeCodeLoader: Unable to load native-hadoop library for your platform... using builtin-java classes where applicable
[2024-12-17T23:24:44.420+0000] {spark_submit.py:634} INFO - 24/12/17 23:24:44 INFO ResourceUtils: ==============================================================
[2024-12-17T23:24:44.421+0000] {spark_submit.py:634} INFO - 24/12/17 23:24:44 INFO ResourceUtils: No custom resources configured for spark.driver.
[2024-12-17T23:24:44.423+0000] {spark_submit.py:634} INFO - 24/12/17 23:24:44 INFO ResourceUtils: ==============================================================
[2024-12-17T23:24:44.424+0000] {spark_submit.py:634} INFO - 24/12/17 23:24:44 INFO SparkContext: Submitted application: PythonWordCount
[2024-12-17T23:24:44.464+0000] {spark_submit.py:634} INFO - 24/12/17 23:24:44 INFO ResourceProfile: Default ResourceProfile created, executor resources: Map(memory -> name: memory, amount: 1024, script: , vendor: , offHeap -> name: offHeap, amount: 0, script: , vendor: ), task resources: Map(cpus -> name: cpus, amount: 1.0)
[2024-12-17T23:24:44.481+0000] {spark_submit.py:634} INFO - 24/12/17 23:24:44 INFO ResourceProfile: Limiting resource is cpu
[2024-12-17T23:24:44.482+0000] {spark_submit.py:634} INFO - 24/12/17 23:24:44 INFO ResourceProfileManager: Added ResourceProfile id: 0
[2024-12-17T23:24:44.570+0000] {spark_submit.py:634} INFO - 24/12/17 23:24:44 INFO SecurityManager: Changing view acls to: ***
[2024-12-17T23:24:44.571+0000] {spark_submit.py:634} INFO - 24/12/17 23:24:44 INFO SecurityManager: Changing modify acls to: ***
[2024-12-17T23:24:44.573+0000] {spark_submit.py:634} INFO - 24/12/17 23:24:44 INFO SecurityManager: Changing view acls groups to:
[2024-12-17T23:24:44.574+0000] {spark_submit.py:634} INFO - 24/12/17 23:24:44 INFO SecurityManager: Changing modify acls groups to:
[2024-12-17T23:24:44.575+0000] {spark_submit.py:634} INFO - 24/12/17 23:24:44 INFO SecurityManager: SecurityManager: authentication disabled; ui acls disabled; users with view permissions: ***; groups with view permissions: EMPTY; users with modify permissions: ***; groups with modify permissions: EMPTY
[2024-12-17T23:24:44.858+0000] {spark_submit.py:634} INFO - 24/12/17 23:24:44 INFO Utils: Successfully started service 'sparkDriver' on port 45833.
[2024-12-17T23:24:44.905+0000] {spark_submit.py:634} INFO - 24/12/17 23:24:44 INFO SparkEnv: Registering MapOutputTracker
[2024-12-17T23:24:44.942+0000] {spark_submit.py:634} INFO - 24/12/17 23:24:44 INFO SparkEnv: Registering BlockManagerMaster
[2024-12-17T23:24:44.962+0000] {spark_submit.py:634} INFO - 24/12/17 23:24:44 INFO BlockManagerMasterEndpoint: Using org.apache.spark.storage.DefaultTopologyMapper for getting topology information
[2024-12-17T23:24:44.963+0000] {spark_submit.py:634} INFO - 24/12/17 23:24:44 INFO BlockManagerMasterEndpoint: BlockManagerMasterEndpoint up
[2024-12-17T23:24:44.969+0000] {spark_submit.py:634} INFO - 24/12/17 23:24:44 INFO SparkEnv: Registering BlockManagerMasterHeartbeat
[2024-12-17T23:24:45.000+0000] {spark_submit.py:634} INFO - 24/12/17 23:24:45 INFO DiskBlockManager: Created local directory at /tmp/blockmgr-2cd79b84-8e1f-4d52-bb9d-ddae0fc8c2ce
[2024-12-17T23:24:45.027+0000] {spark_submit.py:634} INFO - 24/12/17 23:24:45 INFO MemoryStore: MemoryStore started with capacity 434.4 MiB
[2024-12-17T23:24:45.063+0000] {spark_submit.py:634} INFO - 24/12/17 23:24:45 INFO SparkEnv: Registering OutputCommitCoordinator
[2024-12-17T23:24:45.246+0000] {spark_submit.py:634} INFO - 24/12/17 23:24:45 INFO JettyUtils: Start Jetty 0.0.0.0:4040 for SparkUI
[2024-12-17T23:24:45.303+0000] {spark_submit.py:634} INFO - 24/12/17 23:24:45 WARN Utils: Service 'SparkUI' could not bind on port 4040. Attempting port 4041.
[2024-12-17T23:24:45.311+0000] {spark_submit.py:634} INFO - 24/12/17 23:24:45 INFO Utils: Successfully started service 'SparkUI' on port 4041.
[2024-12-17T23:24:45.464+0000] {spark_submit.py:634} INFO - 24/12/17 23:24:45 INFO StandaloneAppClient$ClientEndpoint: Connecting to master spark://spark-master-1:7077...
[2024-12-17T23:24:49.216+0000] {spark_submit.py:634} INFO - 24/12/17 23:24:49 WARN TransportClientFactory: DNS resolution failed for spark-master-1:7077 took 3737 ms
[2024-12-17T23:24:49.245+0000] {spark_submit.py:634} INFO - 24/12/17 23:24:49 WARN StandaloneAppClient$ClientEndpoint: Failed to connect to master spark-master-1:7077
[2024-12-17T23:24:49.247+0000] {spark_submit.py:634} INFO - org.apache.spark.SparkException: Exception thrown in awaitResult:
[2024-12-17T23:24:49.248+0000] {spark_submit.py:634} INFO - at org.apache.spark.util.ThreadUtils$.awaitResult(ThreadUtils.scala:322)
[2024-12-17T23:24:49.249+0000] {spark_submit.py:634} INFO - at org.apache.spark.rpc.RpcTimeout.awaitResult(RpcTimeout.scala:75)
[2024-12-17T23:24:49.251+0000] {spark_submit.py:634} INFO - at org.apache.spark.rpc.RpcEnv.setupEndpointRefByURI(RpcEnv.scala:102)
[2024-12-17T23:24:49.252+0000] {spark_submit.py:634} INFO - at org.apache.spark.rpc.RpcEnv.setupEndpointRef(RpcEnv.scala:110)
[2024-12-17T23:24:49.253+0000] {spark_submit.py:634} INFO - at org.apache.spark.deploy.client.StandaloneAppClient$ClientEndpoint$$anon$1.run(StandaloneAppClient.scala:108)
[2024-12-17T23:24:49.253+0000] {spark_submit.py:634} INFO - at java.base/java.util.concurrent.Executors$RunnableAdapter.call(Executors.java:515)
[2024-12-17T23:24:49.254+0000] {spark_submit.py:634} INFO - at java.base/java.util.concurrent.FutureTask.run(FutureTask.java:264)
[2024-12-17T23:24:49.254+0000] {spark_submit.py:634} INFO - at java.base/java.util.concurrent.ThreadPoolExecutor.runWorker(ThreadPoolExecutor.java:1128)
[2024-12-17T23:24:49.254+0000] {spark_submit.py:634} INFO - at java.base/java.util.concurrent.ThreadPoolExecutor$Worker.run(ThreadPoolExecutor.java:628)
[2024-12-17T23:24:49.255+0000] {spark_submit.py:634} INFO - at java.base/java.lang.Thread.run(Thread.java:829)
[2024-12-17T23:24:49.255+0000] {spark_submit.py:634} INFO - Caused by: java.io.IOException: Failed to connect to spark-master-1:7077
[2024-12-17T23:24:49.255+0000] {spark_submit.py:634} INFO - at org.apache.spark.network.client.TransportClientFactory.createClient(TransportClientFactory.java:284)
[2024-12-17T23:24:49.256+0000] {spark_submit.py:634} INFO - at org.apache.spark.network.client.TransportClientFactory.createClient(TransportClientFactory.java:214)
[2024-12-17T23:24:49.256+0000] {spark_submit.py:634} INFO - at org.apache.spark.network.client.TransportClientFactory.createClient(TransportClientFactory.java:226)
[2024-12-17T23:24:49.256+0000] {spark_submit.py:634} INFO - at org.apache.spark.rpc.netty.NettyRpcEnv.createClient(NettyRpcEnv.scala:204)
[2024-12-17T23:24:49.257+0000] {spark_submit.py:634} INFO - at org.apache.spark.rpc.netty.Outbox$$anon$1.call(Outbox.scala:202)
[2024-12-17T23:24:49.257+0000] {spark_submit.py:634} INFO - at org.apache.spark.rpc.netty.Outbox$$anon$1.call(Outbox.scala:198)
[2024-12-17T23:24:49.257+0000] {spark_submit.py:634} INFO - ... 4 more
[2024-12-17T23:24:49.258+0000] {spark_submit.py:634} INFO - Caused by: java.net.UnknownHostException: spark-master-1
[2024-12-17T23:24:49.258+0000] {spark_submit.py:634} INFO - at java.base/java.net.InetAddress$CachedAddresses.get(InetAddress.java:797)
[2024-12-17T23:24:49.258+0000] {spark_submit.py:634} INFO - at java.base/java.net.InetAddress.getAllByName0(InetAddress.java:1533)
[2024-12-17T23:24:49.259+0000] {spark_submit.py:634} INFO - at java.base/java.net.InetAddress.getAllByName(InetAddress.java:1386)
[2024-12-17T23:24:49.259+0000] {spark_submit.py:634} INFO - at java.base/java.net.InetAddress.getAllByName(InetAddress.java:1307)
[2024-12-17T23:24:49.260+0000] {spark_submit.py:634} INFO - at java.base/java.net.InetAddress.getByName(InetAddress.java:1257)
[2024-12-17T23:24:49.260+0000] {spark_submit.py:634} INFO - at io.netty.util.internal.SocketUtils$8.run(SocketUtils.java:156)
[2024-12-17T23:24:49.260+0000] {spark_submit.py:634} INFO - at io.netty.util.internal.SocketUtils$8.run(SocketUtils.java:153)
[2024-12-17T23:24:49.261+0000] {spark_submit.py:634} INFO - at java.base/java.security.AccessController.doPrivileged(Native Method)
[2024-12-17T23:24:49.261+0000] {spark_submit.py:634} INFO - at io.netty.util.internal.SocketUtils.addressByName(SocketUtils.java:153)
[2024-12-17T23:24:49.261+0000] {spark_submit.py:634} INFO - at io.netty.resolver.DefaultNameResolver.doResolve(DefaultNameResolver.java:41)
[2024-12-17T23:24:49.262+0000] {spark_submit.py:634} INFO - at io.netty.resolver.SimpleNameResolver.resolve(SimpleNameResolver.java:61)
[2024-12-17T23:24:49.262+0000] {spark_submit.py:634} INFO - at io.netty.resolver.SimpleNameResolver.resolve(SimpleNameResolver.java:53)
[2024-12-17T23:24:49.262+0000] {spark_submit.py:634} INFO - at io.netty.resolver.InetSocketAddressResolver.doResolve(InetSocketAddressResolver.java:55)
[2024-12-17T23:24:49.263+0000] {spark_submit.py:634} INFO - at io.netty.resolver.InetSocketAddressResolver.doResolve(InetSocketAddressResolver.java:31)
[2024-12-17T23:24:49.263+0000] {spark_submit.py:634} INFO - at io.netty.resolver.AbstractAddressResolver.resolve(AbstractAddressResolver.java:106)
[2024-12-17T23:24:49.263+0000] {spark_submit.py:634} INFO - at io.netty.bootstrap.Bootstrap.doResolveAndConnect0(Bootstrap.java:206)
[2024-12-17T23:24:49.264+0000] {spark_submit.py:634} INFO - at io.netty.bootstrap.Bootstrap.access$000(Bootstrap.java:46)
[2024-12-17T23:24:49.264+0000] {spark_submit.py:634} INFO - at io.netty.bootstrap.Bootstrap$1.operationComplete(Bootstrap.java:180)
[2024-12-17T23:24:49.265+0000] {spark_submit.py:634} INFO - at io.netty.bootstrap.Bootstrap$1.operationComplete(Bootstrap.java:166)
[2024-12-17T23:24:49.265+0000] {spark_submit.py:634} INFO - at io.netty.util.concurrent.DefaultPromise.notifyListener0(DefaultPromise.java:590)
[2024-12-17T23:24:49.265+0000] {spark_submit.py:634} INFO - at io.netty.util.concurrent.DefaultPromise.notifyListenersNow(DefaultPromise.java:557)
[2024-12-17T23:24:49.266+0000] {spark_submit.py:634} INFO - at io.netty.util.concurrent.DefaultPromise.notifyListeners(DefaultPromise.java:492)
[2024-12-17T23:24:49.266+0000] {spark_submit.py:634} INFO - at io.netty.util.concurrent.DefaultPromise.setValue0(DefaultPromise.java:636)
[2024-12-17T23:24:49.266+0000] {spark_submit.py:634} INFO - at io.netty.util.concurrent.DefaultPromise.setSuccess0(DefaultPromise.java:625)
[2024-12-17T23:24:49.267+0000] {spark_submit.py:634} INFO - at io.netty.util.concurrent.DefaultPromise.trySuccess(DefaultPromise.java:105)
[2024-12-17T23:24:49.267+0000] {spark_submit.py:634} INFO - at io.netty.channel.DefaultChannelPromise.trySuccess(DefaultChannelPromise.java:84)
[2024-12-17T23:24:49.268+0000] {spark_submit.py:634} INFO - at io.netty.channel.AbstractChannel$AbstractUnsafe.safeSetSuccess(AbstractChannel.java:990)
[2024-12-17T23:24:49.268+0000] {spark_submit.py:634} INFO - at io.netty.channel.AbstractChannel$AbstractUnsafe.register0(AbstractChannel.java:516)
[2024-12-17T23:24:49.268+0000] {spark_submit.py:634} INFO - at io.netty.channel.AbstractChannel$AbstractUnsafe.access$200(AbstractChannel.java:429)
[2024-12-17T23:24:49.269+0000] {spark_submit.py:634} INFO - at io.netty.channel.AbstractChannel$AbstractUnsafe$1.run(AbstractChannel.java:486)
[2024-12-17T23:24:49.269+0000] {spark_submit.py:634} INFO - at io.netty.util.concurrent.AbstractEventExecutor.runTask(AbstractEventExecutor.java:174)
[2024-12-17T23:24:49.269+0000] {spark_submit.py:634} INFO - at io.netty.util.concurrent.AbstractEventExecutor.safeExecute(AbstractEventExecutor.java:167)
[2024-12-17T23:24:49.270+0000] {spark_submit.py:634} INFO - at io.netty.util.concurrent.SingleThreadEventExecutor.runAllTasks(SingleThreadEventExecutor.java:470)
[2024-12-17T23:24:49.270+0000] {spark_submit.py:634} INFO - at io.netty.channel.nio.NioEventLoop.run(NioEventLoop.java:569)
[2024-12-17T23:24:49.270+0000] {spark_submit.py:634} INFO - at io.netty.util.concurrent.SingleThreadEventExecutor$4.run(SingleThreadEventExecutor.java:997)
[2024-12-17T23:24:49.271+0000] {spark_submit.py:634} INFO - at io.netty.util.internal.ThreadExecutorMap$2.run(ThreadExecutorMap.java:74)
[2024-12-17T23:24:49.271+0000] {spark_submit.py:634} INFO - at io.netty.util.concurrent.FastThreadLocalRunnable.run(FastThreadLocalRunnable.java:30)
[2024-12-17T23:24:49.271+0000] {spark_submit.py:634} INFO - ... 1 more
[2024-12-17T23:25:05.464+0000] {spark_submit.py:634} INFO - 24/12/17 23:25:05 INFO StandaloneAppClient$ClientEndpoint: Connecting to master spark://spark-master-1:7077...
[2024-12-17T23:25:09.172+0000] {spark_submit.py:634} INFO - 24/12/17 23:25:09 WARN TransportClientFactory: DNS resolution failed for spark-master-1:7077 took 3705 ms
[2024-12-17T23:25:09.179+0000] {spark_submit.py:634} INFO - 24/12/17 23:25:09 WARN StandaloneAppClient$ClientEndpoint: Failed to connect to master spark-master-1:7077
[2024-12-17T23:25:09.180+0000] {spark_submit.py:634} INFO - org.apache.spark.SparkException: Exception thrown in awaitResult:
[2024-12-17T23:25:09.181+0000] {spark_submit.py:634} INFO - at org.apache.spark.util.ThreadUtils$.awaitResult(ThreadUtils.scala:322)
[2024-12-17T23:25:09.181+0000] {spark_submit.py:634} INFO - at org.apache.spark.rpc.RpcTimeout.awaitResult(RpcTimeout.scala:75)
[2024-12-17T23:25:09.182+0000] {spark_submit.py:634} INFO - at org.apache.spark.rpc.RpcEnv.setupEndpointRefByURI(RpcEnv.scala:102)
[2024-12-17T23:25:09.182+0000] {spark_submit.py:634} INFO - at org.apache.spark.rpc.RpcEnv.setupEndpointRef(RpcEnv.scala:110)
[2024-12-17T23:25:09.183+0000] {spark_submit.py:634} INFO - at org.apache.spark.deploy.client.StandaloneAppClient$ClientEndpoint$$anon$1.run(StandaloneAppClient.scala:108)
[2024-12-17T23:25:09.183+0000] {spark_submit.py:634} INFO - at java.base/java.util.concurrent.Executors$RunnableAdapter.call(Executors.java:515)
[2024-12-17T23:25:09.184+0000] {spark_submit.py:634} INFO - at java.base/java.util.concurrent.FutureTask.run(FutureTask.java:264)
[2024-12-17T23:25:09.184+0000] {spark_submit.py:634} INFO - at java.base/java.util.concurrent.ThreadPoolExecutor.runWorker(ThreadPoolExecutor.java:1128)
[2024-12-17T23:25:09.185+0000] {spark_submit.py:634} INFO - at java.base/java.util.concurrent.ThreadPoolExecutor$Worker.run(ThreadPoolExecutor.java:628)
[2024-12-17T23:25:09.185+0000] {spark_submit.py:634} INFO - at java.base/java.lang.Thread.run(Thread.java:829)
[2024-12-17T23:25:09.186+0000] {spark_submit.py:634} INFO - Caused by: java.io.IOException: Failed to connect to spark-master-1:7077
[2024-12-17T23:25:09.187+0000] {spark_submit.py:634} INFO - at org.apache.spark.network.client.TransportClientFactory.createClient(TransportClientFactory.java:284)
[2024-12-17T23:25:09.188+0000] {spark_submit.py:634} INFO - at org.apache.spark.network.client.TransportClientFactory.createClient(TransportClientFactory.java:214)
[2024-12-17T23:25:09.189+0000] {spark_submit.py:634} INFO - at org.apache.spark.network.client.TransportClientFactory.createClient(TransportClientFactory.java:226)
[2024-12-17T23:25:09.189+0000] {spark_submit.py:634} INFO - at org.apache.spark.rpc.netty.NettyRpcEnv.createClient(NettyRpcEnv.scala:204)
[2024-12-17T23:25:09.189+0000] {spark_submit.py:634} INFO - at org.apache.spark.rpc.netty.Outbox$$anon$1.call(Outbox.scala:202)
[2024-12-17T23:25:09.190+0000] {spark_submit.py:634} INFO - at org.apache.spark.rpc.netty.Outbox$$anon$1.call(Outbox.scala:198)
[2024-12-17T23:25:09.190+0000] {spark_submit.py:634} INFO - ... 4 more
[2024-12-17T23:25:09.190+0000] {spark_submit.py:634} INFO - Caused by: java.net.UnknownHostException: spark-master-1
[2024-12-17T23:25:09.191+0000] {spark_submit.py:634} INFO - at java.base/java.net.InetAddress$CachedAddresses.get(InetAddress.java:797)
[2024-12-17T23:25:09.191+0000] {spark_submit.py:634} INFO - at java.base/java.net.InetAddress.getAllByName0(InetAddress.java:1533)
[2024-12-17T23:25:09.191+0000] {spark_submit.py:634} INFO - at java.base/java.net.InetAddress.getAllByName(InetAddress.java:1386)
[2024-12-17T23:25:09.191+0000] {spark_submit.py:634} INFO - at java.base/java.net.InetAddress.getAllByName(InetAddress.java:1307)
[2024-12-17T23:25:09.192+0000] {spark_submit.py:634} INFO - at java.base/java.net.InetAddress.getByName(InetAddress.java:1257)
[2024-12-17T23:25:09.192+0000] {spark_submit.py:634} INFO - at io.netty.util.internal.SocketUtils$8.run(SocketUtils.java:156)
[2024-12-17T23:25:09.192+0000] {spark_submit.py:634} INFO - at io.netty.util.internal.SocketUtils$8.run(SocketUtils.java:153)
[2024-12-17T23:25:09.193+0000] {spark_submit.py:634} INFO - at java.base/java.security.AccessController.doPrivileged(Native Method)
[2024-12-17T23:25:09.193+0000] {spark_submit.py:634} INFO - at io.netty.util.internal.SocketUtils.addressByName(SocketUtils.java:153)
[2024-12-17T23:25:09.193+0000] {spark_submit.py:634} INFO - at io.netty.resolver.DefaultNameResolver.doResolve(DefaultNameResolver.java:41)
[2024-12-17T23:25:09.194+0000] {spark_submit.py:634} INFO - at io.netty.resolver.SimpleNameResolver.resolve(SimpleNameResolver.java:61)
[2024-12-17T23:25:09.194+0000] {spark_submit.py:634} INFO - at io.netty.resolver.SimpleNameResolver.resolve(SimpleNameResolver.java:53)
[2024-12-17T23:25:09.194+0000] {spark_submit.py:634} INFO - at io.netty.resolver.InetSocketAddressResolver.doResolve(InetSocketAddressResolver.java:55)
[2024-12-17T23:25:09.195+0000] {spark_submit.py:634} INFO - at io.netty.resolver.InetSocketAddressResolver.doResolve(InetSocketAddressResolver.java:31)
[2024-12-17T23:25:09.195+0000] {spark_submit.py:634} INFO - at io.netty.resolver.AbstractAddressResolver.resolve(AbstractAddressResolver.java:106)
[2024-12-17T23:25:09.195+0000] {spark_submit.py:634} INFO - at io.netty.bootstrap.Bootstrap.doResolveAndConnect0(Bootstrap.java:206)
[2024-12-17T23:25:09.195+0000] {spark_submit.py:634} INFO - at io.netty.bootstrap.Bootstrap.access$000(Bootstrap.java:46)
[2024-12-17T23:25:09.196+0000] {spark_submit.py:634} INFO - at io.netty.bootstrap.Bootstrap$1.operationComplete(Bootstrap.java:180)
[2024-12-17T23:25:09.196+0000] {spark_submit.py:634} INFO - at io.netty.bootstrap.Bootstrap$1.operationComplete(Bootstrap.java:166)
[2024-12-17T23:25:09.196+0000] {spark_submit.py:634} INFO - at io.netty.util.concurrent.DefaultPromise.notifyListener0(DefaultPromise.java:590)
[2024-12-17T23:25:09.197+0000] {spark_submit.py:634} INFO - at io.netty.util.concurrent.DefaultPromise.notifyListenersNow(DefaultPromise.java:557)
[2024-12-17T23:25:09.197+0000] {spark_submit.py:634} INFO - at io.netty.util.concurrent.DefaultPromise.notifyListeners(DefaultPromise.java:492)
[2024-12-17T23:25:09.197+0000] {spark_submit.py:634} INFO - at io.netty.util.concurrent.DefaultPromise.setValue0(DefaultPromise.java:636)
[2024-12-17T23:25:09.198+0000] {spark_submit.py:634} INFO - at io.netty.util.concurrent.DefaultPromise.setSuccess0(DefaultPromise.java:625)
[2024-12-17T23:25:09.198+0000] {spark_submit.py:634} INFO - at io.netty.util.concurrent.DefaultPromise.trySuccess(DefaultPromise.java:105)
[2024-12-17T23:25:09.198+0000] {spark_submit.py:634} INFO - at io.netty.channel.DefaultChannelPromise.trySuccess(DefaultChannelPromise.java:84)
[2024-12-17T23:25:09.199+0000] {spark_submit.py:634} INFO - at io.netty.channel.AbstractChannel$AbstractUnsafe.safeSetSuccess(AbstractChannel.java:990)
[2024-12-17T23:25:09.199+0000] {spark_submit.py:634} INFO - at io.netty.channel.AbstractChannel$AbstractUnsafe.register0(AbstractChannel.java:516)
[2024-12-17T23:25:09.199+0000] {spark_submit.py:634} INFO - at io.netty.channel.AbstractChannel$AbstractUnsafe.access$200(AbstractChannel.java:429)
[2024-12-17T23:25:09.200+0000] {spark_submit.py:634} INFO - at io.netty.channel.AbstractChannel$AbstractUnsafe$1.run(AbstractChannel.java:486)
[2024-12-17T23:25:09.200+0000] {spark_submit.py:634} INFO - at io.netty.util.concurrent.AbstractEventExecutor.runTask(AbstractEventExecutor.java:174)
[2024-12-17T23:25:09.201+0000] {spark_submit.py:634} INFO - at io.netty.util.concurrent.AbstractEventExecutor.safeExecute(AbstractEventExecutor.java:167)
[2024-12-17T23:25:09.201+0000] {spark_submit.py:634} INFO - at io.netty.util.concurrent.SingleThreadEventExecutor.runAllTasks(SingleThreadEventExecutor.java:470)
[2024-12-17T23:25:09.201+0000] {spark_submit.py:634} INFO - at io.netty.channel.nio.NioEventLoop.run(NioEventLoop.java:569)
[2024-12-17T23:25:09.202+0000] {spark_submit.py:634} INFO - at io.netty.util.concurrent.SingleThreadEventExecutor$4.run(SingleThreadEventExecutor.java:997)
[2024-12-17T23:25:09.202+0000] {spark_submit.py:634} INFO - at io.netty.util.internal.ThreadExecutorMap$2.run(ThreadExecutorMap.java:74)
[2024-12-17T23:25:09.202+0000] {spark_submit.py:634} INFO - at io.netty.util.concurrent.FastThreadLocalRunnable.run(FastThreadLocalRunnable.java:30)
[2024-12-17T23:25:09.203+0000] {spark_submit.py:634} INFO - ... 1 more
[2024-12-17T23:25:25.465+0000] {spark_submit.py:634} INFO - 24/12/17 23:25:25 INFO StandaloneAppClient$ClientEndpoint: Connecting to master spark://spark-master-1:7077...
[2024-12-17T23:25:29.197+0000] {spark_submit.py:634} INFO - 24/12/17 23:25:29 WARN TransportClientFactory: DNS resolution failed for spark-master-1:7077 took 3730 ms
[2024-12-17T23:25:29.206+0000] {spark_submit.py:634} INFO - 24/12/17 23:25:29 WARN StandaloneAppClient$ClientEndpoint: Failed to connect to master spark-master-1:7077
[2024-12-17T23:25:29.207+0000] {spark_submit.py:634} INFO - org.apache.spark.SparkException: Exception thrown in awaitResult:
[2024-12-17T23:25:29.208+0000] {spark_submit.py:634} INFO - at org.apache.spark.util.ThreadUtils$.awaitResult(ThreadUtils.scala:322)
[2024-12-17T23:25:29.208+0000] {spark_submit.py:634} INFO - at org.apache.spark.rpc.RpcTimeout.awaitResult(RpcTimeout.scala:75)
[2024-12-17T23:25:29.209+0000] {spark_submit.py:634} INFO - at org.apache.spark.rpc.RpcEnv.setupEndpointRefByURI(RpcEnv.scala:102)
[2024-12-17T23:25:29.210+0000] {spark_submit.py:634} INFO - at org.apache.spark.rpc.RpcEnv.setupEndpointRef(RpcEnv.scala:110)
[2024-12-17T23:25:29.210+0000] {spark_submit.py:634} INFO - at org.apache.spark.deploy.client.StandaloneAppClient$ClientEndpoint$$anon$1.run(StandaloneAppClient.scala:108)
[2024-12-17T23:25:29.211+0000] {spark_submit.py:634} INFO - at java.base/java.util.concurrent.Executors$RunnableAdapter.call(Executors.java:515)
[2024-12-17T23:25:29.211+0000] {spark_submit.py:634} INFO - at java.base/java.util.concurrent.FutureTask.run(FutureTask.java:264)
[2024-12-17T23:25:29.212+0000] {spark_submit.py:634} INFO - at java.base/java.util.concurrent.ThreadPoolExecutor.runWorker(ThreadPoolExecutor.java:1128)
[2024-12-17T23:25:29.212+0000] {spark_submit.py:634} INFO - at java.base/java.util.concurrent.ThreadPoolExecutor$Worker.run(ThreadPoolExecutor.java:628)
[2024-12-17T23:25:29.213+0000] {spark_submit.py:634} INFO - at java.base/java.lang.Thread.run(Thread.java:829)
[2024-12-17T23:25:29.213+0000] {spark_submit.py:634} INFO - Caused by: java.io.IOException: Failed to connect to spark-master-1:7077
[2024-12-17T23:25:29.214+0000] {spark_submit.py:634} INFO - at org.apache.spark.network.client.TransportClientFactory.createClient(TransportClientFactory.java:284)
[2024-12-17T23:25:29.214+0000] {spark_submit.py:634} INFO - at org.apache.spark.network.client.TransportClientFactory.createClient(TransportClientFactory.java:214)
[2024-12-17T23:25:29.215+0000] {spark_submit.py:634} INFO - at org.apache.spark.network.client.TransportClientFactory.createClient(TransportClientFactory.java:226)
[2024-12-17T23:25:29.215+0000] {spark_submit.py:634} INFO - at org.apache.spark.rpc.netty.NettyRpcEnv.createClient(NettyRpcEnv.scala:204)
[2024-12-17T23:25:29.215+0000] {spark_submit.py:634} INFO - at org.apache.spark.rpc.netty.Outbox$$anon$1.call(Outbox.scala:202)
[2024-12-17T23:25:29.216+0000] {spark_submit.py:634} INFO - at org.apache.spark.rpc.netty.Outbox$$anon$1.call(Outbox.scala:198)
[2024-12-17T23:25:29.216+0000] {spark_submit.py:634} INFO - ... 4 more
[2024-12-17T23:25:29.216+0000] {spark_submit.py:634} INFO - Caused by: java.net.UnknownHostException: spark-master-1
[2024-12-17T23:25:29.216+0000] {spark_submit.py:634} INFO - at java.base/java.net.InetAddress$CachedAddresses.get(InetAddress.java:797)
[2024-12-17T23:25:29.217+0000] {spark_submit.py:634} INFO - at java.base/java.net.InetAddress.getAllByName0(InetAddress.java:1533)
[2024-12-17T23:25:29.217+0000] {spark_submit.py:634} INFO - at java.base/java.net.InetAddress.getAllByName(InetAddress.java:1386)
[2024-12-17T23:25:29.217+0000] {spark_submit.py:634} INFO - at java.base/java.net.InetAddress.getAllByName(InetAddress.java:1307)
[2024-12-17T23:25:29.217+0000] {spark_submit.py:634} INFO - at java.base/java.net.InetAddress.getByName(InetAddress.java:1257)
[2024-12-17T23:25:29.218+0000] {spark_submit.py:634} INFO - at io.netty.util.internal.SocketUtils$8.run(SocketUtils.java:156)
[2024-12-17T23:25:29.218+0000] {spark_submit.py:634} INFO - at io.netty.util.internal.SocketUtils$8.run(SocketUtils.java:153)
[2024-12-17T23:25:29.218+0000] {spark_submit.py:634} INFO - at java.base/java.security.AccessController.doPrivileged(Native Method)
[2024-12-17T23:25:29.218+0000] {spark_submit.py:634} INFO - at io.netty.util.internal.SocketUtils.addressByName(SocketUtils.java:153)
[2024-12-17T23:25:29.219+0000] {spark_submit.py:634} INFO - at io.netty.resolver.DefaultNameResolver.doResolve(DefaultNameResolver.java:41)
[2024-12-17T23:25:29.219+0000] {spark_submit.py:634} INFO - at io.netty.resolver.SimpleNameResolver.resolve(SimpleNameResolver.java:61)
[2024-12-17T23:25:29.219+0000] {spark_submit.py:634} INFO - at io.netty.resolver.SimpleNameResolver.resolve(SimpleNameResolver.java:53)
[2024-12-17T23:25:29.219+0000] {spark_submit.py:634} INFO - at io.netty.resolver.InetSocketAddressResolver.doResolve(InetSocketAddressResolver.java:55)
[2024-12-17T23:25:29.220+0000] {spark_submit.py:634} INFO - at io.netty.resolver.InetSocketAddressResolver.doResolve(InetSocketAddressResolver.java:31)
[2024-12-17T23:25:29.220+0000] {spark_submit.py:634} INFO - at io.netty.resolver.AbstractAddressResolver.resolve(AbstractAddressResolver.java:106)
[2024-12-17T23:25:29.220+0000] {spark_submit.py:634} INFO - at io.netty.bootstrap.Bootstrap.doResolveAndConnect0(Bootstrap.java:206)
[2024-12-17T23:25:29.221+0000] {spark_submit.py:634} INFO - at io.netty.bootstrap.Bootstrap.access$000(Bootstrap.java:46)
[2024-12-17T23:25:29.221+0000] {spark_submit.py:634} INFO - at io.netty.bootstrap.Bootstrap$1.operationComplete(Bootstrap.java:180)
[2024-12-17T23:25:29.221+0000] {spark_submit.py:634} INFO - at io.netty.bootstrap.Bootstrap$1.operationComplete(Bootstrap.java:166)
[2024-12-17T23:25:29.221+0000] {spark_submit.py:634} INFO - at io.netty.util.concurrent.DefaultPromise.notifyListener0(DefaultPromise.java:590)
[2024-12-17T23:25:29.222+0000] {spark_submit.py:634} INFO - at io.netty.util.concurrent.DefaultPromise.notifyListenersNow(DefaultPromise.java:557)
[2024-12-17T23:25:29.222+0000] {spark_submit.py:634} INFO - at io.netty.util.concurrent.DefaultPromise.notifyListeners(DefaultPromise.java:492)
[2024-12-17T23:25:29.222+0000] {spark_submit.py:634} INFO - at io.netty.util.concurrent.DefaultPromise.setValue0(DefaultPromise.java:636)
[2024-12-17T23:25:29.222+0000] {spark_submit.py:634} INFO - at io.netty.util.concurrent.DefaultPromise.setSuccess0(DefaultPromise.java:625)
[2024-12-17T23:25:29.223+0000] {spark_submit.py:634} INFO - at io.netty.util.concurrent.DefaultPromise.trySuccess(DefaultPromise.java:105)
[2024-12-17T23:25:29.223+0000] {spark_submit.py:634} INFO - at io.netty.channel.DefaultChannelPromise.trySuccess(DefaultChannelPromise.java:84)
[2024-12-17T23:25:29.223+0000] {spark_submit.py:634} INFO - at io.netty.channel.AbstractChannel$AbstractUnsafe.safeSetSuccess(AbstractChannel.java:990)
[2024-12-17T23:25:29.223+0000] {spark_submit.py:634} INFO - at io.netty.channel.AbstractChannel$AbstractUnsafe.register0(AbstractChannel.java:516)
[2024-12-17T23:25:29.223+0000] {spark_submit.py:634} INFO - at io.netty.channel.AbstractChannel$AbstractUnsafe.access$200(AbstractChannel.java:429)
[2024-12-17T23:25:29.224+0000] {spark_submit.py:634} INFO - at io.netty.channel.AbstractChannel$AbstractUnsafe$1.run(AbstractChannel.java:486)
[2024-12-17T23:25:29.224+0000] {spark_submit.py:634} INFO - at io.netty.util.concurrent.AbstractEventExecutor.runTask(AbstractEventExecutor.java:174)
[2024-12-17T23:25:29.224+0000] {spark_submit.py:634} INFO - at io.netty.util.concurrent.AbstractEventExecutor.safeExecute(AbstractEventExecutor.java:167)
[2024-12-17T23:25:29.224+0000] {spark_submit.py:634} INFO - at io.netty.util.concurrent.SingleThreadEventExecutor.runAllTasks(SingleThreadEventExecutor.java:470)
[2024-12-17T23:25:29.225+0000] {spark_submit.py:634} INFO - at io.netty.channel.nio.NioEventLoop.run(NioEventLoop.java:569)
[2024-12-17T23:25:29.225+0000] {spark_submit.py:634} INFO - at io.netty.util.concurrent.SingleThreadEventExecutor$4.run(SingleThreadEventExecutor.java:997)
[2024-12-17T23:25:29.226+0000] {spark_submit.py:634} INFO - at io.netty.util.internal.ThreadExecutorMap$2.run(ThreadExecutorMap.java:74)
[2024-12-17T23:25:29.226+0000] {spark_submit.py:634} INFO - at io.netty.util.concurrent.FastThreadLocalRunnable.run(FastThreadLocalRunnable.java:30)
[2024-12-17T23:25:29.226+0000] {spark_submit.py:634} INFO - ... 1 more
[2024-12-17T23:25:45.465+0000] {spark_submit.py:634} INFO - 24/12/17 23:25:45 ERROR StandaloneSchedulerBackend: Application has been killed. Reason: All masters are unresponsive! Giving up.
[2024-12-17T23:25:45.466+0000] {spark_submit.py:634} INFO - 24/12/17 23:25:45 WARN StandaloneSchedulerBackend: Application ID is not initialized yet.
[2024-12-17T23:25:45.479+0000] {spark_submit.py:634} INFO - 24/12/17 23:25:45 INFO Utils: Successfully started service 'org.apache.spark.network.netty.NettyBlockTransferService' on port 34091.
[2024-12-17T23:25:45.481+0000] {spark_submit.py:634} INFO - 24/12/17 23:25:45 INFO NettyBlockTransferService: Server created on 0d65af53af6d:34091
[2024-12-17T23:25:45.483+0000] {spark_submit.py:634} INFO - 24/12/17 23:25:45 INFO BlockManager: Using org.apache.spark.storage.RandomBlockReplicationPolicy for block replication policy
[2024-12-17T23:25:45.493+0000] {spark_submit.py:634} INFO - 24/12/17 23:25:45 INFO BlockManagerMaster: Registering BlockManager BlockManagerId(driver, 0d65af53af6d, 34091, None)
[2024-12-17T23:25:45.498+0000] {spark_submit.py:634} INFO - 24/12/17 23:25:45 INFO BlockManagerMasterEndpoint: Registering block manager 0d65af53af6d:34091 with 434.4 MiB RAM, BlockManagerId(driver, 0d65af53af6d, 34091, None)
[2024-12-17T23:25:45.501+0000] {spark_submit.py:634} INFO - 24/12/17 23:25:45 INFO BlockManagerMaster: Registered BlockManager BlockManagerId(driver, 0d65af53af6d, 34091, None)
[2024-12-17T23:25:45.503+0000] {spark_submit.py:634} INFO - 24/12/17 23:25:45 INFO BlockManager: Initialized BlockManager: BlockManagerId(driver, 0d65af53af6d, 34091, None)
[2024-12-17T23:25:45.768+0000] {spark_submit.py:634} INFO - 24/12/17 23:25:45 INFO StandaloneSchedulerBackend: SchedulerBackend is ready for scheduling beginning after reached minRegisteredResourcesRatio: 0.0
[2024-12-17T23:25:46.099+0000] {spark_submit.py:634} INFO - 24/12/17 23:25:46 INFO SparkContext: SparkContext is stopping with exitCode 0.
[2024-12-17T23:25:46.109+0000] {spark_submit.py:634} INFO - 24/12/17 23:25:46 INFO SparkUI: Stopped Spark web UI at http://0d65af53af6d:4041
[2024-12-17T23:25:46.117+0000] {spark_submit.py:634} INFO - 24/12/17 23:25:46 INFO StandaloneSchedulerBackend: Shutting down all executors
[2024-12-17T23:25:46.123+0000] {spark_submit.py:634} INFO - 24/12/17 23:25:46 INFO StandaloneSchedulerBackend$StandaloneDriverEndpoint: Asking each executor to shut down
[2024-12-17T23:25:46.138+0000] {spark_submit.py:634} INFO - 24/12/17 23:25:46 WARN StandaloneAppClient$ClientEndpoint: Drop UnregisterApplication(null) because has not yet connected to master
[2024-12-17T23:25:46.155+0000] {spark_submit.py:634} INFO - 24/12/17 23:25:46 INFO MapOutputTrackerMasterEndpoint: MapOutputTrackerMasterEndpoint stopped!
[2024-12-17T23:25:46.174+0000] {spark_submit.py:634} INFO - 24/12/17 23:25:46 INFO MemoryStore: MemoryStore cleared
[2024-12-17T23:25:46.175+0000] {spark_submit.py:634} INFO - 24/12/17 23:25:46 INFO BlockManager: BlockManager stopped
[2024-12-17T23:25:46.182+0000] {spark_submit.py:634} INFO - 24/12/17 23:25:46 INFO BlockManagerMaster: BlockManagerMaster stopped
[2024-12-17T23:25:46.185+0000] {spark_submit.py:634} INFO - 24/12/17 23:25:46 INFO OutputCommitCoordinator$OutputCommitCoordinatorEndpoint: OutputCommitCoordinator stopped!
[2024-12-17T23:25:46.199+0000] {spark_submit.py:634} INFO - 24/12/17 23:25:46 INFO SparkContext: Successfully stopped SparkContext
[2024-12-17T23:25:46.280+0000] {spark_submit.py:634} INFO - Traceback (most recent call last):
[2024-12-17T23:25:46.280+0000] {spark_submit.py:634} INFO - File "/opt/***/jobs/python/wordcountjob.py", line 14, in <module>
[2024-12-17T23:25:46.282+0000] {spark_submit.py:634} INFO - for wc in wordCounts.collect():
[2024-12-17T23:25:46.282+0000] {spark_submit.py:634} INFO - ^^^^^^^^^^^^^^^^^^^^
[2024-12-17T23:25:46.283+0000] {spark_submit.py:634} INFO - File "/home/***/.local/lib/python3.11/site-packages/pyspark/python/lib/pyspark.zip/pyspark/rdd.py", line 1814, in collect
[2024-12-17T23:25:46.284+0000] {spark_submit.py:634} INFO - File "/home/***/.local/lib/python3.11/site-packages/pyspark/python/lib/py4j-0.10.9.7-src.zip/py4j/java_gateway.py", line 1322, in __call__
[2024-12-17T23:25:46.284+0000] {spark_submit.py:634} INFO - File "/home/***/.local/lib/python3.11/site-packages/pyspark/python/lib/pyspark.zip/pyspark/errors/exceptions/captured.py", line 169, in deco
[2024-12-17T23:25:46.285+0000] {spark_submit.py:634} INFO - File "/home/***/.local/lib/python3.11/site-packages/pyspark/python/lib/py4j-0.10.9.7-src.zip/py4j/protocol.py", line 326, in get_return_value
[2024-12-17T23:25:46.286+0000] {spark_submit.py:634} INFO - py4j.protocol.Py4JJavaError: An error occurred while calling z:org.apache.spark.api.python.PythonRDD.collectAndServe.
[2024-12-17T23:25:46.287+0000] {spark_submit.py:634} INFO - : java.lang.IllegalStateException: SparkContext has been shutdown
[2024-12-17T23:25:46.287+0000] {spark_submit.py:634} INFO - at org.apache.spark.SparkContext.runJob(SparkContext.scala:2255)
[2024-12-17T23:25:46.288+0000] {spark_submit.py:634} INFO - at org.apache.spark.SparkContext.runJob(SparkContext.scala:2284)
[2024-12-17T23:25:46.289+0000] {spark_submit.py:634} INFO - at org.apache.spark.SparkContext.runJob(SparkContext.scala:2303)
[2024-12-17T23:25:46.289+0000] {spark_submit.py:634} INFO - at org.apache.spark.SparkContext.runJob(SparkContext.scala:2328)
[2024-12-17T23:25:46.290+0000] {spark_submit.py:634} INFO - at org.apache.spark.rdd.RDD.$anonfun$collect$1(RDD.scala:1019)
[2024-12-17T23:25:46.290+0000] {spark_submit.py:634} INFO - at org.apache.spark.rdd.RDDOperationScope$.withScope(RDDOperationScope.scala:151)
[2024-12-17T23:25:46.291+0000] {spark_submit.py:634} INFO - at org.apache.spark.rdd.RDDOperationScope$.withScope(RDDOperationScope.scala:112)
[2024-12-17T23:25:46.292+0000] {spark_submit.py:634} INFO - at org.apache.spark.rdd.RDD.withScope(RDD.scala:405)
[2024-12-17T23:25:46.292+0000] {spark_submit.py:634} INFO - at org.apache.spark.rdd.RDD.collect(RDD.scala:1018)
[2024-12-17T23:25:46.293+0000] {spark_submit.py:634} INFO - at org.apache.spark.api.python.PythonRDD$.collectAndServe(PythonRDD.scala:193)
[2024-12-17T23:25:46.293+0000] {spark_submit.py:634} INFO - at org.apache.spark.api.python.PythonRDD.collectAndServe(PythonRDD.scala)
[2024-12-17T23:25:46.294+0000] {spark_submit.py:634} INFO - at java.base/jdk.internal.reflect.NativeMethodAccessorImpl.invoke0(Native Method)
[2024-12-17T23:25:46.294+0000] {spark_submit.py:634} INFO - at java.base/jdk.internal.reflect.NativeMethodAccessorImpl.invoke(NativeMethodAccessorImpl.java:62)
[2024-12-17T23:25:46.295+0000] {spark_submit.py:634} INFO - at java.base/jdk.internal.reflect.DelegatingMethodAccessorImpl.invoke(DelegatingMethodAccessorImpl.java:43)
[2024-12-17T23:25:46.295+0000] {spark_submit.py:634} INFO - at java.base/java.lang.reflect.Method.invoke(Method.java:566)
[2024-12-17T23:25:46.296+0000] {spark_submit.py:634} INFO - at py4j.reflection.MethodInvoker.invoke(MethodInvoker.java:244)
[2024-12-17T23:25:46.296+0000] {spark_submit.py:634} INFO - at py4j.reflection.ReflectionEngine.invoke(ReflectionEngine.java:374)
[2024-12-17T23:25:46.297+0000] {spark_submit.py:634} INFO - at py4j.Gateway.invoke(Gateway.java:282)
[2024-12-17T23:25:46.297+0000] {spark_submit.py:634} INFO - at py4j.commands.AbstractCommand.invokeMethod(AbstractCommand.java:132)
[2024-12-17T23:25:46.298+0000] {spark_submit.py:634} INFO - at py4j.commands.CallCommand.execute(CallCommand.java:79)
[2024-12-17T23:25:46.298+0000] {spark_submit.py:634} INFO - at py4j.ClientServerConnection.waitForCommands(ClientServerConnection.java:182)
[2024-12-17T23:25:46.299+0000] {spark_submit.py:634} INFO - at py4j.ClientServerConnection.run(ClientServerConnection.java:106)
[2024-12-17T23:25:46.299+0000] {spark_submit.py:634} INFO - at java.base/java.lang.Thread.run(Thread.java:829)
[2024-12-17T23:25:46.300+0000] {spark_submit.py:634} INFO - 
[2024-12-17T23:25:46.335+0000] {spark_submit.py:634} INFO - 24/12/17 23:25:46 INFO ShutdownHookManager: Shutdown hook called
[2024-12-17T23:25:46.336+0000] {spark_submit.py:634} INFO - 24/12/17 23:25:46 INFO ShutdownHookManager: Deleting directory /tmp/spark-e5913782-f7ff-4a40-8ec2-64e3163fcb29/pyspark-1ea55e6a-9b27-499e-bda0-1c1645aa576a
[2024-12-17T23:25:46.339+0000] {spark_submit.py:634} INFO - 24/12/17 23:25:46 INFO ShutdownHookManager: Deleting directory /tmp/spark-e5913782-f7ff-4a40-8ec2-64e3163fcb29
[2024-12-17T23:25:46.343+0000] {spark_submit.py:634} INFO - 24/12/17 23:25:46 INFO ShutdownHookManager: Deleting directory /tmp/spark-eb756a96-d3cb-490f-91eb-0c2755121a6b
[2024-12-17T23:25:46.402+0000] {taskinstance.py:3311} ERROR - Task failed with exception
Traceback (most recent call last):
  File "/home/airflow/.local/lib/python3.11/site-packages/airflow/models/taskinstance.py", line 767, in _execute_task
    result = _execute_callable(context=context, **execute_callable_kwargs)
             ^^^^^^^^^^^^^^^^^^^^^^^^^^^^^^^^^^^^^^^^^^^^^^^^^^^^^^^^^^^^^
  File "/home/airflow/.local/lib/python3.11/site-packages/airflow/models/taskinstance.py", line 733, in _execute_callable
    return ExecutionCallableRunner(
           ^^^^^^^^^^^^^^^^^^^^^^^^
  File "/home/airflow/.local/lib/python3.11/site-packages/airflow/utils/operator_helpers.py", line 252, in run
    return self.func(*args, **kwargs)
           ^^^^^^^^^^^^^^^^^^^^^^^^^^
  File "/home/airflow/.local/lib/python3.11/site-packages/airflow/models/baseoperator.py", line 422, in wrapper
    return func(self, *args, **kwargs)
           ^^^^^^^^^^^^^^^^^^^^^^^^^^^
  File "/home/airflow/.local/lib/python3.11/site-packages/airflow/providers/apache/spark/operators/spark_submit.py", line 176, in execute
    self._hook.submit(self.application)
  File "/home/airflow/.local/lib/python3.11/site-packages/airflow/providers/apache/spark/hooks/spark_submit.py", line 560, in submit
    raise AirflowException(
airflow.exceptions.AirflowException: Cannot execute: spark-submit --master spark://spark-master-1:7077 --name arrow-spark --verbose --deploy-mode client /opt/***/jobs/python/wordcountjob.py. Error code is: 1.
[2024-12-17T23:25:46.422+0000] {taskinstance.py:1225} INFO - Marking task as UP_FOR_RETRY. dag_id=pyspark_job_dag, task_id=spark_submit_task, run_id=manual__2024-12-17T23:24:38.614907+00:00, execution_date=20241217T232438, start_date=20241217T232440, end_date=20241217T232546
[2024-12-17T23:25:46.460+0000] {taskinstance.py:340} INFO - ::group::Post task execution logs
[2024-12-17T23:25:46.461+0000] {standard_task_runner.py:124} ERROR - Failed to execute job 77 for task spark_submit_task (Cannot execute: spark-submit --master spark://spark-master-1:7077 --name arrow-spark --verbose --deploy-mode client /opt/***/jobs/python/wordcountjob.py. Error code is: 1.; 767)
Traceback (most recent call last):
  File "/home/airflow/.local/lib/python3.11/site-packages/airflow/task/task_runner/standard_task_runner.py", line 117, in _start_by_fork
    ret = args.func(args, dag=self.dag)
          ^^^^^^^^^^^^^^^^^^^^^^^^^^^^^
  File "/home/airflow/.local/lib/python3.11/site-packages/airflow/cli/cli_config.py", line 49, in command
    return func(*args, **kwargs)
           ^^^^^^^^^^^^^^^^^^^^^
  File "/home/airflow/.local/lib/python3.11/site-packages/airflow/utils/cli.py", line 116, in wrapper
    return f(*args, **kwargs)
           ^^^^^^^^^^^^^^^^^^
  File "/home/airflow/.local/lib/python3.11/site-packages/airflow/cli/commands/task_command.py", line 483, in task_run
    task_return_code = _run_task_by_selected_method(args, _dag, ti)
                       ^^^^^^^^^^^^^^^^^^^^^^^^^^^^^^^^^^^^^^^^^^^^
  File "/home/airflow/.local/lib/python3.11/site-packages/airflow/cli/commands/task_command.py", line 256, in _run_task_by_selected_method
    return _run_raw_task(args, ti)
           ^^^^^^^^^^^^^^^^^^^^^^^
  File "/home/airflow/.local/lib/python3.11/site-packages/airflow/cli/commands/task_command.py", line 341, in _run_raw_task
    return ti._run_raw_task(
           ^^^^^^^^^^^^^^^^^
  File "/home/airflow/.local/lib/python3.11/site-packages/airflow/utils/session.py", line 97, in wrapper
    return func(*args, session=session, **kwargs)
           ^^^^^^^^^^^^^^^^^^^^^^^^^^^^^^^^^^^^^^
  File "/home/airflow/.local/lib/python3.11/site-packages/airflow/models/taskinstance.py", line 3005, in _run_raw_task
    return _run_raw_task(
           ^^^^^^^^^^^^^^
  File "/home/airflow/.local/lib/python3.11/site-packages/airflow/models/taskinstance.py", line 273, in _run_raw_task
    TaskInstance._execute_task_with_callbacks(
  File "/home/airflow/.local/lib/python3.11/site-packages/airflow/models/taskinstance.py", line 3159, in _execute_task_with_callbacks
    result = self._execute_task(context, task_orig)
             ^^^^^^^^^^^^^^^^^^^^^^^^^^^^^^^^^^^^^^
  File "/home/airflow/.local/lib/python3.11/site-packages/airflow/models/taskinstance.py", line 3183, in _execute_task
    return _execute_task(self, context, task_orig)
           ^^^^^^^^^^^^^^^^^^^^^^^^^^^^^^^^^^^^^^^
  File "/home/airflow/.local/lib/python3.11/site-packages/airflow/models/taskinstance.py", line 767, in _execute_task
    result = _execute_callable(context=context, **execute_callable_kwargs)
             ^^^^^^^^^^^^^^^^^^^^^^^^^^^^^^^^^^^^^^^^^^^^^^^^^^^^^^^^^^^^^
  File "/home/airflow/.local/lib/python3.11/site-packages/airflow/models/taskinstance.py", line 733, in _execute_callable
    return ExecutionCallableRunner(
           ^^^^^^^^^^^^^^^^^^^^^^^^
  File "/home/airflow/.local/lib/python3.11/site-packages/airflow/utils/operator_helpers.py", line 252, in run
    return self.func(*args, **kwargs)
           ^^^^^^^^^^^^^^^^^^^^^^^^^^
  File "/home/airflow/.local/lib/python3.11/site-packages/airflow/models/baseoperator.py", line 422, in wrapper
    return func(self, *args, **kwargs)
           ^^^^^^^^^^^^^^^^^^^^^^^^^^^
  File "/home/airflow/.local/lib/python3.11/site-packages/airflow/providers/apache/spark/operators/spark_submit.py", line 176, in execute
    self._hook.submit(self.application)
  File "/home/airflow/.local/lib/python3.11/site-packages/airflow/providers/apache/spark/hooks/spark_submit.py", line 560, in submit
    raise AirflowException(
airflow.exceptions.AirflowException: Cannot execute: spark-submit --master spark://spark-master-1:7077 --name arrow-spark --verbose --deploy-mode client /opt/***/jobs/python/wordcountjob.py. Error code is: 1.
[2024-12-17T23:25:46.504+0000] {local_task_job_runner.py:266} INFO - Task exited with return code 1
[2024-12-17T23:25:46.524+0000] {taskinstance.py:3895} INFO - 0 downstream tasks scheduled from follow-on schedule check
[2024-12-17T23:25:46.533+0000] {local_task_job_runner.py:245} INFO - ::endgroup::
