[2024-12-17T23:30:47.106+0000] {local_task_job_runner.py:123} INFO - ::group::Pre task execution logs
[2024-12-17T23:30:47.125+0000] {taskinstance.py:2613} INFO - Dependencies all met for dep_context=non-requeueable deps ti=<TaskInstance: pyspark_job_dag.spark_submit_task manual__2024-12-17T23:24:38.614907+00:00 [queued]>
[2024-12-17T23:30:47.135+0000] {taskinstance.py:2613} INFO - Dependencies all met for dep_context=requeueable deps ti=<TaskInstance: pyspark_job_dag.spark_submit_task manual__2024-12-17T23:24:38.614907+00:00 [queued]>
[2024-12-17T23:30:47.137+0000] {taskinstance.py:2866} INFO - Starting attempt 2 of 3
[2024-12-17T23:30:47.151+0000] {taskinstance.py:2889} INFO - Executing <Task(SparkSubmitOperator): spark_submit_task> on 2024-12-17 23:24:38.614907+00:00
[2024-12-17T23:30:47.158+0000] {standard_task_runner.py:72} INFO - Started process 1037 to run task
[2024-12-17T23:30:47.163+0000] {standard_task_runner.py:104} INFO - Running: ['***', 'tasks', 'run', 'pyspark_job_dag', 'spark_submit_task', 'manual__2024-12-17T23:24:38.614907+00:00', '--job-id', '78', '--raw', '--subdir', 'DAGS_FOLDER/spark_***.py', '--cfg-path', '/tmp/tmpd1wje0xm']
[2024-12-17T23:30:47.170+0000] {standard_task_runner.py:105} INFO - Job 78: Subtask spark_submit_task
[2024-12-17T23:30:47.227+0000] {task_command.py:467} INFO - Running <TaskInstance: pyspark_job_dag.spark_submit_task manual__2024-12-17T23:24:38.614907+00:00 [running]> on host 0d65af53af6d
[2024-12-17T23:30:47.349+0000] {taskinstance.py:3132} INFO - Exporting env vars: AIRFLOW_CTX_DAG_OWNER='Haris Syd' AIRFLOW_CTX_DAG_ID='pyspark_job_dag' AIRFLOW_CTX_TASK_ID='spark_submit_task' AIRFLOW_CTX_EXECUTION_DATE='2024-12-17T23:24:38.614907+00:00' AIRFLOW_CTX_TRY_NUMBER='2' AIRFLOW_CTX_DAG_RUN_ID='manual__2024-12-17T23:24:38.614907+00:00'
[2024-12-17T23:30:47.351+0000] {taskinstance.py:731} INFO - ::endgroup::
[2024-12-17T23:30:47.379+0000] {base.py:84} INFO - Retrieving connection 'spark_conn'
[2024-12-17T23:30:47.381+0000] {spark_submit.py:473} INFO - Spark-Submit cmd: spark-submit --master spark://spark-master-1:7077 --name arrow-spark --verbose --deploy-mode client /opt/***/jobs/python/wordcountjob.py
[2024-12-17T23:30:48.904+0000] {spark_submit.py:634} INFO - Using properties file: null
[2024-12-17T23:30:49.023+0000] {spark_submit.py:634} INFO - Parsed arguments:
[2024-12-17T23:30:49.024+0000] {spark_submit.py:634} INFO - master                  spark://spark-master-1:7077
[2024-12-17T23:30:49.024+0000] {spark_submit.py:634} INFO - remote                  null
[2024-12-17T23:30:49.025+0000] {spark_submit.py:634} INFO - deployMode              client
[2024-12-17T23:30:49.026+0000] {spark_submit.py:634} INFO - executorMemory          null
[2024-12-17T23:30:49.026+0000] {spark_submit.py:634} INFO - executorCores           null
[2024-12-17T23:30:49.027+0000] {spark_submit.py:634} INFO - totalExecutorCores      null
[2024-12-17T23:30:49.027+0000] {spark_submit.py:634} INFO - propertiesFile          null
[2024-12-17T23:30:49.028+0000] {spark_submit.py:634} INFO - driverMemory            null
[2024-12-17T23:30:49.029+0000] {spark_submit.py:634} INFO - driverCores             null
[2024-12-17T23:30:49.029+0000] {spark_submit.py:634} INFO - driverExtraClassPath    null
[2024-12-17T23:30:49.030+0000] {spark_submit.py:634} INFO - driverExtraLibraryPath  null
[2024-12-17T23:30:49.030+0000] {spark_submit.py:634} INFO - driverExtraJavaOptions  null
[2024-12-17T23:30:49.030+0000] {spark_submit.py:634} INFO - supervise               false
[2024-12-17T23:30:49.031+0000] {spark_submit.py:634} INFO - queue                   null
[2024-12-17T23:30:49.031+0000] {spark_submit.py:634} INFO - numExecutors            null
[2024-12-17T23:30:49.032+0000] {spark_submit.py:634} INFO - files                   null
[2024-12-17T23:30:49.032+0000] {spark_submit.py:634} INFO - pyFiles                 null
[2024-12-17T23:30:49.033+0000] {spark_submit.py:634} INFO - archives                null
[2024-12-17T23:30:49.033+0000] {spark_submit.py:634} INFO - mainClass               null
[2024-12-17T23:30:49.034+0000] {spark_submit.py:634} INFO - primaryResource         file:/opt/***/jobs/python/wordcountjob.py
[2024-12-17T23:30:49.035+0000] {spark_submit.py:634} INFO - name                    arrow-spark
[2024-12-17T23:30:49.035+0000] {spark_submit.py:634} INFO - childArgs               []
[2024-12-17T23:30:49.036+0000] {spark_submit.py:634} INFO - jars                    null
[2024-12-17T23:30:49.037+0000] {spark_submit.py:634} INFO - packages                null
[2024-12-17T23:30:49.038+0000] {spark_submit.py:634} INFO - packagesExclusions      null
[2024-12-17T23:30:49.038+0000] {spark_submit.py:634} INFO - repositories            null
[2024-12-17T23:30:49.039+0000] {spark_submit.py:634} INFO - verbose                 true
[2024-12-17T23:30:49.039+0000] {spark_submit.py:634} INFO - 
[2024-12-17T23:30:49.040+0000] {spark_submit.py:634} INFO - Spark properties used, including those specified through
[2024-12-17T23:30:49.040+0000] {spark_submit.py:634} INFO - --conf and those from the properties file null:
[2024-12-17T23:30:49.041+0000] {spark_submit.py:634} INFO - 
[2024-12-17T23:30:49.041+0000] {spark_submit.py:634} INFO - 
[2024-12-17T23:30:49.042+0000] {spark_submit.py:634} INFO - 
[2024-12-17T23:30:49.320+0000] {spark_submit.py:634} INFO - Main class:
[2024-12-17T23:30:49.322+0000] {spark_submit.py:634} INFO - org.apache.spark.deploy.PythonRunner
[2024-12-17T23:30:49.323+0000] {spark_submit.py:634} INFO - Arguments:
[2024-12-17T23:30:49.324+0000] {spark_submit.py:634} INFO - file:/opt/***/jobs/python/wordcountjob.py
[2024-12-17T23:30:49.325+0000] {spark_submit.py:634} INFO - null
[2024-12-17T23:30:49.327+0000] {spark_submit.py:634} INFO - Spark config:
[2024-12-17T23:30:49.328+0000] {spark_submit.py:634} INFO - (spark.app.name,arrow-spark)
[2024-12-17T23:30:49.330+0000] {spark_submit.py:634} INFO - (spark.app.submitTime,1734478249303)
[2024-12-17T23:30:49.330+0000] {spark_submit.py:634} INFO - (spark.master,spark://spark-master-1:7077)
[2024-12-17T23:30:49.331+0000] {spark_submit.py:634} INFO - (spark.submit.deployMode,client)
[2024-12-17T23:30:49.332+0000] {spark_submit.py:634} INFO - (spark.submit.pyFiles,)
[2024-12-17T23:30:49.333+0000] {spark_submit.py:634} INFO - Classpath elements:
[2024-12-17T23:30:49.334+0000] {spark_submit.py:634} INFO - 
[2024-12-17T23:30:49.335+0000] {spark_submit.py:634} INFO - 
[2024-12-17T23:30:49.336+0000] {spark_submit.py:634} INFO - 
[2024-12-17T23:30:50.427+0000] {spark_submit.py:634} INFO - 24/12/17 23:30:50 INFO SparkContext: Running Spark version 3.4.1
[2024-12-17T23:30:50.485+0000] {spark_submit.py:634} INFO - 24/12/17 23:30:50 WARN NativeCodeLoader: Unable to load native-hadoop library for your platform... using builtin-java classes where applicable
[2024-12-17T23:30:50.565+0000] {spark_submit.py:634} INFO - 24/12/17 23:30:50 INFO ResourceUtils: ==============================================================
[2024-12-17T23:30:50.566+0000] {spark_submit.py:634} INFO - 24/12/17 23:30:50 INFO ResourceUtils: No custom resources configured for spark.driver.
[2024-12-17T23:30:50.567+0000] {spark_submit.py:634} INFO - 24/12/17 23:30:50 INFO ResourceUtils: ==============================================================
[2024-12-17T23:30:50.568+0000] {spark_submit.py:634} INFO - 24/12/17 23:30:50 INFO SparkContext: Submitted application: PythonWordCount
[2024-12-17T23:30:50.586+0000] {spark_submit.py:634} INFO - 24/12/17 23:30:50 INFO ResourceProfile: Default ResourceProfile created, executor resources: Map(memory -> name: memory, amount: 1024, script: , vendor: , offHeap -> name: offHeap, amount: 0, script: , vendor: ), task resources: Map(cpus -> name: cpus, amount: 1.0)
[2024-12-17T23:30:50.599+0000] {spark_submit.py:634} INFO - 24/12/17 23:30:50 INFO ResourceProfile: Limiting resource is cpu
[2024-12-17T23:30:50.600+0000] {spark_submit.py:634} INFO - 24/12/17 23:30:50 INFO ResourceProfileManager: Added ResourceProfile id: 0
[2024-12-17T23:30:50.640+0000] {spark_submit.py:634} INFO - 24/12/17 23:30:50 INFO SecurityManager: Changing view acls to: ***
[2024-12-17T23:30:50.642+0000] {spark_submit.py:634} INFO - 24/12/17 23:30:50 INFO SecurityManager: Changing modify acls to: ***
[2024-12-17T23:30:50.643+0000] {spark_submit.py:634} INFO - 24/12/17 23:30:50 INFO SecurityManager: Changing view acls groups to:
[2024-12-17T23:30:50.644+0000] {spark_submit.py:634} INFO - 24/12/17 23:30:50 INFO SecurityManager: Changing modify acls groups to:
[2024-12-17T23:30:50.645+0000] {spark_submit.py:634} INFO - 24/12/17 23:30:50 INFO SecurityManager: SecurityManager: authentication disabled; ui acls disabled; users with view permissions: ***; groups with view permissions: EMPTY; users with modify permissions: ***; groups with modify permissions: EMPTY
[2024-12-17T23:30:50.910+0000] {spark_submit.py:634} INFO - 24/12/17 23:30:50 INFO Utils: Successfully started service 'sparkDriver' on port 34923.
[2024-12-17T23:30:50.945+0000] {spark_submit.py:634} INFO - 24/12/17 23:30:50 INFO SparkEnv: Registering MapOutputTracker
[2024-12-17T23:30:50.980+0000] {spark_submit.py:634} INFO - 24/12/17 23:30:50 INFO SparkEnv: Registering BlockManagerMaster
[2024-12-17T23:30:50.999+0000] {spark_submit.py:634} INFO - 24/12/17 23:30:50 INFO BlockManagerMasterEndpoint: Using org.apache.spark.storage.DefaultTopologyMapper for getting topology information
[2024-12-17T23:30:51.000+0000] {spark_submit.py:634} INFO - 24/12/17 23:30:50 INFO BlockManagerMasterEndpoint: BlockManagerMasterEndpoint up
[2024-12-17T23:30:51.003+0000] {spark_submit.py:634} INFO - 24/12/17 23:30:51 INFO SparkEnv: Registering BlockManagerMasterHeartbeat
[2024-12-17T23:30:51.026+0000] {spark_submit.py:634} INFO - 24/12/17 23:30:51 INFO DiskBlockManager: Created local directory at /tmp/blockmgr-f5f502c5-d203-4a63-b0f2-b09a86501a67
[2024-12-17T23:30:51.042+0000] {spark_submit.py:634} INFO - 24/12/17 23:30:51 INFO MemoryStore: MemoryStore started with capacity 434.4 MiB
[2024-12-17T23:30:51.061+0000] {spark_submit.py:634} INFO - 24/12/17 23:30:51 INFO SparkEnv: Registering OutputCommitCoordinator
[2024-12-17T23:30:51.202+0000] {spark_submit.py:634} INFO - 24/12/17 23:30:51 INFO JettyUtils: Start Jetty 0.0.0.0:4040 for SparkUI
[2024-12-17T23:30:51.253+0000] {spark_submit.py:634} INFO - 24/12/17 23:30:51 INFO Utils: Successfully started service 'SparkUI' on port 4040.
[2024-12-17T23:30:51.374+0000] {spark_submit.py:634} INFO - 24/12/17 23:30:51 INFO StandaloneAppClient$ClientEndpoint: Connecting to master spark://spark-master-1:7077...
[2024-12-17T23:30:55.112+0000] {spark_submit.py:634} INFO - 24/12/17 23:30:55 WARN TransportClientFactory: DNS resolution failed for spark-master-1:7077 took 3726 ms
[2024-12-17T23:30:55.138+0000] {spark_submit.py:634} INFO - 24/12/17 23:30:55 WARN StandaloneAppClient$ClientEndpoint: Failed to connect to master spark-master-1:7077
[2024-12-17T23:30:55.139+0000] {spark_submit.py:634} INFO - org.apache.spark.SparkException: Exception thrown in awaitResult:
[2024-12-17T23:30:55.140+0000] {spark_submit.py:634} INFO - at org.apache.spark.util.ThreadUtils$.awaitResult(ThreadUtils.scala:322)
[2024-12-17T23:30:55.141+0000] {spark_submit.py:634} INFO - at org.apache.spark.rpc.RpcTimeout.awaitResult(RpcTimeout.scala:75)
[2024-12-17T23:30:55.142+0000] {spark_submit.py:634} INFO - at org.apache.spark.rpc.RpcEnv.setupEndpointRefByURI(RpcEnv.scala:102)
[2024-12-17T23:30:55.143+0000] {spark_submit.py:634} INFO - at org.apache.spark.rpc.RpcEnv.setupEndpointRef(RpcEnv.scala:110)
[2024-12-17T23:30:55.144+0000] {spark_submit.py:634} INFO - at org.apache.spark.deploy.client.StandaloneAppClient$ClientEndpoint$$anon$1.run(StandaloneAppClient.scala:108)
[2024-12-17T23:30:55.144+0000] {spark_submit.py:634} INFO - at java.base/java.util.concurrent.Executors$RunnableAdapter.call(Executors.java:515)
[2024-12-17T23:30:55.144+0000] {spark_submit.py:634} INFO - at java.base/java.util.concurrent.FutureTask.run(FutureTask.java:264)
[2024-12-17T23:30:55.145+0000] {spark_submit.py:634} INFO - at java.base/java.util.concurrent.ThreadPoolExecutor.runWorker(ThreadPoolExecutor.java:1128)
[2024-12-17T23:30:55.145+0000] {spark_submit.py:634} INFO - at java.base/java.util.concurrent.ThreadPoolExecutor$Worker.run(ThreadPoolExecutor.java:628)
[2024-12-17T23:30:55.145+0000] {spark_submit.py:634} INFO - at java.base/java.lang.Thread.run(Thread.java:829)
[2024-12-17T23:30:55.146+0000] {spark_submit.py:634} INFO - Caused by: java.io.IOException: Failed to connect to spark-master-1:7077
[2024-12-17T23:30:55.146+0000] {spark_submit.py:634} INFO - at org.apache.spark.network.client.TransportClientFactory.createClient(TransportClientFactory.java:284)
[2024-12-17T23:30:55.146+0000] {spark_submit.py:634} INFO - at org.apache.spark.network.client.TransportClientFactory.createClient(TransportClientFactory.java:214)
[2024-12-17T23:30:55.147+0000] {spark_submit.py:634} INFO - at org.apache.spark.network.client.TransportClientFactory.createClient(TransportClientFactory.java:226)
[2024-12-17T23:30:55.147+0000] {spark_submit.py:634} INFO - at org.apache.spark.rpc.netty.NettyRpcEnv.createClient(NettyRpcEnv.scala:204)
[2024-12-17T23:30:55.147+0000] {spark_submit.py:634} INFO - at org.apache.spark.rpc.netty.Outbox$$anon$1.call(Outbox.scala:202)
[2024-12-17T23:30:55.148+0000] {spark_submit.py:634} INFO - at org.apache.spark.rpc.netty.Outbox$$anon$1.call(Outbox.scala:198)
[2024-12-17T23:30:55.148+0000] {spark_submit.py:634} INFO - ... 4 more
[2024-12-17T23:30:55.148+0000] {spark_submit.py:634} INFO - Caused by: java.net.UnknownHostException: spark-master-1
[2024-12-17T23:30:55.149+0000] {spark_submit.py:634} INFO - at java.base/java.net.InetAddress$CachedAddresses.get(InetAddress.java:797)
[2024-12-17T23:30:55.149+0000] {spark_submit.py:634} INFO - at java.base/java.net.InetAddress.getAllByName0(InetAddress.java:1533)
[2024-12-17T23:30:55.149+0000] {spark_submit.py:634} INFO - at java.base/java.net.InetAddress.getAllByName(InetAddress.java:1386)
[2024-12-17T23:30:55.150+0000] {spark_submit.py:634} INFO - at java.base/java.net.InetAddress.getAllByName(InetAddress.java:1307)
[2024-12-17T23:30:55.150+0000] {spark_submit.py:634} INFO - at java.base/java.net.InetAddress.getByName(InetAddress.java:1257)
[2024-12-17T23:30:55.150+0000] {spark_submit.py:634} INFO - at io.netty.util.internal.SocketUtils$8.run(SocketUtils.java:156)
[2024-12-17T23:30:55.151+0000] {spark_submit.py:634} INFO - at io.netty.util.internal.SocketUtils$8.run(SocketUtils.java:153)
[2024-12-17T23:30:55.151+0000] {spark_submit.py:634} INFO - at java.base/java.security.AccessController.doPrivileged(Native Method)
[2024-12-17T23:30:55.151+0000] {spark_submit.py:634} INFO - at io.netty.util.internal.SocketUtils.addressByName(SocketUtils.java:153)
[2024-12-17T23:30:55.151+0000] {spark_submit.py:634} INFO - at io.netty.resolver.DefaultNameResolver.doResolve(DefaultNameResolver.java:41)
[2024-12-17T23:30:55.152+0000] {spark_submit.py:634} INFO - at io.netty.resolver.SimpleNameResolver.resolve(SimpleNameResolver.java:61)
[2024-12-17T23:30:55.152+0000] {spark_submit.py:634} INFO - at io.netty.resolver.SimpleNameResolver.resolve(SimpleNameResolver.java:53)
[2024-12-17T23:30:55.152+0000] {spark_submit.py:634} INFO - at io.netty.resolver.InetSocketAddressResolver.doResolve(InetSocketAddressResolver.java:55)
[2024-12-17T23:30:55.153+0000] {spark_submit.py:634} INFO - at io.netty.resolver.InetSocketAddressResolver.doResolve(InetSocketAddressResolver.java:31)
[2024-12-17T23:30:55.153+0000] {spark_submit.py:634} INFO - at io.netty.resolver.AbstractAddressResolver.resolve(AbstractAddressResolver.java:106)
[2024-12-17T23:30:55.153+0000] {spark_submit.py:634} INFO - at io.netty.bootstrap.Bootstrap.doResolveAndConnect0(Bootstrap.java:206)
[2024-12-17T23:30:55.154+0000] {spark_submit.py:634} INFO - at io.netty.bootstrap.Bootstrap.access$000(Bootstrap.java:46)
[2024-12-17T23:30:55.154+0000] {spark_submit.py:634} INFO - at io.netty.bootstrap.Bootstrap$1.operationComplete(Bootstrap.java:180)
[2024-12-17T23:30:55.155+0000] {spark_submit.py:634} INFO - at io.netty.bootstrap.Bootstrap$1.operationComplete(Bootstrap.java:166)
[2024-12-17T23:30:55.155+0000] {spark_submit.py:634} INFO - at io.netty.util.concurrent.DefaultPromise.notifyListener0(DefaultPromise.java:590)
[2024-12-17T23:30:55.156+0000] {spark_submit.py:634} INFO - at io.netty.util.concurrent.DefaultPromise.notifyListenersNow(DefaultPromise.java:557)
[2024-12-17T23:30:55.156+0000] {spark_submit.py:634} INFO - at io.netty.util.concurrent.DefaultPromise.notifyListeners(DefaultPromise.java:492)
[2024-12-17T23:30:55.156+0000] {spark_submit.py:634} INFO - at io.netty.util.concurrent.DefaultPromise.setValue0(DefaultPromise.java:636)
[2024-12-17T23:30:55.157+0000] {spark_submit.py:634} INFO - at io.netty.util.concurrent.DefaultPromise.setSuccess0(DefaultPromise.java:625)
[2024-12-17T23:30:55.157+0000] {spark_submit.py:634} INFO - at io.netty.util.concurrent.DefaultPromise.trySuccess(DefaultPromise.java:105)
[2024-12-17T23:30:55.157+0000] {spark_submit.py:634} INFO - at io.netty.channel.DefaultChannelPromise.trySuccess(DefaultChannelPromise.java:84)
[2024-12-17T23:30:55.158+0000] {spark_submit.py:634} INFO - at io.netty.channel.AbstractChannel$AbstractUnsafe.safeSetSuccess(AbstractChannel.java:990)
[2024-12-17T23:30:55.158+0000] {spark_submit.py:634} INFO - at io.netty.channel.AbstractChannel$AbstractUnsafe.register0(AbstractChannel.java:516)
[2024-12-17T23:30:55.158+0000] {spark_submit.py:634} INFO - at io.netty.channel.AbstractChannel$AbstractUnsafe.access$200(AbstractChannel.java:429)
[2024-12-17T23:30:55.159+0000] {spark_submit.py:634} INFO - at io.netty.channel.AbstractChannel$AbstractUnsafe$1.run(AbstractChannel.java:486)
[2024-12-17T23:30:55.159+0000] {spark_submit.py:634} INFO - at io.netty.util.concurrent.AbstractEventExecutor.runTask(AbstractEventExecutor.java:174)
[2024-12-17T23:30:55.160+0000] {spark_submit.py:634} INFO - at io.netty.util.concurrent.AbstractEventExecutor.safeExecute(AbstractEventExecutor.java:167)
[2024-12-17T23:30:55.160+0000] {spark_submit.py:634} INFO - at io.netty.util.concurrent.SingleThreadEventExecutor.runAllTasks(SingleThreadEventExecutor.java:470)
[2024-12-17T23:30:55.160+0000] {spark_submit.py:634} INFO - at io.netty.channel.nio.NioEventLoop.run(NioEventLoop.java:569)
[2024-12-17T23:30:55.161+0000] {spark_submit.py:634} INFO - at io.netty.util.concurrent.SingleThreadEventExecutor$4.run(SingleThreadEventExecutor.java:997)
[2024-12-17T23:30:55.161+0000] {spark_submit.py:634} INFO - at io.netty.util.internal.ThreadExecutorMap$2.run(ThreadExecutorMap.java:74)
[2024-12-17T23:30:55.161+0000] {spark_submit.py:634} INFO - at io.netty.util.concurrent.FastThreadLocalRunnable.run(FastThreadLocalRunnable.java:30)
[2024-12-17T23:30:55.162+0000] {spark_submit.py:634} INFO - ... 1 more
[2024-12-17T23:31:11.375+0000] {spark_submit.py:634} INFO - 24/12/17 23:31:11 INFO StandaloneAppClient$ClientEndpoint: Connecting to master spark://spark-master-1:7077...
[2024-12-17T23:31:15.095+0000] {spark_submit.py:634} INFO - 24/12/17 23:31:15 WARN TransportClientFactory: DNS resolution failed for spark-master-1:7077 took 3717 ms
[2024-12-17T23:31:15.100+0000] {spark_submit.py:634} INFO - 24/12/17 23:31:15 WARN StandaloneAppClient$ClientEndpoint: Failed to connect to master spark-master-1:7077
[2024-12-17T23:31:15.102+0000] {spark_submit.py:634} INFO - org.apache.spark.SparkException: Exception thrown in awaitResult:
[2024-12-17T23:31:15.103+0000] {spark_submit.py:634} INFO - at org.apache.spark.util.ThreadUtils$.awaitResult(ThreadUtils.scala:322)
[2024-12-17T23:31:15.103+0000] {spark_submit.py:634} INFO - at org.apache.spark.rpc.RpcTimeout.awaitResult(RpcTimeout.scala:75)
[2024-12-17T23:31:15.104+0000] {spark_submit.py:634} INFO - at org.apache.spark.rpc.RpcEnv.setupEndpointRefByURI(RpcEnv.scala:102)
[2024-12-17T23:31:15.105+0000] {spark_submit.py:634} INFO - at org.apache.spark.rpc.RpcEnv.setupEndpointRef(RpcEnv.scala:110)
[2024-12-17T23:31:15.106+0000] {spark_submit.py:634} INFO - at org.apache.spark.deploy.client.StandaloneAppClient$ClientEndpoint$$anon$1.run(StandaloneAppClient.scala:108)
[2024-12-17T23:31:15.106+0000] {spark_submit.py:634} INFO - at java.base/java.util.concurrent.Executors$RunnableAdapter.call(Executors.java:515)
[2024-12-17T23:31:15.107+0000] {spark_submit.py:634} INFO - at java.base/java.util.concurrent.FutureTask.run(FutureTask.java:264)
[2024-12-17T23:31:15.108+0000] {spark_submit.py:634} INFO - at java.base/java.util.concurrent.ThreadPoolExecutor.runWorker(ThreadPoolExecutor.java:1128)
[2024-12-17T23:31:15.109+0000] {spark_submit.py:634} INFO - at java.base/java.util.concurrent.ThreadPoolExecutor$Worker.run(ThreadPoolExecutor.java:628)
[2024-12-17T23:31:15.110+0000] {spark_submit.py:634} INFO - at java.base/java.lang.Thread.run(Thread.java:829)
[2024-12-17T23:31:15.112+0000] {spark_submit.py:634} INFO - Caused by: java.io.IOException: Failed to connect to spark-master-1:7077
[2024-12-17T23:31:15.112+0000] {spark_submit.py:634} INFO - at org.apache.spark.network.client.TransportClientFactory.createClient(TransportClientFactory.java:284)
[2024-12-17T23:31:15.113+0000] {spark_submit.py:634} INFO - at org.apache.spark.network.client.TransportClientFactory.createClient(TransportClientFactory.java:214)
[2024-12-17T23:31:15.114+0000] {spark_submit.py:634} INFO - at org.apache.spark.network.client.TransportClientFactory.createClient(TransportClientFactory.java:226)
[2024-12-17T23:31:15.115+0000] {spark_submit.py:634} INFO - at org.apache.spark.rpc.netty.NettyRpcEnv.createClient(NettyRpcEnv.scala:204)
[2024-12-17T23:31:15.115+0000] {spark_submit.py:634} INFO - at org.apache.spark.rpc.netty.Outbox$$anon$1.call(Outbox.scala:202)
[2024-12-17T23:31:15.116+0000] {spark_submit.py:634} INFO - at org.apache.spark.rpc.netty.Outbox$$anon$1.call(Outbox.scala:198)
[2024-12-17T23:31:15.116+0000] {spark_submit.py:634} INFO - ... 4 more
[2024-12-17T23:31:15.116+0000] {spark_submit.py:634} INFO - Caused by: java.net.UnknownHostException: spark-master-1
[2024-12-17T23:31:15.117+0000] {spark_submit.py:634} INFO - at java.base/java.net.InetAddress$CachedAddresses.get(InetAddress.java:797)
[2024-12-17T23:31:15.117+0000] {spark_submit.py:634} INFO - at java.base/java.net.InetAddress.getAllByName0(InetAddress.java:1533)
[2024-12-17T23:31:15.118+0000] {spark_submit.py:634} INFO - at java.base/java.net.InetAddress.getAllByName(InetAddress.java:1386)
[2024-12-17T23:31:15.118+0000] {spark_submit.py:634} INFO - at java.base/java.net.InetAddress.getAllByName(InetAddress.java:1307)
[2024-12-17T23:31:15.118+0000] {spark_submit.py:634} INFO - at java.base/java.net.InetAddress.getByName(InetAddress.java:1257)
[2024-12-17T23:31:15.119+0000] {spark_submit.py:634} INFO - at io.netty.util.internal.SocketUtils$8.run(SocketUtils.java:156)
[2024-12-17T23:31:15.119+0000] {spark_submit.py:634} INFO - at io.netty.util.internal.SocketUtils$8.run(SocketUtils.java:153)
[2024-12-17T23:31:15.119+0000] {spark_submit.py:634} INFO - at java.base/java.security.AccessController.doPrivileged(Native Method)
[2024-12-17T23:31:15.120+0000] {spark_submit.py:634} INFO - at io.netty.util.internal.SocketUtils.addressByName(SocketUtils.java:153)
[2024-12-17T23:31:15.120+0000] {spark_submit.py:634} INFO - at io.netty.resolver.DefaultNameResolver.doResolve(DefaultNameResolver.java:41)
[2024-12-17T23:31:15.120+0000] {spark_submit.py:634} INFO - at io.netty.resolver.SimpleNameResolver.resolve(SimpleNameResolver.java:61)
[2024-12-17T23:31:15.121+0000] {spark_submit.py:634} INFO - at io.netty.resolver.SimpleNameResolver.resolve(SimpleNameResolver.java:53)
[2024-12-17T23:31:15.121+0000] {spark_submit.py:634} INFO - at io.netty.resolver.InetSocketAddressResolver.doResolve(InetSocketAddressResolver.java:55)
[2024-12-17T23:31:15.121+0000] {spark_submit.py:634} INFO - at io.netty.resolver.InetSocketAddressResolver.doResolve(InetSocketAddressResolver.java:31)
[2024-12-17T23:31:15.122+0000] {spark_submit.py:634} INFO - at io.netty.resolver.AbstractAddressResolver.resolve(AbstractAddressResolver.java:106)
[2024-12-17T23:31:15.122+0000] {spark_submit.py:634} INFO - at io.netty.bootstrap.Bootstrap.doResolveAndConnect0(Bootstrap.java:206)
[2024-12-17T23:31:15.122+0000] {spark_submit.py:634} INFO - at io.netty.bootstrap.Bootstrap.access$000(Bootstrap.java:46)
[2024-12-17T23:31:15.123+0000] {spark_submit.py:634} INFO - at io.netty.bootstrap.Bootstrap$1.operationComplete(Bootstrap.java:180)
[2024-12-17T23:31:15.123+0000] {spark_submit.py:634} INFO - at io.netty.bootstrap.Bootstrap$1.operationComplete(Bootstrap.java:166)
[2024-12-17T23:31:15.124+0000] {spark_submit.py:634} INFO - at io.netty.util.concurrent.DefaultPromise.notifyListener0(DefaultPromise.java:590)
[2024-12-17T23:31:15.124+0000] {spark_submit.py:634} INFO - at io.netty.util.concurrent.DefaultPromise.notifyListenersNow(DefaultPromise.java:557)
[2024-12-17T23:31:15.124+0000] {spark_submit.py:634} INFO - at io.netty.util.concurrent.DefaultPromise.notifyListeners(DefaultPromise.java:492)
[2024-12-17T23:31:15.125+0000] {spark_submit.py:634} INFO - at io.netty.util.concurrent.DefaultPromise.setValue0(DefaultPromise.java:636)
[2024-12-17T23:31:15.125+0000] {spark_submit.py:634} INFO - at io.netty.util.concurrent.DefaultPromise.setSuccess0(DefaultPromise.java:625)
[2024-12-17T23:31:15.126+0000] {spark_submit.py:634} INFO - at io.netty.util.concurrent.DefaultPromise.trySuccess(DefaultPromise.java:105)
[2024-12-17T23:31:15.126+0000] {spark_submit.py:634} INFO - at io.netty.channel.DefaultChannelPromise.trySuccess(DefaultChannelPromise.java:84)
[2024-12-17T23:31:15.126+0000] {spark_submit.py:634} INFO - at io.netty.channel.AbstractChannel$AbstractUnsafe.safeSetSuccess(AbstractChannel.java:990)
[2024-12-17T23:31:15.127+0000] {spark_submit.py:634} INFO - at io.netty.channel.AbstractChannel$AbstractUnsafe.register0(AbstractChannel.java:516)
[2024-12-17T23:31:15.127+0000] {spark_submit.py:634} INFO - at io.netty.channel.AbstractChannel$AbstractUnsafe.access$200(AbstractChannel.java:429)
[2024-12-17T23:31:15.128+0000] {spark_submit.py:634} INFO - at io.netty.channel.AbstractChannel$AbstractUnsafe$1.run(AbstractChannel.java:486)
[2024-12-17T23:31:15.128+0000] {spark_submit.py:634} INFO - at io.netty.util.concurrent.AbstractEventExecutor.runTask(AbstractEventExecutor.java:174)
[2024-12-17T23:31:15.128+0000] {spark_submit.py:634} INFO - at io.netty.util.concurrent.AbstractEventExecutor.safeExecute(AbstractEventExecutor.java:167)
[2024-12-17T23:31:15.129+0000] {spark_submit.py:634} INFO - at io.netty.util.concurrent.SingleThreadEventExecutor.runAllTasks(SingleThreadEventExecutor.java:470)
[2024-12-17T23:31:15.129+0000] {spark_submit.py:634} INFO - at io.netty.channel.nio.NioEventLoop.run(NioEventLoop.java:569)
[2024-12-17T23:31:15.130+0000] {spark_submit.py:634} INFO - at io.netty.util.concurrent.SingleThreadEventExecutor$4.run(SingleThreadEventExecutor.java:997)
[2024-12-17T23:31:15.130+0000] {spark_submit.py:634} INFO - at io.netty.util.internal.ThreadExecutorMap$2.run(ThreadExecutorMap.java:74)
[2024-12-17T23:31:15.131+0000] {spark_submit.py:634} INFO - at io.netty.util.concurrent.FastThreadLocalRunnable.run(FastThreadLocalRunnable.java:30)
[2024-12-17T23:31:15.131+0000] {spark_submit.py:634} INFO - ... 1 more
[2024-12-17T23:31:31.379+0000] {spark_submit.py:634} INFO - 24/12/17 23:31:31 INFO StandaloneAppClient$ClientEndpoint: Connecting to master spark://spark-master-1:7077...
[2024-12-17T23:31:35.105+0000] {spark_submit.py:634} INFO - 24/12/17 23:31:35 WARN TransportClientFactory: DNS resolution failed for spark-master-1:7077 took 3721 ms
[2024-12-17T23:31:35.113+0000] {spark_submit.py:634} INFO - 24/12/17 23:31:35 WARN StandaloneAppClient$ClientEndpoint: Failed to connect to master spark-master-1:7077
[2024-12-17T23:31:35.114+0000] {spark_submit.py:634} INFO - org.apache.spark.SparkException: Exception thrown in awaitResult:
[2024-12-17T23:31:35.115+0000] {spark_submit.py:634} INFO - at org.apache.spark.util.ThreadUtils$.awaitResult(ThreadUtils.scala:322)
[2024-12-17T23:31:35.116+0000] {spark_submit.py:634} INFO - at org.apache.spark.rpc.RpcTimeout.awaitResult(RpcTimeout.scala:75)
[2024-12-17T23:31:35.117+0000] {spark_submit.py:634} INFO - at org.apache.spark.rpc.RpcEnv.setupEndpointRefByURI(RpcEnv.scala:102)
[2024-12-17T23:31:35.117+0000] {spark_submit.py:634} INFO - at org.apache.spark.rpc.RpcEnv.setupEndpointRef(RpcEnv.scala:110)
[2024-12-17T23:31:35.118+0000] {spark_submit.py:634} INFO - at org.apache.spark.deploy.client.StandaloneAppClient$ClientEndpoint$$anon$1.run(StandaloneAppClient.scala:108)
[2024-12-17T23:31:35.118+0000] {spark_submit.py:634} INFO - at java.base/java.util.concurrent.Executors$RunnableAdapter.call(Executors.java:515)
[2024-12-17T23:31:35.119+0000] {spark_submit.py:634} INFO - at java.base/java.util.concurrent.FutureTask.run(FutureTask.java:264)
[2024-12-17T23:31:35.119+0000] {spark_submit.py:634} INFO - at java.base/java.util.concurrent.ThreadPoolExecutor.runWorker(ThreadPoolExecutor.java:1128)
[2024-12-17T23:31:35.120+0000] {spark_submit.py:634} INFO - at java.base/java.util.concurrent.ThreadPoolExecutor$Worker.run(ThreadPoolExecutor.java:628)
[2024-12-17T23:31:35.120+0000] {spark_submit.py:634} INFO - at java.base/java.lang.Thread.run(Thread.java:829)
[2024-12-17T23:31:35.121+0000] {spark_submit.py:634} INFO - Caused by: java.io.IOException: Failed to connect to spark-master-1:7077
[2024-12-17T23:31:35.121+0000] {spark_submit.py:634} INFO - at org.apache.spark.network.client.TransportClientFactory.createClient(TransportClientFactory.java:284)
[2024-12-17T23:31:35.122+0000] {spark_submit.py:634} INFO - at org.apache.spark.network.client.TransportClientFactory.createClient(TransportClientFactory.java:214)
[2024-12-17T23:31:35.122+0000] {spark_submit.py:634} INFO - at org.apache.spark.network.client.TransportClientFactory.createClient(TransportClientFactory.java:226)
[2024-12-17T23:31:35.123+0000] {spark_submit.py:634} INFO - at org.apache.spark.rpc.netty.NettyRpcEnv.createClient(NettyRpcEnv.scala:204)
[2024-12-17T23:31:35.123+0000] {spark_submit.py:634} INFO - at org.apache.spark.rpc.netty.Outbox$$anon$1.call(Outbox.scala:202)
[2024-12-17T23:31:35.124+0000] {spark_submit.py:634} INFO - at org.apache.spark.rpc.netty.Outbox$$anon$1.call(Outbox.scala:198)
[2024-12-17T23:31:35.124+0000] {spark_submit.py:634} INFO - ... 4 more
[2024-12-17T23:31:35.124+0000] {spark_submit.py:634} INFO - Caused by: java.net.UnknownHostException: spark-master-1
[2024-12-17T23:31:35.125+0000] {spark_submit.py:634} INFO - at java.base/java.net.InetAddress$CachedAddresses.get(InetAddress.java:797)
[2024-12-17T23:31:35.125+0000] {spark_submit.py:634} INFO - at java.base/java.net.InetAddress.getAllByName0(InetAddress.java:1533)
[2024-12-17T23:31:35.125+0000] {spark_submit.py:634} INFO - at java.base/java.net.InetAddress.getAllByName(InetAddress.java:1386)
[2024-12-17T23:31:35.126+0000] {spark_submit.py:634} INFO - at java.base/java.net.InetAddress.getAllByName(InetAddress.java:1307)
[2024-12-17T23:31:35.126+0000] {spark_submit.py:634} INFO - at java.base/java.net.InetAddress.getByName(InetAddress.java:1257)
[2024-12-17T23:31:35.126+0000] {spark_submit.py:634} INFO - at io.netty.util.internal.SocketUtils$8.run(SocketUtils.java:156)
[2024-12-17T23:31:35.127+0000] {spark_submit.py:634} INFO - at io.netty.util.internal.SocketUtils$8.run(SocketUtils.java:153)
[2024-12-17T23:31:35.127+0000] {spark_submit.py:634} INFO - at java.base/java.security.AccessController.doPrivileged(Native Method)
[2024-12-17T23:31:35.127+0000] {spark_submit.py:634} INFO - at io.netty.util.internal.SocketUtils.addressByName(SocketUtils.java:153)
[2024-12-17T23:31:35.128+0000] {spark_submit.py:634} INFO - at io.netty.resolver.DefaultNameResolver.doResolve(DefaultNameResolver.java:41)
[2024-12-17T23:31:35.128+0000] {spark_submit.py:634} INFO - at io.netty.resolver.SimpleNameResolver.resolve(SimpleNameResolver.java:61)
[2024-12-17T23:31:35.128+0000] {spark_submit.py:634} INFO - at io.netty.resolver.SimpleNameResolver.resolve(SimpleNameResolver.java:53)
[2024-12-17T23:31:35.129+0000] {spark_submit.py:634} INFO - at io.netty.resolver.InetSocketAddressResolver.doResolve(InetSocketAddressResolver.java:55)
[2024-12-17T23:31:35.129+0000] {spark_submit.py:634} INFO - at io.netty.resolver.InetSocketAddressResolver.doResolve(InetSocketAddressResolver.java:31)
[2024-12-17T23:31:35.129+0000] {spark_submit.py:634} INFO - at io.netty.resolver.AbstractAddressResolver.resolve(AbstractAddressResolver.java:106)
[2024-12-17T23:31:35.130+0000] {spark_submit.py:634} INFO - at io.netty.bootstrap.Bootstrap.doResolveAndConnect0(Bootstrap.java:206)
[2024-12-17T23:31:35.130+0000] {spark_submit.py:634} INFO - at io.netty.bootstrap.Bootstrap.access$000(Bootstrap.java:46)
[2024-12-17T23:31:35.130+0000] {spark_submit.py:634} INFO - at io.netty.bootstrap.Bootstrap$1.operationComplete(Bootstrap.java:180)
[2024-12-17T23:31:35.131+0000] {spark_submit.py:634} INFO - at io.netty.bootstrap.Bootstrap$1.operationComplete(Bootstrap.java:166)
[2024-12-17T23:31:35.131+0000] {spark_submit.py:634} INFO - at io.netty.util.concurrent.DefaultPromise.notifyListener0(DefaultPromise.java:590)
[2024-12-17T23:31:35.131+0000] {spark_submit.py:634} INFO - at io.netty.util.concurrent.DefaultPromise.notifyListenersNow(DefaultPromise.java:557)
[2024-12-17T23:31:35.132+0000] {spark_submit.py:634} INFO - at io.netty.util.concurrent.DefaultPromise.notifyListeners(DefaultPromise.java:492)
[2024-12-17T23:31:35.132+0000] {spark_submit.py:634} INFO - at io.netty.util.concurrent.DefaultPromise.setValue0(DefaultPromise.java:636)
[2024-12-17T23:31:35.132+0000] {spark_submit.py:634} INFO - at io.netty.util.concurrent.DefaultPromise.setSuccess0(DefaultPromise.java:625)
[2024-12-17T23:31:35.133+0000] {spark_submit.py:634} INFO - at io.netty.util.concurrent.DefaultPromise.trySuccess(DefaultPromise.java:105)
[2024-12-17T23:31:35.133+0000] {spark_submit.py:634} INFO - at io.netty.channel.DefaultChannelPromise.trySuccess(DefaultChannelPromise.java:84)
[2024-12-17T23:31:35.133+0000] {spark_submit.py:634} INFO - at io.netty.channel.AbstractChannel$AbstractUnsafe.safeSetSuccess(AbstractChannel.java:990)
[2024-12-17T23:31:35.134+0000] {spark_submit.py:634} INFO - at io.netty.channel.AbstractChannel$AbstractUnsafe.register0(AbstractChannel.java:516)
[2024-12-17T23:31:35.134+0000] {spark_submit.py:634} INFO - at io.netty.channel.AbstractChannel$AbstractUnsafe.access$200(AbstractChannel.java:429)
[2024-12-17T23:31:35.135+0000] {spark_submit.py:634} INFO - at io.netty.channel.AbstractChannel$AbstractUnsafe$1.run(AbstractChannel.java:486)
[2024-12-17T23:31:35.135+0000] {spark_submit.py:634} INFO - at io.netty.util.concurrent.AbstractEventExecutor.runTask(AbstractEventExecutor.java:174)
[2024-12-17T23:31:35.135+0000] {spark_submit.py:634} INFO - at io.netty.util.concurrent.AbstractEventExecutor.safeExecute(AbstractEventExecutor.java:167)
[2024-12-17T23:31:35.136+0000] {spark_submit.py:634} INFO - at io.netty.util.concurrent.SingleThreadEventExecutor.runAllTasks(SingleThreadEventExecutor.java:470)
[2024-12-17T23:31:35.136+0000] {spark_submit.py:634} INFO - at io.netty.channel.nio.NioEventLoop.run(NioEventLoop.java:569)
[2024-12-17T23:31:35.136+0000] {spark_submit.py:634} INFO - at io.netty.util.concurrent.SingleThreadEventExecutor$4.run(SingleThreadEventExecutor.java:997)
[2024-12-17T23:31:35.137+0000] {spark_submit.py:634} INFO - at io.netty.util.internal.ThreadExecutorMap$2.run(ThreadExecutorMap.java:74)
[2024-12-17T23:31:35.138+0000] {spark_submit.py:634} INFO - at io.netty.util.concurrent.FastThreadLocalRunnable.run(FastThreadLocalRunnable.java:30)
[2024-12-17T23:31:35.138+0000] {spark_submit.py:634} INFO - ... 1 more
[2024-12-17T23:31:51.379+0000] {spark_submit.py:634} INFO - 24/12/17 23:31:51 WARN StandaloneSchedulerBackend: Application ID is not initialized yet.
[2024-12-17T23:31:51.380+0000] {spark_submit.py:634} INFO - 24/12/17 23:31:51 ERROR StandaloneSchedulerBackend: Application has been killed. Reason: All masters are unresponsive! Giving up.
[2024-12-17T23:31:51.389+0000] {spark_submit.py:634} INFO - 24/12/17 23:31:51 INFO Utils: Successfully started service 'org.apache.spark.network.netty.NettyBlockTransferService' on port 38437.
[2024-12-17T23:31:51.390+0000] {spark_submit.py:634} INFO - 24/12/17 23:31:51 INFO NettyBlockTransferService: Server created on 0d65af53af6d:38437
[2024-12-17T23:31:51.391+0000] {spark_submit.py:634} INFO - 24/12/17 23:31:51 INFO BlockManager: Using org.apache.spark.storage.RandomBlockReplicationPolicy for block replication policy
[2024-12-17T23:31:51.398+0000] {spark_submit.py:634} INFO - 24/12/17 23:31:51 INFO BlockManagerMaster: Registering BlockManager BlockManagerId(driver, 0d65af53af6d, 38437, None)
[2024-12-17T23:31:51.401+0000] {spark_submit.py:634} INFO - 24/12/17 23:31:51 INFO BlockManagerMasterEndpoint: Registering block manager 0d65af53af6d:38437 with 434.4 MiB RAM, BlockManagerId(driver, 0d65af53af6d, 38437, None)
[2024-12-17T23:31:51.403+0000] {spark_submit.py:634} INFO - 24/12/17 23:31:51 INFO BlockManagerMaster: Registered BlockManager BlockManagerId(driver, 0d65af53af6d, 38437, None)
[2024-12-17T23:31:51.405+0000] {spark_submit.py:634} INFO - 24/12/17 23:31:51 INFO BlockManager: Initialized BlockManager: BlockManagerId(driver, 0d65af53af6d, 38437, None)
[2024-12-17T23:31:51.608+0000] {spark_submit.py:634} INFO - 24/12/17 23:31:51 INFO StandaloneSchedulerBackend: SchedulerBackend is ready for scheduling beginning after reached minRegisteredResourcesRatio: 0.0
[2024-12-17T23:31:51.947+0000] {spark_submit.py:634} INFO - 24/12/17 23:31:51 INFO SparkContext: SparkContext is stopping with exitCode 0.
[2024-12-17T23:31:51.969+0000] {spark_submit.py:634} INFO - 24/12/17 23:31:51 INFO SparkUI: Stopped Spark web UI at http://0d65af53af6d:4040
[2024-12-17T23:31:51.982+0000] {spark_submit.py:634} INFO - 24/12/17 23:31:51 INFO StandaloneSchedulerBackend: Shutting down all executors
[2024-12-17T23:31:51.987+0000] {spark_submit.py:634} INFO - 24/12/17 23:31:51 INFO StandaloneSchedulerBackend$StandaloneDriverEndpoint: Asking each executor to shut down
[2024-12-17T23:31:52.001+0000] {spark_submit.py:634} INFO - 24/12/17 23:31:52 WARN StandaloneAppClient$ClientEndpoint: Drop UnregisterApplication(null) because has not yet connected to master
[2024-12-17T23:31:52.053+0000] {spark_submit.py:634} INFO - 24/12/17 23:31:52 INFO MapOutputTrackerMasterEndpoint: MapOutputTrackerMasterEndpoint stopped!
[2024-12-17T23:31:52.076+0000] {spark_submit.py:634} INFO - 24/12/17 23:31:52 INFO MemoryStore: MemoryStore cleared
[2024-12-17T23:31:52.078+0000] {spark_submit.py:634} INFO - 24/12/17 23:31:52 INFO BlockManager: BlockManager stopped
[2024-12-17T23:31:52.086+0000] {spark_submit.py:634} INFO - 24/12/17 23:31:52 INFO BlockManagerMaster: BlockManagerMaster stopped
[2024-12-17T23:31:52.089+0000] {spark_submit.py:634} INFO - 24/12/17 23:31:52 INFO OutputCommitCoordinator$OutputCommitCoordinatorEndpoint: OutputCommitCoordinator stopped!
[2024-12-17T23:31:52.110+0000] {spark_submit.py:634} INFO - 24/12/17 23:31:52 INFO SparkContext: Successfully stopped SparkContext
[2024-12-17T23:31:52.210+0000] {spark_submit.py:634} INFO - Traceback (most recent call last):
[2024-12-17T23:31:52.212+0000] {spark_submit.py:634} INFO - File "/opt/***/jobs/python/wordcountjob.py", line 14, in <module>
[2024-12-17T23:31:52.214+0000] {spark_submit.py:634} INFO - for wc in wordCounts.collect():
[2024-12-17T23:31:52.215+0000] {spark_submit.py:634} INFO - ^^^^^^^^^^^^^^^^^^^^
[2024-12-17T23:31:52.215+0000] {spark_submit.py:634} INFO - File "/home/***/.local/lib/python3.11/site-packages/pyspark/python/lib/pyspark.zip/pyspark/rdd.py", line 1814, in collect
[2024-12-17T23:31:52.216+0000] {spark_submit.py:634} INFO - File "/home/***/.local/lib/python3.11/site-packages/pyspark/python/lib/py4j-0.10.9.7-src.zip/py4j/java_gateway.py", line 1322, in __call__
[2024-12-17T23:31:52.217+0000] {spark_submit.py:634} INFO - File "/home/***/.local/lib/python3.11/site-packages/pyspark/python/lib/pyspark.zip/pyspark/errors/exceptions/captured.py", line 169, in deco
[2024-12-17T23:31:52.218+0000] {spark_submit.py:634} INFO - File "/home/***/.local/lib/python3.11/site-packages/pyspark/python/lib/py4j-0.10.9.7-src.zip/py4j/protocol.py", line 326, in get_return_value
[2024-12-17T23:31:52.219+0000] {spark_submit.py:634} INFO - py4j.protocol.Py4JJavaError: An error occurred while calling z:org.apache.spark.api.python.PythonRDD.collectAndServe.
[2024-12-17T23:31:52.219+0000] {spark_submit.py:634} INFO - : java.lang.IllegalStateException: SparkContext has been shutdown
[2024-12-17T23:31:52.220+0000] {spark_submit.py:634} INFO - at org.apache.spark.SparkContext.runJob(SparkContext.scala:2255)
[2024-12-17T23:31:52.221+0000] {spark_submit.py:634} INFO - at org.apache.spark.SparkContext.runJob(SparkContext.scala:2284)
[2024-12-17T23:31:52.221+0000] {spark_submit.py:634} INFO - at org.apache.spark.SparkContext.runJob(SparkContext.scala:2303)
[2024-12-17T23:31:52.222+0000] {spark_submit.py:634} INFO - at org.apache.spark.SparkContext.runJob(SparkContext.scala:2328)
[2024-12-17T23:31:52.222+0000] {spark_submit.py:634} INFO - at org.apache.spark.rdd.RDD.$anonfun$collect$1(RDD.scala:1019)
[2024-12-17T23:31:52.223+0000] {spark_submit.py:634} INFO - at org.apache.spark.rdd.RDDOperationScope$.withScope(RDDOperationScope.scala:151)
[2024-12-17T23:31:52.223+0000] {spark_submit.py:634} INFO - at org.apache.spark.rdd.RDDOperationScope$.withScope(RDDOperationScope.scala:112)
[2024-12-17T23:31:52.224+0000] {spark_submit.py:634} INFO - at org.apache.spark.rdd.RDD.withScope(RDD.scala:405)
[2024-12-17T23:31:52.224+0000] {spark_submit.py:634} INFO - at org.apache.spark.rdd.RDD.collect(RDD.scala:1018)
[2024-12-17T23:31:52.225+0000] {spark_submit.py:634} INFO - at org.apache.spark.api.python.PythonRDD$.collectAndServe(PythonRDD.scala:193)
[2024-12-17T23:31:52.225+0000] {spark_submit.py:634} INFO - at org.apache.spark.api.python.PythonRDD.collectAndServe(PythonRDD.scala)
[2024-12-17T23:31:52.226+0000] {spark_submit.py:634} INFO - at java.base/jdk.internal.reflect.NativeMethodAccessorImpl.invoke0(Native Method)
[2024-12-17T23:31:52.227+0000] {spark_submit.py:634} INFO - at java.base/jdk.internal.reflect.NativeMethodAccessorImpl.invoke(NativeMethodAccessorImpl.java:62)
[2024-12-17T23:31:52.228+0000] {spark_submit.py:634} INFO - at java.base/jdk.internal.reflect.DelegatingMethodAccessorImpl.invoke(DelegatingMethodAccessorImpl.java:43)
[2024-12-17T23:31:52.229+0000] {spark_submit.py:634} INFO - at java.base/java.lang.reflect.Method.invoke(Method.java:566)
[2024-12-17T23:31:52.229+0000] {spark_submit.py:634} INFO - at py4j.reflection.MethodInvoker.invoke(MethodInvoker.java:244)
[2024-12-17T23:31:52.230+0000] {spark_submit.py:634} INFO - at py4j.reflection.ReflectionEngine.invoke(ReflectionEngine.java:374)
[2024-12-17T23:31:52.231+0000] {spark_submit.py:634} INFO - at py4j.Gateway.invoke(Gateway.java:282)
[2024-12-17T23:31:52.231+0000] {spark_submit.py:634} INFO - at py4j.commands.AbstractCommand.invokeMethod(AbstractCommand.java:132)
[2024-12-17T23:31:52.232+0000] {spark_submit.py:634} INFO - at py4j.commands.CallCommand.execute(CallCommand.java:79)
[2024-12-17T23:31:52.232+0000] {spark_submit.py:634} INFO - at py4j.ClientServerConnection.waitForCommands(ClientServerConnection.java:182)
[2024-12-17T23:31:52.233+0000] {spark_submit.py:634} INFO - at py4j.ClientServerConnection.run(ClientServerConnection.java:106)
[2024-12-17T23:31:52.234+0000] {spark_submit.py:634} INFO - at java.base/java.lang.Thread.run(Thread.java:829)
[2024-12-17T23:31:52.234+0000] {spark_submit.py:634} INFO - 
[2024-12-17T23:31:52.273+0000] {spark_submit.py:634} INFO - 24/12/17 23:31:52 INFO ShutdownHookManager: Shutdown hook called
[2024-12-17T23:31:52.274+0000] {spark_submit.py:634} INFO - 24/12/17 23:31:52 INFO ShutdownHookManager: Deleting directory /tmp/spark-2296b710-2dbb-4865-8696-3f35e652e45a/pyspark-6341be53-9953-4661-ad62-64f2e8b872c2
[2024-12-17T23:31:52.279+0000] {spark_submit.py:634} INFO - 24/12/17 23:31:52 INFO ShutdownHookManager: Deleting directory /tmp/spark-e97d2694-9c6b-42de-9f05-5a2bbf8c9580
[2024-12-17T23:31:52.282+0000] {spark_submit.py:634} INFO - 24/12/17 23:31:52 INFO ShutdownHookManager: Deleting directory /tmp/spark-2296b710-2dbb-4865-8696-3f35e652e45a
[2024-12-17T23:31:52.325+0000] {taskinstance.py:3311} ERROR - Task failed with exception
Traceback (most recent call last):
  File "/home/airflow/.local/lib/python3.11/site-packages/airflow/models/taskinstance.py", line 767, in _execute_task
    result = _execute_callable(context=context, **execute_callable_kwargs)
             ^^^^^^^^^^^^^^^^^^^^^^^^^^^^^^^^^^^^^^^^^^^^^^^^^^^^^^^^^^^^^
  File "/home/airflow/.local/lib/python3.11/site-packages/airflow/models/taskinstance.py", line 733, in _execute_callable
    return ExecutionCallableRunner(
           ^^^^^^^^^^^^^^^^^^^^^^^^
  File "/home/airflow/.local/lib/python3.11/site-packages/airflow/utils/operator_helpers.py", line 252, in run
    return self.func(*args, **kwargs)
           ^^^^^^^^^^^^^^^^^^^^^^^^^^
  File "/home/airflow/.local/lib/python3.11/site-packages/airflow/models/baseoperator.py", line 422, in wrapper
    return func(self, *args, **kwargs)
           ^^^^^^^^^^^^^^^^^^^^^^^^^^^
  File "/home/airflow/.local/lib/python3.11/site-packages/airflow/providers/apache/spark/operators/spark_submit.py", line 176, in execute
    self._hook.submit(self.application)
  File "/home/airflow/.local/lib/python3.11/site-packages/airflow/providers/apache/spark/hooks/spark_submit.py", line 560, in submit
    raise AirflowException(
airflow.exceptions.AirflowException: Cannot execute: spark-submit --master spark://spark-master-1:7077 --name arrow-spark --verbose --deploy-mode client /opt/***/jobs/python/wordcountjob.py. Error code is: 1.
[2024-12-17T23:31:52.337+0000] {taskinstance.py:1225} INFO - Marking task as UP_FOR_RETRY. dag_id=pyspark_job_dag, task_id=spark_submit_task, run_id=manual__2024-12-17T23:24:38.614907+00:00, execution_date=20241217T232438, start_date=20241217T233047, end_date=20241217T233152
[2024-12-17T23:31:52.356+0000] {taskinstance.py:340} INFO - ::group::Post task execution logs
[2024-12-17T23:31:52.357+0000] {standard_task_runner.py:124} ERROR - Failed to execute job 78 for task spark_submit_task (Cannot execute: spark-submit --master spark://spark-master-1:7077 --name arrow-spark --verbose --deploy-mode client /opt/***/jobs/python/wordcountjob.py. Error code is: 1.; 1037)
Traceback (most recent call last):
  File "/home/airflow/.local/lib/python3.11/site-packages/airflow/task/task_runner/standard_task_runner.py", line 117, in _start_by_fork
    ret = args.func(args, dag=self.dag)
          ^^^^^^^^^^^^^^^^^^^^^^^^^^^^^
  File "/home/airflow/.local/lib/python3.11/site-packages/airflow/cli/cli_config.py", line 49, in command
    return func(*args, **kwargs)
           ^^^^^^^^^^^^^^^^^^^^^
  File "/home/airflow/.local/lib/python3.11/site-packages/airflow/utils/cli.py", line 116, in wrapper
    return f(*args, **kwargs)
           ^^^^^^^^^^^^^^^^^^
  File "/home/airflow/.local/lib/python3.11/site-packages/airflow/cli/commands/task_command.py", line 483, in task_run
    task_return_code = _run_task_by_selected_method(args, _dag, ti)
                       ^^^^^^^^^^^^^^^^^^^^^^^^^^^^^^^^^^^^^^^^^^^^
  File "/home/airflow/.local/lib/python3.11/site-packages/airflow/cli/commands/task_command.py", line 256, in _run_task_by_selected_method
    return _run_raw_task(args, ti)
           ^^^^^^^^^^^^^^^^^^^^^^^
  File "/home/airflow/.local/lib/python3.11/site-packages/airflow/cli/commands/task_command.py", line 341, in _run_raw_task
    return ti._run_raw_task(
           ^^^^^^^^^^^^^^^^^
  File "/home/airflow/.local/lib/python3.11/site-packages/airflow/utils/session.py", line 97, in wrapper
    return func(*args, session=session, **kwargs)
           ^^^^^^^^^^^^^^^^^^^^^^^^^^^^^^^^^^^^^^
  File "/home/airflow/.local/lib/python3.11/site-packages/airflow/models/taskinstance.py", line 3005, in _run_raw_task
    return _run_raw_task(
           ^^^^^^^^^^^^^^
  File "/home/airflow/.local/lib/python3.11/site-packages/airflow/models/taskinstance.py", line 273, in _run_raw_task
    TaskInstance._execute_task_with_callbacks(
  File "/home/airflow/.local/lib/python3.11/site-packages/airflow/models/taskinstance.py", line 3159, in _execute_task_with_callbacks
    result = self._execute_task(context, task_orig)
             ^^^^^^^^^^^^^^^^^^^^^^^^^^^^^^^^^^^^^^
  File "/home/airflow/.local/lib/python3.11/site-packages/airflow/models/taskinstance.py", line 3183, in _execute_task
    return _execute_task(self, context, task_orig)
           ^^^^^^^^^^^^^^^^^^^^^^^^^^^^^^^^^^^^^^^
  File "/home/airflow/.local/lib/python3.11/site-packages/airflow/models/taskinstance.py", line 767, in _execute_task
    result = _execute_callable(context=context, **execute_callable_kwargs)
             ^^^^^^^^^^^^^^^^^^^^^^^^^^^^^^^^^^^^^^^^^^^^^^^^^^^^^^^^^^^^^
  File "/home/airflow/.local/lib/python3.11/site-packages/airflow/models/taskinstance.py", line 733, in _execute_callable
    return ExecutionCallableRunner(
           ^^^^^^^^^^^^^^^^^^^^^^^^
  File "/home/airflow/.local/lib/python3.11/site-packages/airflow/utils/operator_helpers.py", line 252, in run
    return self.func(*args, **kwargs)
           ^^^^^^^^^^^^^^^^^^^^^^^^^^
  File "/home/airflow/.local/lib/python3.11/site-packages/airflow/models/baseoperator.py", line 422, in wrapper
    return func(self, *args, **kwargs)
           ^^^^^^^^^^^^^^^^^^^^^^^^^^^
  File "/home/airflow/.local/lib/python3.11/site-packages/airflow/providers/apache/spark/operators/spark_submit.py", line 176, in execute
    self._hook.submit(self.application)
  File "/home/airflow/.local/lib/python3.11/site-packages/airflow/providers/apache/spark/hooks/spark_submit.py", line 560, in submit
    raise AirflowException(
airflow.exceptions.AirflowException: Cannot execute: spark-submit --master spark://spark-master-1:7077 --name arrow-spark --verbose --deploy-mode client /opt/***/jobs/python/wordcountjob.py. Error code is: 1.
[2024-12-17T23:31:52.402+0000] {local_task_job_runner.py:266} INFO - Task exited with return code 1
[2024-12-17T23:31:52.434+0000] {taskinstance.py:3895} INFO - 0 downstream tasks scheduled from follow-on schedule check
[2024-12-17T23:31:52.437+0000] {local_task_job_runner.py:245} INFO - ::endgroup::
