[2024-12-16T01:29:10.148+0000] {local_task_job_runner.py:123} INFO - ::group::Pre task execution logs
[2024-12-16T01:29:10.170+0000] {taskinstance.py:2613} INFO - Dependencies all met for dep_context=non-requeueable deps ti=<TaskInstance: first_dag.start scheduled__2024-12-15T00:00:00+00:00 [queued]>
[2024-12-16T01:29:10.184+0000] {taskinstance.py:2613} INFO - Dependencies all met for dep_context=requeueable deps ti=<TaskInstance: first_dag.start scheduled__2024-12-15T00:00:00+00:00 [queued]>
[2024-12-16T01:29:10.186+0000] {taskinstance.py:2866} INFO - Starting attempt 1 of 1
[2024-12-16T01:29:10.201+0000] {taskinstance.py:2889} INFO - Executing <Task(PythonOperator): start> on 2024-12-15 00:00:00+00:00
[2024-12-16T01:29:10.206+0000] {standard_task_runner.py:72} INFO - Started process 997 to run task
[2024-12-16T01:29:10.211+0000] {standard_task_runner.py:104} INFO - Running: ['***', 'tasks', 'run', 'first_dag', 'start', 'scheduled__2024-12-15T00:00:00+00:00', '--job-id', '4', '--raw', '--subdir', 'DAGS_FOLDER/spark_***.py', '--cfg-path', '/tmp/tmplfp6xsc2']
[2024-12-16T01:29:10.215+0000] {standard_task_runner.py:105} INFO - Job 4: Subtask start
[2024-12-16T01:29:10.286+0000] {task_command.py:467} INFO - Running <TaskInstance: first_dag.start scheduled__2024-12-15T00:00:00+00:00 [running]> on host 7abfdd73f758
[2024-12-16T01:29:10.389+0000] {taskinstance.py:3132} INFO - Exporting env vars: AIRFLOW_CTX_DAG_OWNER='Haris Syd' AIRFLOW_CTX_DAG_ID='first_dag' AIRFLOW_CTX_TASK_ID='start' AIRFLOW_CTX_EXECUTION_DATE='2024-12-15T00:00:00+00:00' AIRFLOW_CTX_TRY_NUMBER='1' AIRFLOW_CTX_DAG_RUN_ID='scheduled__2024-12-15T00:00:00+00:00'
[2024-12-16T01:29:10.390+0000] {taskinstance.py:731} INFO - ::endgroup::
[2024-12-16T01:29:10.416+0000] {logging_mixin.py:190} INFO - Jobs Started
[2024-12-16T01:29:10.416+0000] {python.py:240} INFO - Done. Returned value was: None
[2024-12-16T01:29:10.427+0000] {taskinstance.py:340} INFO - ::group::Post task execution logs
[2024-12-16T01:29:10.428+0000] {taskinstance.py:352} INFO - Marking task as SUCCESS. dag_id=first_dag, task_id=start, run_id=scheduled__2024-12-15T00:00:00+00:00, execution_date=20241215T000000, start_date=20241216T012910, end_date=20241216T012910
[2024-12-16T01:29:10.469+0000] {local_task_job_runner.py:266} INFO - Task exited with return code 0
[2024-12-16T01:29:10.489+0000] {taskinstance.py:3895} INFO - 0 downstream tasks scheduled from follow-on schedule check
[2024-12-16T01:29:10.493+0000] {local_task_job_runner.py:245} INFO - ::endgroup::
[2024-12-16T05:21:48.022+0000] {local_task_job_runner.py:123} INFO - ::group::Pre task execution logs
[2024-12-16T05:21:48.188+0000] {taskinstance.py:2613} INFO - Dependencies all met for dep_context=non-requeueable deps ti=<TaskInstance: first_dag.start scheduled__2024-12-15T00:00:00+00:00 [queued]>
[2024-12-16T05:21:48.227+0000] {taskinstance.py:2613} INFO - Dependencies all met for dep_context=requeueable deps ti=<TaskInstance: first_dag.start scheduled__2024-12-15T00:00:00+00:00 [queued]>
[2024-12-16T05:21:48.229+0000] {taskinstance.py:2866} INFO - Starting attempt 1 of 1
[2024-12-16T05:21:48.253+0000] {taskinstance.py:2889} INFO - Executing <Task(PythonOperator): start> on 2024-12-15 00:00:00+00:00
[2024-12-16T05:21:48.272+0000] {standard_task_runner.py:72} INFO - Started process 86 to run task
[2024-12-16T05:21:48.390+0000] {standard_task_runner.py:104} INFO - Running: ['***', 'tasks', 'run', 'first_dag', 'start', 'scheduled__2024-12-15T00:00:00+00:00', '--job-id', '4', '--raw', '--subdir', 'DAGS_FOLDER/spark_***.py', '--cfg-path', '/tmp/tmpthcmqvw0']
[2024-12-16T05:21:48.487+0000] {standard_task_runner.py:105} INFO - Job 4: Subtask start
[2024-12-16T05:21:49.427+0000] {task_command.py:467} INFO - Running <TaskInstance: first_dag.start scheduled__2024-12-15T00:00:00+00:00 [running]> on host 19f2994b3875
[2024-12-16T05:21:50.235+0000] {taskinstance.py:3132} INFO - Exporting env vars: AIRFLOW_CTX_DAG_OWNER='Haris Syd' AIRFLOW_CTX_DAG_ID='first_dag' AIRFLOW_CTX_TASK_ID='start' AIRFLOW_CTX_EXECUTION_DATE='2024-12-15T00:00:00+00:00' AIRFLOW_CTX_TRY_NUMBER='1' AIRFLOW_CTX_DAG_RUN_ID='scheduled__2024-12-15T00:00:00+00:00'
[2024-12-16T05:21:50.244+0000] {taskinstance.py:731} INFO - ::endgroup::
[2024-12-16T05:21:51.162+0000] {logging_mixin.py:190} INFO - Jobs Started
[2024-12-16T05:21:51.165+0000] {python.py:240} INFO - Done. Returned value was: None
[2024-12-16T05:21:51.192+0000] {taskinstance.py:340} INFO - ::group::Post task execution logs
[2024-12-16T05:21:51.194+0000] {taskinstance.py:352} INFO - Marking task as SUCCESS. dag_id=first_dag, task_id=start, run_id=scheduled__2024-12-15T00:00:00+00:00, execution_date=20241215T000000, start_date=20241216T052148, end_date=20241216T052151
[2024-12-16T05:21:51.258+0000] {local_task_job_runner.py:266} INFO - Task exited with return code 0
[2024-12-16T05:21:51.306+0000] {taskinstance.py:3895} INFO - 1 downstream tasks scheduled from follow-on schedule check
[2024-12-16T05:21:51.311+0000] {local_task_job_runner.py:245} INFO - ::endgroup::
