[2024-12-17T23:22:30.523+0000] {local_task_job_runner.py:123} INFO - ::group::Pre task execution logs
[2024-12-17T23:22:30.539+0000] {taskinstance.py:2613} INFO - Dependencies all met for dep_context=non-requeueable deps ti=<TaskInstance: pyspark_job_dag.spark_submit_task manual__2024-12-17T23:22:29.115517+00:00 [queued]>
[2024-12-17T23:22:30.548+0000] {taskinstance.py:2613} INFO - Dependencies all met for dep_context=requeueable deps ti=<TaskInstance: pyspark_job_dag.spark_submit_task manual__2024-12-17T23:22:29.115517+00:00 [queued]>
[2024-12-17T23:22:30.555+0000] {taskinstance.py:2866} INFO - Starting attempt 1 of 3
[2024-12-17T23:22:30.566+0000] {taskinstance.py:2889} INFO - Executing <Task(SparkSubmitOperator): spark_submit_task> on 2024-12-17 23:22:29.115517+00:00
[2024-12-17T23:22:30.571+0000] {standard_task_runner.py:72} INFO - Started process 555 to run task
[2024-12-17T23:22:30.574+0000] {standard_task_runner.py:104} INFO - Running: ['***', 'tasks', 'run', 'pyspark_job_dag', 'spark_submit_task', 'manual__2024-12-17T23:22:29.115517+00:00', '--job-id', '74', '--raw', '--subdir', 'DAGS_FOLDER/spark_***.py', '--cfg-path', '/tmp/tmpqv1cj28s']
[2024-12-17T23:22:30.578+0000] {standard_task_runner.py:105} INFO - Job 74: Subtask spark_submit_task
[2024-12-17T23:22:30.621+0000] {task_command.py:467} INFO - Running <TaskInstance: pyspark_job_dag.spark_submit_task manual__2024-12-17T23:22:29.115517+00:00 [running]> on host 0d65af53af6d
[2024-12-17T23:22:30.710+0000] {taskinstance.py:3132} INFO - Exporting env vars: AIRFLOW_CTX_DAG_OWNER='Haris Syd' AIRFLOW_CTX_DAG_ID='pyspark_job_dag' AIRFLOW_CTX_TASK_ID='spark_submit_task' AIRFLOW_CTX_EXECUTION_DATE='2024-12-17T23:22:29.115517+00:00' AIRFLOW_CTX_TRY_NUMBER='1' AIRFLOW_CTX_DAG_RUN_ID='manual__2024-12-17T23:22:29.115517+00:00'
[2024-12-17T23:22:30.711+0000] {taskinstance.py:731} INFO - ::endgroup::
[2024-12-17T23:22:30.730+0000] {base.py:84} INFO - Retrieving connection 'spark_conn'
[2024-12-17T23:22:30.732+0000] {spark_submit.py:473} INFO - Spark-Submit cmd: spark-submit --master spark://spark-master-1:7077 --name arrow-spark --verbose --deploy-mode client /opt/bitnami/spark/jobs/python/wordcountjob.py
[2024-12-17T23:22:32.228+0000] {spark_submit.py:634} INFO - Using properties file: null
[2024-12-17T23:22:32.340+0000] {spark_submit.py:634} INFO - Parsed arguments:
[2024-12-17T23:22:32.341+0000] {spark_submit.py:634} INFO - master                  spark://spark-master-1:7077
[2024-12-17T23:22:32.342+0000] {spark_submit.py:634} INFO - remote                  null
[2024-12-17T23:22:32.343+0000] {spark_submit.py:634} INFO - deployMode              client
[2024-12-17T23:22:32.344+0000] {spark_submit.py:634} INFO - executorMemory          null
[2024-12-17T23:22:32.344+0000] {spark_submit.py:634} INFO - executorCores           null
[2024-12-17T23:22:32.345+0000] {spark_submit.py:634} INFO - totalExecutorCores      null
[2024-12-17T23:22:32.346+0000] {spark_submit.py:634} INFO - propertiesFile          null
[2024-12-17T23:22:32.346+0000] {spark_submit.py:634} INFO - driverMemory            null
[2024-12-17T23:22:32.347+0000] {spark_submit.py:634} INFO - driverCores             null
[2024-12-17T23:22:32.347+0000] {spark_submit.py:634} INFO - driverExtraClassPath    null
[2024-12-17T23:22:32.348+0000] {spark_submit.py:634} INFO - driverExtraLibraryPath  null
[2024-12-17T23:22:32.349+0000] {spark_submit.py:634} INFO - driverExtraJavaOptions  null
[2024-12-17T23:22:32.349+0000] {spark_submit.py:634} INFO - supervise               false
[2024-12-17T23:22:32.350+0000] {spark_submit.py:634} INFO - queue                   null
[2024-12-17T23:22:32.350+0000] {spark_submit.py:634} INFO - numExecutors            null
[2024-12-17T23:22:32.351+0000] {spark_submit.py:634} INFO - files                   null
[2024-12-17T23:22:32.351+0000] {spark_submit.py:634} INFO - pyFiles                 null
[2024-12-17T23:22:32.352+0000] {spark_submit.py:634} INFO - archives                null
[2024-12-17T23:22:32.352+0000] {spark_submit.py:634} INFO - mainClass               null
[2024-12-17T23:22:32.353+0000] {spark_submit.py:634} INFO - primaryResource         file:/opt/bitnami/spark/jobs/python/wordcountjob.py
[2024-12-17T23:22:32.353+0000] {spark_submit.py:634} INFO - name                    arrow-spark
[2024-12-17T23:22:32.354+0000] {spark_submit.py:634} INFO - childArgs               []
[2024-12-17T23:22:32.354+0000] {spark_submit.py:634} INFO - jars                    null
[2024-12-17T23:22:32.355+0000] {spark_submit.py:634} INFO - packages                null
[2024-12-17T23:22:32.356+0000] {spark_submit.py:634} INFO - packagesExclusions      null
[2024-12-17T23:22:32.357+0000] {spark_submit.py:634} INFO - repositories            null
[2024-12-17T23:22:32.357+0000] {spark_submit.py:634} INFO - verbose                 true
[2024-12-17T23:22:32.358+0000] {spark_submit.py:634} INFO - 
[2024-12-17T23:22:32.359+0000] {spark_submit.py:634} INFO - Spark properties used, including those specified through
[2024-12-17T23:22:32.360+0000] {spark_submit.py:634} INFO - --conf and those from the properties file null:
[2024-12-17T23:22:32.361+0000] {spark_submit.py:634} INFO - 
[2024-12-17T23:22:32.362+0000] {spark_submit.py:634} INFO - 
[2024-12-17T23:22:32.363+0000] {spark_submit.py:634} INFO - 
[2024-12-17T23:22:32.725+0000] {spark_submit.py:634} INFO - Main class:
[2024-12-17T23:22:32.726+0000] {spark_submit.py:634} INFO - org.apache.spark.deploy.PythonRunner
[2024-12-17T23:22:32.728+0000] {spark_submit.py:634} INFO - Arguments:
[2024-12-17T23:22:32.729+0000] {spark_submit.py:634} INFO - file:/opt/bitnami/spark/jobs/python/wordcountjob.py
[2024-12-17T23:22:32.730+0000] {spark_submit.py:634} INFO - null
[2024-12-17T23:22:32.731+0000] {spark_submit.py:634} INFO - Spark config:
[2024-12-17T23:22:32.732+0000] {spark_submit.py:634} INFO - (spark.app.name,arrow-spark)
[2024-12-17T23:22:32.733+0000] {spark_submit.py:634} INFO - (spark.app.submitTime,1734477752710)
[2024-12-17T23:22:32.734+0000] {spark_submit.py:634} INFO - (spark.master,spark://spark-master-1:7077)
[2024-12-17T23:22:32.735+0000] {spark_submit.py:634} INFO - (spark.submit.deployMode,client)
[2024-12-17T23:22:32.736+0000] {spark_submit.py:634} INFO - (spark.submit.pyFiles,)
[2024-12-17T23:22:32.737+0000] {spark_submit.py:634} INFO - Classpath elements:
[2024-12-17T23:22:32.738+0000] {spark_submit.py:634} INFO - 
[2024-12-17T23:22:32.738+0000] {spark_submit.py:634} INFO - 
[2024-12-17T23:22:32.739+0000] {spark_submit.py:634} INFO - 
[2024-12-17T23:22:32.867+0000] {spark_submit.py:634} INFO - python3: can't open file '/opt/bitnami/spark/jobs/python/wordcountjob.py': [Errno 2] No such file or directory
[2024-12-17T23:22:32.885+0000] {spark_submit.py:634} INFO - 24/12/17 23:22:32 INFO ShutdownHookManager: Shutdown hook called
[2024-12-17T23:22:32.886+0000] {spark_submit.py:634} INFO - 24/12/17 23:22:32 INFO ShutdownHookManager: Deleting directory /tmp/spark-957be484-9ca3-4c23-83e7-f0799628d816
[2024-12-17T23:22:32.929+0000] {taskinstance.py:3311} ERROR - Task failed with exception
Traceback (most recent call last):
  File "/home/airflow/.local/lib/python3.11/site-packages/airflow/models/taskinstance.py", line 767, in _execute_task
    result = _execute_callable(context=context, **execute_callable_kwargs)
             ^^^^^^^^^^^^^^^^^^^^^^^^^^^^^^^^^^^^^^^^^^^^^^^^^^^^^^^^^^^^^
  File "/home/airflow/.local/lib/python3.11/site-packages/airflow/models/taskinstance.py", line 733, in _execute_callable
    return ExecutionCallableRunner(
           ^^^^^^^^^^^^^^^^^^^^^^^^
  File "/home/airflow/.local/lib/python3.11/site-packages/airflow/utils/operator_helpers.py", line 252, in run
    return self.func(*args, **kwargs)
           ^^^^^^^^^^^^^^^^^^^^^^^^^^
  File "/home/airflow/.local/lib/python3.11/site-packages/airflow/models/baseoperator.py", line 422, in wrapper
    return func(self, *args, **kwargs)
           ^^^^^^^^^^^^^^^^^^^^^^^^^^^
  File "/home/airflow/.local/lib/python3.11/site-packages/airflow/providers/apache/spark/operators/spark_submit.py", line 176, in execute
    self._hook.submit(self.application)
  File "/home/airflow/.local/lib/python3.11/site-packages/airflow/providers/apache/spark/hooks/spark_submit.py", line 560, in submit
    raise AirflowException(
airflow.exceptions.AirflowException: Cannot execute: spark-submit --master spark://spark-master-1:7077 --name arrow-spark --verbose --deploy-mode client /opt/bitnami/spark/jobs/python/wordcountjob.py. Error code is: 2.
[2024-12-17T23:22:32.936+0000] {taskinstance.py:1225} INFO - Marking task as UP_FOR_RETRY. dag_id=pyspark_job_dag, task_id=spark_submit_task, run_id=manual__2024-12-17T23:22:29.115517+00:00, execution_date=20241217T232229, start_date=20241217T232230, end_date=20241217T232232
[2024-12-17T23:22:32.951+0000] {taskinstance.py:340} INFO - ::group::Post task execution logs
[2024-12-17T23:22:32.953+0000] {standard_task_runner.py:124} ERROR - Failed to execute job 74 for task spark_submit_task (Cannot execute: spark-submit --master spark://spark-master-1:7077 --name arrow-spark --verbose --deploy-mode client /opt/bitnami/spark/jobs/python/wordcountjob.py. Error code is: 2.; 555)
Traceback (most recent call last):
  File "/home/airflow/.local/lib/python3.11/site-packages/airflow/task/task_runner/standard_task_runner.py", line 117, in _start_by_fork
    ret = args.func(args, dag=self.dag)
          ^^^^^^^^^^^^^^^^^^^^^^^^^^^^^
  File "/home/airflow/.local/lib/python3.11/site-packages/airflow/cli/cli_config.py", line 49, in command
    return func(*args, **kwargs)
           ^^^^^^^^^^^^^^^^^^^^^
  File "/home/airflow/.local/lib/python3.11/site-packages/airflow/utils/cli.py", line 116, in wrapper
    return f(*args, **kwargs)
           ^^^^^^^^^^^^^^^^^^
  File "/home/airflow/.local/lib/python3.11/site-packages/airflow/cli/commands/task_command.py", line 483, in task_run
    task_return_code = _run_task_by_selected_method(args, _dag, ti)
                       ^^^^^^^^^^^^^^^^^^^^^^^^^^^^^^^^^^^^^^^^^^^^
  File "/home/airflow/.local/lib/python3.11/site-packages/airflow/cli/commands/task_command.py", line 256, in _run_task_by_selected_method
    return _run_raw_task(args, ti)
           ^^^^^^^^^^^^^^^^^^^^^^^
  File "/home/airflow/.local/lib/python3.11/site-packages/airflow/cli/commands/task_command.py", line 341, in _run_raw_task
    return ti._run_raw_task(
           ^^^^^^^^^^^^^^^^^
  File "/home/airflow/.local/lib/python3.11/site-packages/airflow/utils/session.py", line 97, in wrapper
    return func(*args, session=session, **kwargs)
           ^^^^^^^^^^^^^^^^^^^^^^^^^^^^^^^^^^^^^^
  File "/home/airflow/.local/lib/python3.11/site-packages/airflow/models/taskinstance.py", line 3005, in _run_raw_task
    return _run_raw_task(
           ^^^^^^^^^^^^^^
  File "/home/airflow/.local/lib/python3.11/site-packages/airflow/models/taskinstance.py", line 273, in _run_raw_task
    TaskInstance._execute_task_with_callbacks(
  File "/home/airflow/.local/lib/python3.11/site-packages/airflow/models/taskinstance.py", line 3159, in _execute_task_with_callbacks
    result = self._execute_task(context, task_orig)
             ^^^^^^^^^^^^^^^^^^^^^^^^^^^^^^^^^^^^^^
  File "/home/airflow/.local/lib/python3.11/site-packages/airflow/models/taskinstance.py", line 3183, in _execute_task
    return _execute_task(self, context, task_orig)
           ^^^^^^^^^^^^^^^^^^^^^^^^^^^^^^^^^^^^^^^
  File "/home/airflow/.local/lib/python3.11/site-packages/airflow/models/taskinstance.py", line 767, in _execute_task
    result = _execute_callable(context=context, **execute_callable_kwargs)
             ^^^^^^^^^^^^^^^^^^^^^^^^^^^^^^^^^^^^^^^^^^^^^^^^^^^^^^^^^^^^^
  File "/home/airflow/.local/lib/python3.11/site-packages/airflow/models/taskinstance.py", line 733, in _execute_callable
    return ExecutionCallableRunner(
           ^^^^^^^^^^^^^^^^^^^^^^^^
  File "/home/airflow/.local/lib/python3.11/site-packages/airflow/utils/operator_helpers.py", line 252, in run
    return self.func(*args, **kwargs)
           ^^^^^^^^^^^^^^^^^^^^^^^^^^
  File "/home/airflow/.local/lib/python3.11/site-packages/airflow/models/baseoperator.py", line 422, in wrapper
    return func(self, *args, **kwargs)
           ^^^^^^^^^^^^^^^^^^^^^^^^^^^
  File "/home/airflow/.local/lib/python3.11/site-packages/airflow/providers/apache/spark/operators/spark_submit.py", line 176, in execute
    self._hook.submit(self.application)
  File "/home/airflow/.local/lib/python3.11/site-packages/airflow/providers/apache/spark/hooks/spark_submit.py", line 560, in submit
    raise AirflowException(
airflow.exceptions.AirflowException: Cannot execute: spark-submit --master spark://spark-master-1:7077 --name arrow-spark --verbose --deploy-mode client /opt/bitnami/spark/jobs/python/wordcountjob.py. Error code is: 2.
[2024-12-17T23:22:32.967+0000] {local_task_job_runner.py:266} INFO - Task exited with return code 1
[2024-12-17T23:22:32.986+0000] {taskinstance.py:3895} INFO - 0 downstream tasks scheduled from follow-on schedule check
[2024-12-17T23:22:32.989+0000] {local_task_job_runner.py:245} INFO - ::endgroup::
