[2024-12-17T23:33:05.338+0000] {local_task_job_runner.py:123} INFO - ::group::Pre task execution logs
[2024-12-17T23:33:05.353+0000] {taskinstance.py:2613} INFO - Dependencies all met for dep_context=non-requeueable deps ti=<TaskInstance: pyspark_job_dag.spark_submit_task manual__2024-12-17T23:33:03.412872+00:00 [queued]>
[2024-12-17T23:33:05.360+0000] {taskinstance.py:2613} INFO - Dependencies all met for dep_context=requeueable deps ti=<TaskInstance: pyspark_job_dag.spark_submit_task manual__2024-12-17T23:33:03.412872+00:00 [queued]>
[2024-12-17T23:33:05.363+0000] {taskinstance.py:2866} INFO - Starting attempt 1 of 3
[2024-12-17T23:33:05.374+0000] {taskinstance.py:2889} INFO - Executing <Task(SparkSubmitOperator): spark_submit_task> on 2024-12-17 23:33:03.412872+00:00
[2024-12-17T23:33:05.380+0000] {standard_task_runner.py:72} INFO - Started process 1228 to run task
[2024-12-17T23:33:05.382+0000] {standard_task_runner.py:104} INFO - Running: ['***', 'tasks', 'run', 'pyspark_job_dag', 'spark_submit_task', 'manual__2024-12-17T23:33:03.412872+00:00', '--job-id', '80', '--raw', '--subdir', 'DAGS_FOLDER/spark_***.py', '--cfg-path', '/tmp/tmps2__d6wa']
[2024-12-17T23:33:05.386+0000] {standard_task_runner.py:105} INFO - Job 80: Subtask spark_submit_task
[2024-12-17T23:33:05.429+0000] {task_command.py:467} INFO - Running <TaskInstance: pyspark_job_dag.spark_submit_task manual__2024-12-17T23:33:03.412872+00:00 [running]> on host 0d65af53af6d
[2024-12-17T23:33:05.507+0000] {taskinstance.py:3132} INFO - Exporting env vars: AIRFLOW_CTX_DAG_OWNER='Haris Syd' AIRFLOW_CTX_DAG_ID='pyspark_job_dag' AIRFLOW_CTX_TASK_ID='spark_submit_task' AIRFLOW_CTX_EXECUTION_DATE='2024-12-17T23:33:03.412872+00:00' AIRFLOW_CTX_TRY_NUMBER='1' AIRFLOW_CTX_DAG_RUN_ID='manual__2024-12-17T23:33:03.412872+00:00'
[2024-12-17T23:33:05.509+0000] {taskinstance.py:731} INFO - ::endgroup::
[2024-12-17T23:33:05.526+0000] {base.py:84} INFO - Retrieving connection 'spark_conn'
[2024-12-17T23:33:05.528+0000] {spark_submit.py:473} INFO - Spark-Submit cmd: spark-submit --master spark://spark-master:7077 --name arrow-spark --verbose --deploy-mode client /opt/***/jobs/python/wordcountjob.py
[2024-12-17T23:33:06.900+0000] {spark_submit.py:634} INFO - Using properties file: null
[2024-12-17T23:33:07.016+0000] {spark_submit.py:634} INFO - Parsed arguments:
[2024-12-17T23:33:07.018+0000] {spark_submit.py:634} INFO - master                  spark://spark-master:7077
[2024-12-17T23:33:07.019+0000] {spark_submit.py:634} INFO - remote                  null
[2024-12-17T23:33:07.020+0000] {spark_submit.py:634} INFO - deployMode              client
[2024-12-17T23:33:07.020+0000] {spark_submit.py:634} INFO - executorMemory          null
[2024-12-17T23:33:07.021+0000] {spark_submit.py:634} INFO - executorCores           null
[2024-12-17T23:33:07.022+0000] {spark_submit.py:634} INFO - totalExecutorCores      null
[2024-12-17T23:33:07.023+0000] {spark_submit.py:634} INFO - propertiesFile          null
[2024-12-17T23:33:07.024+0000] {spark_submit.py:634} INFO - driverMemory            null
[2024-12-17T23:33:07.025+0000] {spark_submit.py:634} INFO - driverCores             null
[2024-12-17T23:33:07.025+0000] {spark_submit.py:634} INFO - driverExtraClassPath    null
[2024-12-17T23:33:07.026+0000] {spark_submit.py:634} INFO - driverExtraLibraryPath  null
[2024-12-17T23:33:07.027+0000] {spark_submit.py:634} INFO - driverExtraJavaOptions  null
[2024-12-17T23:33:07.028+0000] {spark_submit.py:634} INFO - supervise               false
[2024-12-17T23:33:07.028+0000] {spark_submit.py:634} INFO - queue                   null
[2024-12-17T23:33:07.029+0000] {spark_submit.py:634} INFO - numExecutors            null
[2024-12-17T23:33:07.029+0000] {spark_submit.py:634} INFO - files                   null
[2024-12-17T23:33:07.030+0000] {spark_submit.py:634} INFO - pyFiles                 null
[2024-12-17T23:33:07.030+0000] {spark_submit.py:634} INFO - archives                null
[2024-12-17T23:33:07.031+0000] {spark_submit.py:634} INFO - mainClass               null
[2024-12-17T23:33:07.032+0000] {spark_submit.py:634} INFO - primaryResource         file:/opt/***/jobs/python/wordcountjob.py
[2024-12-17T23:33:07.032+0000] {spark_submit.py:634} INFO - name                    arrow-spark
[2024-12-17T23:33:07.033+0000] {spark_submit.py:634} INFO - childArgs               []
[2024-12-17T23:33:07.034+0000] {spark_submit.py:634} INFO - jars                    null
[2024-12-17T23:33:07.034+0000] {spark_submit.py:634} INFO - packages                null
[2024-12-17T23:33:07.035+0000] {spark_submit.py:634} INFO - packagesExclusions      null
[2024-12-17T23:33:07.036+0000] {spark_submit.py:634} INFO - repositories            null
[2024-12-17T23:33:07.036+0000] {spark_submit.py:634} INFO - verbose                 true
[2024-12-17T23:33:07.037+0000] {spark_submit.py:634} INFO - 
[2024-12-17T23:33:07.038+0000] {spark_submit.py:634} INFO - Spark properties used, including those specified through
[2024-12-17T23:33:07.038+0000] {spark_submit.py:634} INFO - --conf and those from the properties file null:
[2024-12-17T23:33:07.039+0000] {spark_submit.py:634} INFO - 
[2024-12-17T23:33:07.040+0000] {spark_submit.py:634} INFO - 
[2024-12-17T23:33:07.041+0000] {spark_submit.py:634} INFO - 
[2024-12-17T23:33:07.357+0000] {spark_submit.py:634} INFO - Main class:
[2024-12-17T23:33:07.358+0000] {spark_submit.py:634} INFO - org.apache.spark.deploy.PythonRunner
[2024-12-17T23:33:07.359+0000] {spark_submit.py:634} INFO - Arguments:
[2024-12-17T23:33:07.360+0000] {spark_submit.py:634} INFO - file:/opt/***/jobs/python/wordcountjob.py
[2024-12-17T23:33:07.361+0000] {spark_submit.py:634} INFO - null
[2024-12-17T23:33:07.365+0000] {spark_submit.py:634} INFO - Spark config:
[2024-12-17T23:33:07.366+0000] {spark_submit.py:634} INFO - (spark.app.name,arrow-spark)
[2024-12-17T23:33:07.368+0000] {spark_submit.py:634} INFO - (spark.app.submitTime,1734478387333)
[2024-12-17T23:33:07.370+0000] {spark_submit.py:634} INFO - (spark.master,spark://spark-master:7077)
[2024-12-17T23:33:07.370+0000] {spark_submit.py:634} INFO - (spark.submit.deployMode,client)
[2024-12-17T23:33:07.371+0000] {spark_submit.py:634} INFO - (spark.submit.pyFiles,)
[2024-12-17T23:33:07.372+0000] {spark_submit.py:634} INFO - Classpath elements:
[2024-12-17T23:33:07.373+0000] {spark_submit.py:634} INFO - 
[2024-12-17T23:33:07.374+0000] {spark_submit.py:634} INFO - 
[2024-12-17T23:33:07.375+0000] {spark_submit.py:634} INFO - 
[2024-12-17T23:33:08.383+0000] {spark_submit.py:634} INFO - 24/12/17 23:33:08 INFO SparkContext: Running Spark version 3.4.1
[2024-12-17T23:33:08.450+0000] {spark_submit.py:634} INFO - 24/12/17 23:33:08 WARN NativeCodeLoader: Unable to load native-hadoop library for your platform... using builtin-java classes where applicable
[2024-12-17T23:33:08.531+0000] {spark_submit.py:634} INFO - 24/12/17 23:33:08 INFO ResourceUtils: ==============================================================
[2024-12-17T23:33:08.532+0000] {spark_submit.py:634} INFO - 24/12/17 23:33:08 INFO ResourceUtils: No custom resources configured for spark.driver.
[2024-12-17T23:33:08.533+0000] {spark_submit.py:634} INFO - 24/12/17 23:33:08 INFO ResourceUtils: ==============================================================
[2024-12-17T23:33:08.534+0000] {spark_submit.py:634} INFO - 24/12/17 23:33:08 INFO SparkContext: Submitted application: PythonWordCount
[2024-12-17T23:33:08.548+0000] {spark_submit.py:634} INFO - 24/12/17 23:33:08 INFO ResourceProfile: Default ResourceProfile created, executor resources: Map(memory -> name: memory, amount: 1024, script: , vendor: , offHeap -> name: offHeap, amount: 0, script: , vendor: ), task resources: Map(cpus -> name: cpus, amount: 1.0)
[2024-12-17T23:33:08.558+0000] {spark_submit.py:634} INFO - 24/12/17 23:33:08 INFO ResourceProfile: Limiting resource is cpu
[2024-12-17T23:33:08.560+0000] {spark_submit.py:634} INFO - 24/12/17 23:33:08 INFO ResourceProfileManager: Added ResourceProfile id: 0
[2024-12-17T23:33:08.599+0000] {spark_submit.py:634} INFO - 24/12/17 23:33:08 INFO SecurityManager: Changing view acls to: ***
[2024-12-17T23:33:08.601+0000] {spark_submit.py:634} INFO - 24/12/17 23:33:08 INFO SecurityManager: Changing modify acls to: ***
[2024-12-17T23:33:08.602+0000] {spark_submit.py:634} INFO - 24/12/17 23:33:08 INFO SecurityManager: Changing view acls groups to:
[2024-12-17T23:33:08.603+0000] {spark_submit.py:634} INFO - 24/12/17 23:33:08 INFO SecurityManager: Changing modify acls groups to:
[2024-12-17T23:33:08.605+0000] {spark_submit.py:634} INFO - 24/12/17 23:33:08 INFO SecurityManager: SecurityManager: authentication disabled; ui acls disabled; users with view permissions: ***; groups with view permissions: EMPTY; users with modify permissions: ***; groups with modify permissions: EMPTY
[2024-12-17T23:33:08.812+0000] {spark_submit.py:634} INFO - 24/12/17 23:33:08 INFO Utils: Successfully started service 'sparkDriver' on port 40401.
[2024-12-17T23:33:08.837+0000] {spark_submit.py:634} INFO - 24/12/17 23:33:08 INFO SparkEnv: Registering MapOutputTracker
[2024-12-17T23:33:08.867+0000] {spark_submit.py:634} INFO - 24/12/17 23:33:08 INFO SparkEnv: Registering BlockManagerMaster
[2024-12-17T23:33:08.883+0000] {spark_submit.py:634} INFO - 24/12/17 23:33:08 INFO BlockManagerMasterEndpoint: Using org.apache.spark.storage.DefaultTopologyMapper for getting topology information
[2024-12-17T23:33:08.884+0000] {spark_submit.py:634} INFO - 24/12/17 23:33:08 INFO BlockManagerMasterEndpoint: BlockManagerMasterEndpoint up
[2024-12-17T23:33:08.887+0000] {spark_submit.py:634} INFO - 24/12/17 23:33:08 INFO SparkEnv: Registering BlockManagerMasterHeartbeat
[2024-12-17T23:33:08.905+0000] {spark_submit.py:634} INFO - 24/12/17 23:33:08 INFO DiskBlockManager: Created local directory at /tmp/blockmgr-bcfe8aff-4e9a-4900-b0c4-ea66180d9105
[2024-12-17T23:33:08.921+0000] {spark_submit.py:634} INFO - 24/12/17 23:33:08 INFO MemoryStore: MemoryStore started with capacity 434.4 MiB
[2024-12-17T23:33:08.938+0000] {spark_submit.py:634} INFO - 24/12/17 23:33:08 INFO SparkEnv: Registering OutputCommitCoordinator
[2024-12-17T23:33:09.061+0000] {spark_submit.py:634} INFO - 24/12/17 23:33:09 INFO JettyUtils: Start Jetty 0.0.0.0:4040 for SparkUI
[2024-12-17T23:33:09.106+0000] {spark_submit.py:634} INFO - 24/12/17 23:33:09 INFO Utils: Successfully started service 'SparkUI' on port 4040.
[2024-12-17T23:33:09.204+0000] {spark_submit.py:634} INFO - 24/12/17 23:33:09 INFO StandaloneAppClient$ClientEndpoint: Connecting to master spark://spark-master:7077...
[2024-12-17T23:33:09.255+0000] {spark_submit.py:634} INFO - 24/12/17 23:33:09 INFO TransportClientFactory: Successfully created connection to spark-master/172.25.0.3:7077 after 32 ms (0 ms spent in bootstraps)
[2024-12-17T23:33:09.509+0000] {spark_submit.py:634} INFO - 24/12/17 23:33:09 INFO StandaloneSchedulerBackend: Connected to Spark cluster with app ID app-20241217233309-0000
[2024-12-17T23:33:09.517+0000] {spark_submit.py:634} INFO - 24/12/17 23:33:09 INFO Utils: Successfully started service 'org.apache.spark.network.netty.NettyBlockTransferService' on port 37335.
[2024-12-17T23:33:09.518+0000] {spark_submit.py:634} INFO - 24/12/17 23:33:09 INFO NettyBlockTransferService: Server created on 0d65af53af6d:37335
[2024-12-17T23:33:09.520+0000] {spark_submit.py:634} INFO - 24/12/17 23:33:09 INFO BlockManager: Using org.apache.spark.storage.RandomBlockReplicationPolicy for block replication policy
[2024-12-17T23:33:09.527+0000] {spark_submit.py:634} INFO - 24/12/17 23:33:09 INFO BlockManagerMaster: Registering BlockManager BlockManagerId(driver, 0d65af53af6d, 37335, None)
[2024-12-17T23:33:09.530+0000] {spark_submit.py:634} INFO - 24/12/17 23:33:09 INFO BlockManagerMasterEndpoint: Registering block manager 0d65af53af6d:37335 with 434.4 MiB RAM, BlockManagerId(driver, 0d65af53af6d, 37335, None)
[2024-12-17T23:33:09.533+0000] {spark_submit.py:634} INFO - 24/12/17 23:33:09 INFO BlockManagerMaster: Registered BlockManager BlockManagerId(driver, 0d65af53af6d, 37335, None)
[2024-12-17T23:33:09.535+0000] {spark_submit.py:634} INFO - 24/12/17 23:33:09 INFO BlockManager: Initialized BlockManager: BlockManagerId(driver, 0d65af53af6d, 37335, None)
[2024-12-17T23:33:09.554+0000] {spark_submit.py:634} INFO - 24/12/17 23:33:09 INFO StandaloneAppClient$ClientEndpoint: Executor added: app-20241217233309-0000/0 on worker-20241217223752-172.25.0.5-46089 (172.25.0.5:46089) with 2 core(s)
[2024-12-17T23:33:09.565+0000] {spark_submit.py:634} INFO - 24/12/17 23:33:09 INFO StandaloneSchedulerBackend: Granted executor ID app-20241217233309-0000/0 on hostPort 172.25.0.5:46089 with 2 core(s), 1024.0 MiB RAM
[2024-12-17T23:33:09.845+0000] {spark_submit.py:634} INFO - 24/12/17 23:33:09 INFO StandaloneSchedulerBackend: SchedulerBackend is ready for scheduling beginning after reached minRegisteredResourcesRatio: 0.0
[2024-12-17T23:33:09.960+0000] {spark_submit.py:634} INFO - 24/12/17 23:33:09 INFO StandaloneAppClient$ClientEndpoint: Executor updated: app-20241217233309-0000/0 is now RUNNING
[2024-12-17T23:33:10.578+0000] {spark_submit.py:634} INFO - 24/12/17 23:33:10 INFO SparkContext: Starting job: collect at /opt/***/jobs/python/wordcountjob.py:14
[2024-12-17T23:33:10.617+0000] {spark_submit.py:634} INFO - 24/12/17 23:33:10 INFO DAGScheduler: Registering RDD 2 (reduceByKey at /opt/***/jobs/python/wordcountjob.py:11) as input to shuffle 0
[2024-12-17T23:33:10.632+0000] {spark_submit.py:634} INFO - 24/12/17 23:33:10 INFO DAGScheduler: Got job 0 (collect at /opt/***/jobs/python/wordcountjob.py:14) with 2 output partitions
[2024-12-17T23:33:10.634+0000] {spark_submit.py:634} INFO - 24/12/17 23:33:10 INFO DAGScheduler: Final stage: ResultStage 1 (collect at /opt/***/jobs/python/wordcountjob.py:14)
[2024-12-17T23:33:10.635+0000] {spark_submit.py:634} INFO - 24/12/17 23:33:10 INFO DAGScheduler: Parents of final stage: List(ShuffleMapStage 0)
[2024-12-17T23:33:10.637+0000] {spark_submit.py:634} INFO - 24/12/17 23:33:10 INFO DAGScheduler: Missing parents: List(ShuffleMapStage 0)
[2024-12-17T23:33:10.660+0000] {spark_submit.py:634} INFO - 24/12/17 23:33:10 INFO DAGScheduler: Submitting ShuffleMapStage 0 (PairwiseRDD[2] at reduceByKey at /opt/***/jobs/python/wordcountjob.py:11), which has no missing parents
[2024-12-17T23:33:10.802+0000] {spark_submit.py:634} INFO - 24/12/17 23:33:10 INFO MemoryStore: Block broadcast_0 stored as values in memory (estimated size 11.1 KiB, free 434.4 MiB)
[2024-12-17T23:33:10.857+0000] {spark_submit.py:634} INFO - 24/12/17 23:33:10 INFO MemoryStore: Block broadcast_0_piece0 stored as bytes in memory (estimated size 7.0 KiB, free 434.4 MiB)
[2024-12-17T23:33:10.863+0000] {spark_submit.py:634} INFO - 24/12/17 23:33:10 INFO BlockManagerInfo: Added broadcast_0_piece0 in memory on 0d65af53af6d:37335 (size: 7.0 KiB, free: 434.4 MiB)
[2024-12-17T23:33:10.867+0000] {spark_submit.py:634} INFO - 24/12/17 23:33:10 INFO SparkContext: Created broadcast 0 from broadcast at DAGScheduler.scala:1535
[2024-12-17T23:33:10.886+0000] {spark_submit.py:634} INFO - 24/12/17 23:33:10 INFO DAGScheduler: Submitting 2 missing tasks from ShuffleMapStage 0 (PairwiseRDD[2] at reduceByKey at /opt/***/jobs/python/wordcountjob.py:11) (first 15 tasks are for partitions Vector(0, 1))
[2024-12-17T23:33:10.888+0000] {spark_submit.py:634} INFO - 24/12/17 23:33:10 INFO TaskSchedulerImpl: Adding task set 0.0 with 2 tasks resource profile 0
[2024-12-17T23:33:12.877+0000] {spark_submit.py:634} INFO - 24/12/17 23:33:12 INFO StandaloneSchedulerBackend$StandaloneDriverEndpoint: Registered executor NettyRpcEndpointRef(spark-client://Executor) (172.25.0.5:55368) with ID 0,  ResourceProfileId 0
[2024-12-17T23:33:12.953+0000] {spark_submit.py:634} INFO - 24/12/17 23:33:12 INFO BlockManagerMasterEndpoint: Registering block manager 172.25.0.5:42099 with 434.4 MiB RAM, BlockManagerId(0, 172.25.0.5, 42099, None)
[2024-12-17T23:33:13.022+0000] {spark_submit.py:634} INFO - 24/12/17 23:33:13 INFO TaskSetManager: Starting task 0.0 in stage 0.0 (TID 0) (172.25.0.5, executor 0, partition 0, PROCESS_LOCAL, 7395 bytes)
[2024-12-17T23:33:13.028+0000] {spark_submit.py:634} INFO - 24/12/17 23:33:13 INFO TaskSetManager: Starting task 1.0 in stage 0.0 (TID 1) (172.25.0.5, executor 0, partition 1, PROCESS_LOCAL, 7397 bytes)
[2024-12-17T23:33:13.316+0000] {spark_submit.py:634} INFO - 24/12/17 23:33:13 INFO BlockManagerInfo: Added broadcast_0_piece0 in memory on 172.25.0.5:42099 (size: 7.0 KiB, free: 434.4 MiB)
[2024-12-17T23:33:15.279+0000] {spark_submit.py:634} INFO - 24/12/17 23:33:15 INFO TaskSetManager: Finished task 1.0 in stage 0.0 (TID 1) in 2251 ms on 172.25.0.5 (executor 0) (1/2)
[2024-12-17T23:33:15.295+0000] {spark_submit.py:634} INFO - 24/12/17 23:33:15 INFO TaskSetManager: Finished task 0.0 in stage 0.0 (TID 0) in 2287 ms on 172.25.0.5 (executor 0) (2/2)
[2024-12-17T23:33:15.298+0000] {spark_submit.py:634} INFO - 24/12/17 23:33:15 INFO TaskSchedulerImpl: Removed TaskSet 0.0, whose tasks have all completed, from pool
[2024-12-17T23:33:15.301+0000] {spark_submit.py:634} INFO - 24/12/17 23:33:15 INFO PythonAccumulatorV2: Connected to AccumulatorServer at host: 127.0.0.1 port: 35325
[2024-12-17T23:33:15.321+0000] {spark_submit.py:634} INFO - 24/12/17 23:33:15 INFO DAGScheduler: ShuffleMapStage 0 (reduceByKey at /opt/***/jobs/python/wordcountjob.py:11) finished in 4.607 s
[2024-12-17T23:33:15.323+0000] {spark_submit.py:634} INFO - 24/12/17 23:33:15 INFO DAGScheduler: looking for newly runnable stages
[2024-12-17T23:33:15.324+0000] {spark_submit.py:634} INFO - 24/12/17 23:33:15 INFO DAGScheduler: running: Set()
[2024-12-17T23:33:15.325+0000] {spark_submit.py:634} INFO - 24/12/17 23:33:15 INFO DAGScheduler: waiting: Set(ResultStage 1)
[2024-12-17T23:33:15.326+0000] {spark_submit.py:634} INFO - 24/12/17 23:33:15 INFO DAGScheduler: failed: Set()
[2024-12-17T23:33:15.331+0000] {spark_submit.py:634} INFO - 24/12/17 23:33:15 INFO DAGScheduler: Submitting ResultStage 1 (PythonRDD[5] at collect at /opt/***/jobs/python/wordcountjob.py:14), which has no missing parents
[2024-12-17T23:33:15.351+0000] {spark_submit.py:634} INFO - 24/12/17 23:33:15 INFO MemoryStore: Block broadcast_1 stored as values in memory (estimated size 10.0 KiB, free 434.4 MiB)
[2024-12-17T23:33:15.353+0000] {spark_submit.py:634} INFO - 24/12/17 23:33:15 INFO MemoryStore: Block broadcast_1_piece0 stored as bytes in memory (estimated size 6.0 KiB, free 434.4 MiB)
[2024-12-17T23:33:15.354+0000] {spark_submit.py:634} INFO - 24/12/17 23:33:15 INFO BlockManagerInfo: Added broadcast_1_piece0 in memory on 0d65af53af6d:37335 (size: 6.0 KiB, free: 434.4 MiB)
[2024-12-17T23:33:15.355+0000] {spark_submit.py:634} INFO - 24/12/17 23:33:15 INFO SparkContext: Created broadcast 1 from broadcast at DAGScheduler.scala:1535
[2024-12-17T23:33:15.357+0000] {spark_submit.py:634} INFO - 24/12/17 23:33:15 INFO DAGScheduler: Submitting 2 missing tasks from ResultStage 1 (PythonRDD[5] at collect at /opt/***/jobs/python/wordcountjob.py:14) (first 15 tasks are for partitions Vector(0, 1))
[2024-12-17T23:33:15.358+0000] {spark_submit.py:634} INFO - 24/12/17 23:33:15 INFO TaskSchedulerImpl: Adding task set 1.0 with 2 tasks resource profile 0
[2024-12-17T23:33:15.368+0000] {spark_submit.py:634} INFO - 24/12/17 23:33:15 INFO TaskSetManager: Starting task 0.0 in stage 1.0 (TID 2) (172.25.0.5, executor 0, partition 0, NODE_LOCAL, 7185 bytes)
[2024-12-17T23:33:15.369+0000] {spark_submit.py:634} INFO - 24/12/17 23:33:15 INFO TaskSetManager: Starting task 1.0 in stage 1.0 (TID 3) (172.25.0.5, executor 0, partition 1, NODE_LOCAL, 7185 bytes)
[2024-12-17T23:33:15.395+0000] {spark_submit.py:634} INFO - 24/12/17 23:33:15 INFO BlockManagerInfo: Added broadcast_1_piece0 in memory on 172.25.0.5:42099 (size: 6.0 KiB, free: 434.4 MiB)
[2024-12-17T23:33:15.599+0000] {spark_submit.py:634} INFO - 24/12/17 23:33:15 INFO MapOutputTrackerMasterEndpoint: Asked to send map output locations for shuffle 0 to 172.25.0.5:55368
[2024-12-17T23:33:15.904+0000] {spark_submit.py:634} INFO - 24/12/17 23:33:15 INFO TaskSetManager: Finished task 1.0 in stage 1.0 (TID 3) in 535 ms on 172.25.0.5 (executor 0) (1/2)
[2024-12-17T23:33:15.916+0000] {spark_submit.py:634} INFO - 24/12/17 23:33:15 INFO TaskSetManager: Finished task 0.0 in stage 1.0 (TID 2) in 552 ms on 172.25.0.5 (executor 0) (2/2)
[2024-12-17T23:33:15.917+0000] {spark_submit.py:634} INFO - 24/12/17 23:33:15 INFO TaskSchedulerImpl: Removed TaskSet 1.0, whose tasks have all completed, from pool
[2024-12-17T23:33:15.918+0000] {spark_submit.py:634} INFO - 24/12/17 23:33:15 INFO DAGScheduler: ResultStage 1 (collect at /opt/***/jobs/python/wordcountjob.py:14) finished in 0.571 s
[2024-12-17T23:33:15.922+0000] {spark_submit.py:634} INFO - 24/12/17 23:33:15 INFO DAGScheduler: Job 0 is finished. Cancelling potential speculative or zombie tasks for this job
[2024-12-17T23:33:15.923+0000] {spark_submit.py:634} INFO - 24/12/17 23:33:15 INFO TaskSchedulerImpl: Killing all running tasks in stage 1: Stage finished
[2024-12-17T23:33:15.925+0000] {spark_submit.py:634} INFO - 24/12/17 23:33:15 INFO DAGScheduler: Job 0 finished: collect at /opt/***/jobs/python/wordcountjob.py:14, took 5.346914 s
[2024-12-17T23:33:15.946+0000] {spark_submit.py:634} INFO - Python 1
[2024-12-17T23:33:15.948+0000] {spark_submit.py:634} INFO - Airflow 1
[2024-12-17T23:33:15.949+0000] {spark_submit.py:634} INFO - Docker 1
[2024-12-17T23:33:15.950+0000] {spark_submit.py:634} INFO - Hello 4
[2024-12-17T23:33:15.951+0000] {spark_submit.py:634} INFO - Spark 1
[2024-12-17T23:33:15.951+0000] {spark_submit.py:634} INFO - 24/12/17 23:33:15 INFO SparkContext: SparkContext is stopping with exitCode 0.
[2024-12-17T23:33:15.960+0000] {spark_submit.py:634} INFO - 24/12/17 23:33:15 INFO SparkUI: Stopped Spark web UI at http://0d65af53af6d:4040
[2024-12-17T23:33:15.967+0000] {spark_submit.py:634} INFO - 24/12/17 23:33:15 INFO StandaloneSchedulerBackend: Shutting down all executors
[2024-12-17T23:33:15.968+0000] {spark_submit.py:634} INFO - 24/12/17 23:33:15 INFO StandaloneSchedulerBackend$StandaloneDriverEndpoint: Asking each executor to shut down
[2024-12-17T23:33:15.990+0000] {spark_submit.py:634} INFO - 24/12/17 23:33:15 INFO MapOutputTrackerMasterEndpoint: MapOutputTrackerMasterEndpoint stopped!
[2024-12-17T23:33:16.025+0000] {spark_submit.py:634} INFO - 24/12/17 23:33:16 INFO MemoryStore: MemoryStore cleared
[2024-12-17T23:33:16.027+0000] {spark_submit.py:634} INFO - 24/12/17 23:33:16 INFO BlockManager: BlockManager stopped
[2024-12-17T23:33:16.034+0000] {spark_submit.py:634} INFO - 24/12/17 23:33:16 INFO BlockManagerMaster: BlockManagerMaster stopped
[2024-12-17T23:33:16.037+0000] {spark_submit.py:634} INFO - 24/12/17 23:33:16 INFO OutputCommitCoordinator$OutputCommitCoordinatorEndpoint: OutputCommitCoordinator stopped!
[2024-12-17T23:33:16.062+0000] {spark_submit.py:634} INFO - 24/12/17 23:33:16 INFO SparkContext: Successfully stopped SparkContext
[2024-12-17T23:33:16.972+0000] {spark_submit.py:634} INFO - 24/12/17 23:33:16 INFO ShutdownHookManager: Shutdown hook called
[2024-12-17T23:33:16.973+0000] {spark_submit.py:634} INFO - 24/12/17 23:33:16 INFO ShutdownHookManager: Deleting directory /tmp/spark-af7e08f8-1490-435d-8e3d-c65f9611465b
[2024-12-17T23:33:16.976+0000] {spark_submit.py:634} INFO - 24/12/17 23:33:16 INFO ShutdownHookManager: Deleting directory /tmp/spark-834bcdf6-ad2b-4b76-be0a-8983be437827
[2024-12-17T23:33:16.982+0000] {spark_submit.py:634} INFO - 24/12/17 23:33:16 INFO ShutdownHookManager: Deleting directory /tmp/spark-834bcdf6-ad2b-4b76-be0a-8983be437827/pyspark-0e5f4c7c-a97c-4064-b7b7-cf802f16cae4
[2024-12-17T23:33:17.031+0000] {taskinstance.py:340} INFO - ::group::Post task execution logs
[2024-12-17T23:33:17.032+0000] {taskinstance.py:352} INFO - Marking task as SUCCESS. dag_id=pyspark_job_dag, task_id=spark_submit_task, run_id=manual__2024-12-17T23:33:03.412872+00:00, execution_date=20241217T233303, start_date=20241217T233305, end_date=20241217T233317
[2024-12-17T23:33:17.073+0000] {local_task_job_runner.py:266} INFO - Task exited with return code 0
[2024-12-17T23:33:17.108+0000] {taskinstance.py:3895} INFO - 1 downstream tasks scheduled from follow-on schedule check
[2024-12-17T23:33:17.112+0000] {local_task_job_runner.py:245} INFO - ::endgroup::
