[2024-12-17T23:13:40.260+0000] {local_task_job_runner.py:123} INFO - ::group::Pre task execution logs
[2024-12-17T23:13:40.280+0000] {taskinstance.py:2613} INFO - Dependencies all met for dep_context=non-requeueable deps ti=<TaskInstance: pyspark_job_dag.spark_submit_task manual__2024-12-17T23:13:37.875691+00:00 [queued]>
[2024-12-17T23:13:40.289+0000] {taskinstance.py:2613} INFO - Dependencies all met for dep_context=requeueable deps ti=<TaskInstance: pyspark_job_dag.spark_submit_task manual__2024-12-17T23:13:37.875691+00:00 [queued]>
[2024-12-17T23:13:40.291+0000] {taskinstance.py:2866} INFO - Starting attempt 1 of 3
[2024-12-17T23:13:40.302+0000] {taskinstance.py:2889} INFO - Executing <Task(SparkSubmitOperator): spark_submit_task> on 2024-12-17 23:13:37.875691+00:00
[2024-12-17T23:13:40.309+0000] {standard_task_runner.py:72} INFO - Started process 240 to run task
[2024-12-17T23:13:40.312+0000] {standard_task_runner.py:104} INFO - Running: ['***', 'tasks', 'run', 'pyspark_job_dag', 'spark_submit_task', 'manual__2024-12-17T23:13:37.875691+00:00', '--job-id', '69', '--raw', '--subdir', 'DAGS_FOLDER/spark_***.py', '--cfg-path', '/tmp/tmp__q4fdd0']
[2024-12-17T23:13:40.315+0000] {standard_task_runner.py:105} INFO - Job 69: Subtask spark_submit_task
[2024-12-17T23:13:40.363+0000] {task_command.py:467} INFO - Running <TaskInstance: pyspark_job_dag.spark_submit_task manual__2024-12-17T23:13:37.875691+00:00 [running]> on host 0d65af53af6d
[2024-12-17T23:13:40.465+0000] {taskinstance.py:3132} INFO - Exporting env vars: AIRFLOW_CTX_DAG_OWNER='Haris Syd' AIRFLOW_CTX_DAG_ID='pyspark_job_dag' AIRFLOW_CTX_TASK_ID='spark_submit_task' AIRFLOW_CTX_EXECUTION_DATE='2024-12-17T23:13:37.875691+00:00' AIRFLOW_CTX_TRY_NUMBER='1' AIRFLOW_CTX_DAG_RUN_ID='manual__2024-12-17T23:13:37.875691+00:00'
[2024-12-17T23:13:40.466+0000] {taskinstance.py:731} INFO - ::endgroup::
[2024-12-17T23:13:40.491+0000] {base.py:84} INFO - Retrieving connection 'spark_conn'
[2024-12-17T23:13:40.492+0000] {spark_submit.py:473} INFO - Spark-Submit cmd: spark-submit --master spark://sparkingflow-spark-master-1:7077 --name arrow-spark --verbose --deploy-mode client /opt/bitnami/spark/jobs/python/wordcountjob.py
[2024-12-17T23:13:44.624+0000] {spark_submit.py:634} INFO - Using properties file: null
[2024-12-17T23:13:44.812+0000] {spark_submit.py:634} INFO - Parsed arguments:
[2024-12-17T23:13:44.814+0000] {spark_submit.py:634} INFO - master                  spark://sparkingflow-spark-master-1:7077
[2024-12-17T23:13:44.816+0000] {spark_submit.py:634} INFO - remote                  null
[2024-12-17T23:13:44.818+0000] {spark_submit.py:634} INFO - deployMode              client
[2024-12-17T23:13:44.818+0000] {spark_submit.py:634} INFO - executorMemory          null
[2024-12-17T23:13:44.820+0000] {spark_submit.py:634} INFO - executorCores           null
[2024-12-17T23:13:44.821+0000] {spark_submit.py:634} INFO - totalExecutorCores      null
[2024-12-17T23:13:44.826+0000] {spark_submit.py:634} INFO - propertiesFile          null
[2024-12-17T23:13:44.828+0000] {spark_submit.py:634} INFO - driverMemory            null
[2024-12-17T23:13:44.831+0000] {spark_submit.py:634} INFO - driverCores             null
[2024-12-17T23:13:44.833+0000] {spark_submit.py:634} INFO - driverExtraClassPath    null
[2024-12-17T23:13:44.834+0000] {spark_submit.py:634} INFO - driverExtraLibraryPath  null
[2024-12-17T23:13:44.835+0000] {spark_submit.py:634} INFO - driverExtraJavaOptions  null
[2024-12-17T23:13:44.836+0000] {spark_submit.py:634} INFO - supervise               false
[2024-12-17T23:13:44.836+0000] {spark_submit.py:634} INFO - queue                   null
[2024-12-17T23:13:44.840+0000] {spark_submit.py:634} INFO - numExecutors            null
[2024-12-17T23:13:44.841+0000] {spark_submit.py:634} INFO - files                   null
[2024-12-17T23:13:44.842+0000] {spark_submit.py:634} INFO - pyFiles                 null
[2024-12-17T23:13:44.843+0000] {spark_submit.py:634} INFO - archives                null
[2024-12-17T23:13:44.844+0000] {spark_submit.py:634} INFO - mainClass               null
[2024-12-17T23:13:44.845+0000] {spark_submit.py:634} INFO - primaryResource         file:/opt/bitnami/spark/jobs/python/wordcountjob.py
[2024-12-17T23:13:44.846+0000] {spark_submit.py:634} INFO - name                    arrow-spark
[2024-12-17T23:13:44.847+0000] {spark_submit.py:634} INFO - childArgs               []
[2024-12-17T23:13:44.848+0000] {spark_submit.py:634} INFO - jars                    null
[2024-12-17T23:13:44.849+0000] {spark_submit.py:634} INFO - packages                null
[2024-12-17T23:13:44.850+0000] {spark_submit.py:634} INFO - packagesExclusions      null
[2024-12-17T23:13:44.851+0000] {spark_submit.py:634} INFO - repositories            null
[2024-12-17T23:13:44.851+0000] {spark_submit.py:634} INFO - verbose                 true
[2024-12-17T23:13:44.852+0000] {spark_submit.py:634} INFO - 
[2024-12-17T23:13:44.853+0000] {spark_submit.py:634} INFO - Spark properties used, including those specified through
[2024-12-17T23:13:44.854+0000] {spark_submit.py:634} INFO - --conf and those from the properties file null:
[2024-12-17T23:13:44.855+0000] {spark_submit.py:634} INFO - 
[2024-12-17T23:13:44.857+0000] {spark_submit.py:634} INFO - 
[2024-12-17T23:13:44.858+0000] {spark_submit.py:634} INFO - 
[2024-12-17T23:13:45.593+0000] {spark_submit.py:634} INFO - Main class:
[2024-12-17T23:13:45.595+0000] {spark_submit.py:634} INFO - org.apache.spark.deploy.PythonRunner
[2024-12-17T23:13:45.596+0000] {spark_submit.py:634} INFO - Arguments:
[2024-12-17T23:13:45.596+0000] {spark_submit.py:634} INFO - file:/opt/bitnami/spark/jobs/python/wordcountjob.py
[2024-12-17T23:13:45.597+0000] {spark_submit.py:634} INFO - null
[2024-12-17T23:13:45.600+0000] {spark_submit.py:634} INFO - Spark config:
[2024-12-17T23:13:45.601+0000] {spark_submit.py:634} INFO - (spark.app.name,arrow-spark)
[2024-12-17T23:13:45.601+0000] {spark_submit.py:634} INFO - (spark.app.submitTime,1734477225569)
[2024-12-17T23:13:45.602+0000] {spark_submit.py:634} INFO - (spark.master,spark://sparkingflow-spark-master-1:7077)
[2024-12-17T23:13:45.603+0000] {spark_submit.py:634} INFO - (spark.submit.deployMode,client)
[2024-12-17T23:13:45.604+0000] {spark_submit.py:634} INFO - (spark.submit.pyFiles,)
[2024-12-17T23:13:45.604+0000] {spark_submit.py:634} INFO - Classpath elements:
[2024-12-17T23:13:45.605+0000] {spark_submit.py:634} INFO - 
[2024-12-17T23:13:45.606+0000] {spark_submit.py:634} INFO - 
[2024-12-17T23:13:45.607+0000] {spark_submit.py:634} INFO - 
[2024-12-17T23:13:45.910+0000] {spark_submit.py:634} INFO - python3: can't open file '/opt/bitnami/spark/jobs/python/wordcountjob.py': [Errno 2] No such file or directory
[2024-12-17T23:13:45.934+0000] {spark_submit.py:634} INFO - 24/12/17 23:13:45 INFO ShutdownHookManager: Shutdown hook called
[2024-12-17T23:13:45.938+0000] {spark_submit.py:634} INFO - 24/12/17 23:13:45 INFO ShutdownHookManager: Deleting directory /tmp/spark-2bf54cd4-801b-4da7-993c-92392875e7c3
[2024-12-17T23:13:45.989+0000] {taskinstance.py:3311} ERROR - Task failed with exception
Traceback (most recent call last):
  File "/home/airflow/.local/lib/python3.11/site-packages/airflow/models/taskinstance.py", line 767, in _execute_task
    result = _execute_callable(context=context, **execute_callable_kwargs)
             ^^^^^^^^^^^^^^^^^^^^^^^^^^^^^^^^^^^^^^^^^^^^^^^^^^^^^^^^^^^^^
  File "/home/airflow/.local/lib/python3.11/site-packages/airflow/models/taskinstance.py", line 733, in _execute_callable
    return ExecutionCallableRunner(
           ^^^^^^^^^^^^^^^^^^^^^^^^
  File "/home/airflow/.local/lib/python3.11/site-packages/airflow/utils/operator_helpers.py", line 252, in run
    return self.func(*args, **kwargs)
           ^^^^^^^^^^^^^^^^^^^^^^^^^^
  File "/home/airflow/.local/lib/python3.11/site-packages/airflow/models/baseoperator.py", line 422, in wrapper
    return func(self, *args, **kwargs)
           ^^^^^^^^^^^^^^^^^^^^^^^^^^^
  File "/home/airflow/.local/lib/python3.11/site-packages/airflow/providers/apache/spark/operators/spark_submit.py", line 176, in execute
    self._hook.submit(self.application)
  File "/home/airflow/.local/lib/python3.11/site-packages/airflow/providers/apache/spark/hooks/spark_submit.py", line 560, in submit
    raise AirflowException(
airflow.exceptions.AirflowException: Cannot execute: spark-submit --master spark://sparkingflow-spark-master-1:7077 --name arrow-spark --verbose --deploy-mode client /opt/bitnami/spark/jobs/python/wordcountjob.py. Error code is: 2.
[2024-12-17T23:13:46.003+0000] {taskinstance.py:1225} INFO - Marking task as UP_FOR_RETRY. dag_id=pyspark_job_dag, task_id=spark_submit_task, run_id=manual__2024-12-17T23:13:37.875691+00:00, execution_date=20241217T231337, start_date=20241217T231340, end_date=20241217T231346
[2024-12-17T23:13:46.024+0000] {taskinstance.py:340} INFO - ::group::Post task execution logs
[2024-12-17T23:13:46.025+0000] {standard_task_runner.py:124} ERROR - Failed to execute job 69 for task spark_submit_task (Cannot execute: spark-submit --master spark://sparkingflow-spark-master-1:7077 --name arrow-spark --verbose --deploy-mode client /opt/bitnami/spark/jobs/python/wordcountjob.py. Error code is: 2.; 240)
Traceback (most recent call last):
  File "/home/airflow/.local/lib/python3.11/site-packages/airflow/task/task_runner/standard_task_runner.py", line 117, in _start_by_fork
    ret = args.func(args, dag=self.dag)
          ^^^^^^^^^^^^^^^^^^^^^^^^^^^^^
  File "/home/airflow/.local/lib/python3.11/site-packages/airflow/cli/cli_config.py", line 49, in command
    return func(*args, **kwargs)
           ^^^^^^^^^^^^^^^^^^^^^
  File "/home/airflow/.local/lib/python3.11/site-packages/airflow/utils/cli.py", line 116, in wrapper
    return f(*args, **kwargs)
           ^^^^^^^^^^^^^^^^^^
  File "/home/airflow/.local/lib/python3.11/site-packages/airflow/cli/commands/task_command.py", line 483, in task_run
    task_return_code = _run_task_by_selected_method(args, _dag, ti)
                       ^^^^^^^^^^^^^^^^^^^^^^^^^^^^^^^^^^^^^^^^^^^^
  File "/home/airflow/.local/lib/python3.11/site-packages/airflow/cli/commands/task_command.py", line 256, in _run_task_by_selected_method
    return _run_raw_task(args, ti)
           ^^^^^^^^^^^^^^^^^^^^^^^
  File "/home/airflow/.local/lib/python3.11/site-packages/airflow/cli/commands/task_command.py", line 341, in _run_raw_task
    return ti._run_raw_task(
           ^^^^^^^^^^^^^^^^^
  File "/home/airflow/.local/lib/python3.11/site-packages/airflow/utils/session.py", line 97, in wrapper
    return func(*args, session=session, **kwargs)
           ^^^^^^^^^^^^^^^^^^^^^^^^^^^^^^^^^^^^^^
  File "/home/airflow/.local/lib/python3.11/site-packages/airflow/models/taskinstance.py", line 3005, in _run_raw_task
    return _run_raw_task(
           ^^^^^^^^^^^^^^
  File "/home/airflow/.local/lib/python3.11/site-packages/airflow/models/taskinstance.py", line 273, in _run_raw_task
    TaskInstance._execute_task_with_callbacks(
  File "/home/airflow/.local/lib/python3.11/site-packages/airflow/models/taskinstance.py", line 3159, in _execute_task_with_callbacks
    result = self._execute_task(context, task_orig)
             ^^^^^^^^^^^^^^^^^^^^^^^^^^^^^^^^^^^^^^
  File "/home/airflow/.local/lib/python3.11/site-packages/airflow/models/taskinstance.py", line 3183, in _execute_task
    return _execute_task(self, context, task_orig)
           ^^^^^^^^^^^^^^^^^^^^^^^^^^^^^^^^^^^^^^^
  File "/home/airflow/.local/lib/python3.11/site-packages/airflow/models/taskinstance.py", line 767, in _execute_task
    result = _execute_callable(context=context, **execute_callable_kwargs)
             ^^^^^^^^^^^^^^^^^^^^^^^^^^^^^^^^^^^^^^^^^^^^^^^^^^^^^^^^^^^^^
  File "/home/airflow/.local/lib/python3.11/site-packages/airflow/models/taskinstance.py", line 733, in _execute_callable
    return ExecutionCallableRunner(
           ^^^^^^^^^^^^^^^^^^^^^^^^
  File "/home/airflow/.local/lib/python3.11/site-packages/airflow/utils/operator_helpers.py", line 252, in run
    return self.func(*args, **kwargs)
           ^^^^^^^^^^^^^^^^^^^^^^^^^^
  File "/home/airflow/.local/lib/python3.11/site-packages/airflow/models/baseoperator.py", line 422, in wrapper
    return func(self, *args, **kwargs)
           ^^^^^^^^^^^^^^^^^^^^^^^^^^^
  File "/home/airflow/.local/lib/python3.11/site-packages/airflow/providers/apache/spark/operators/spark_submit.py", line 176, in execute
    self._hook.submit(self.application)
  File "/home/airflow/.local/lib/python3.11/site-packages/airflow/providers/apache/spark/hooks/spark_submit.py", line 560, in submit
    raise AirflowException(
airflow.exceptions.AirflowException: Cannot execute: spark-submit --master spark://sparkingflow-spark-master-1:7077 --name arrow-spark --verbose --deploy-mode client /opt/bitnami/spark/jobs/python/wordcountjob.py. Error code is: 2.
[2024-12-17T23:13:46.054+0000] {local_task_job_runner.py:266} INFO - Task exited with return code 1
[2024-12-17T23:13:46.076+0000] {taskinstance.py:3895} INFO - 0 downstream tasks scheduled from follow-on schedule check
[2024-12-17T23:13:46.079+0000] {local_task_job_runner.py:245} INFO - ::endgroup::
