[2024-12-17T23:18:46.952+0000] {local_task_job_runner.py:123} INFO - ::group::Pre task execution logs
[2024-12-17T23:18:46.972+0000] {taskinstance.py:2613} INFO - Dependencies all met for dep_context=non-requeueable deps ti=<TaskInstance: pyspark_job_dag.spark_submit_task manual__2024-12-17T23:13:37.875691+00:00 [queued]>
[2024-12-17T23:18:46.983+0000] {taskinstance.py:2613} INFO - Dependencies all met for dep_context=requeueable deps ti=<TaskInstance: pyspark_job_dag.spark_submit_task manual__2024-12-17T23:13:37.875691+00:00 [queued]>
[2024-12-17T23:18:46.985+0000] {taskinstance.py:2866} INFO - Starting attempt 2 of 3
[2024-12-17T23:18:47.001+0000] {taskinstance.py:2889} INFO - Executing <Task(SparkSubmitOperator): spark_submit_task> on 2024-12-17 23:13:37.875691+00:00
[2024-12-17T23:18:47.009+0000] {standard_task_runner.py:72} INFO - Started process 405 to run task
[2024-12-17T23:18:47.016+0000] {standard_task_runner.py:104} INFO - Running: ['***', 'tasks', 'run', 'pyspark_job_dag', 'spark_submit_task', 'manual__2024-12-17T23:13:37.875691+00:00', '--job-id', '72', '--raw', '--subdir', 'DAGS_FOLDER/spark_***.py', '--cfg-path', '/tmp/tmpbwy9o8s5']
[2024-12-17T23:18:47.032+0000] {standard_task_runner.py:105} INFO - Job 72: Subtask spark_submit_task
[2024-12-17T23:18:47.102+0000] {task_command.py:467} INFO - Running <TaskInstance: pyspark_job_dag.spark_submit_task manual__2024-12-17T23:13:37.875691+00:00 [running]> on host 0d65af53af6d
[2024-12-17T23:18:47.228+0000] {taskinstance.py:3132} INFO - Exporting env vars: AIRFLOW_CTX_DAG_OWNER='Haris Syd' AIRFLOW_CTX_DAG_ID='pyspark_job_dag' AIRFLOW_CTX_TASK_ID='spark_submit_task' AIRFLOW_CTX_EXECUTION_DATE='2024-12-17T23:13:37.875691+00:00' AIRFLOW_CTX_TRY_NUMBER='2' AIRFLOW_CTX_DAG_RUN_ID='manual__2024-12-17T23:13:37.875691+00:00'
[2024-12-17T23:18:47.230+0000] {taskinstance.py:731} INFO - ::endgroup::
[2024-12-17T23:18:47.252+0000] {base.py:84} INFO - Retrieving connection 'spark_conn'
[2024-12-17T23:18:47.253+0000] {spark_submit.py:473} INFO - Spark-Submit cmd: spark-submit --master spark://sparkingflow-spark-master-1:7077 --name arrow-spark --verbose --deploy-mode client /opt/bitnami/spark/jobs/python/wordcountjob.py
[2024-12-17T23:18:49.019+0000] {spark_submit.py:634} INFO - Using properties file: null
[2024-12-17T23:18:49.193+0000] {spark_submit.py:634} INFO - Parsed arguments:
[2024-12-17T23:18:49.195+0000] {spark_submit.py:634} INFO - master                  spark://sparkingflow-spark-master-1:7077
[2024-12-17T23:18:49.195+0000] {spark_submit.py:634} INFO - remote                  null
[2024-12-17T23:18:49.196+0000] {spark_submit.py:634} INFO - deployMode              client
[2024-12-17T23:18:49.197+0000] {spark_submit.py:634} INFO - executorMemory          null
[2024-12-17T23:18:49.197+0000] {spark_submit.py:634} INFO - executorCores           null
[2024-12-17T23:18:49.198+0000] {spark_submit.py:634} INFO - totalExecutorCores      null
[2024-12-17T23:18:49.199+0000] {spark_submit.py:634} INFO - propertiesFile          null
[2024-12-17T23:18:49.199+0000] {spark_submit.py:634} INFO - driverMemory            null
[2024-12-17T23:18:49.201+0000] {spark_submit.py:634} INFO - driverCores             null
[2024-12-17T23:18:49.202+0000] {spark_submit.py:634} INFO - driverExtraClassPath    null
[2024-12-17T23:18:49.204+0000] {spark_submit.py:634} INFO - driverExtraLibraryPath  null
[2024-12-17T23:18:49.205+0000] {spark_submit.py:634} INFO - driverExtraJavaOptions  null
[2024-12-17T23:18:49.206+0000] {spark_submit.py:634} INFO - supervise               false
[2024-12-17T23:18:49.207+0000] {spark_submit.py:634} INFO - queue                   null
[2024-12-17T23:18:49.208+0000] {spark_submit.py:634} INFO - numExecutors            null
[2024-12-17T23:18:49.208+0000] {spark_submit.py:634} INFO - files                   null
[2024-12-17T23:18:49.209+0000] {spark_submit.py:634} INFO - pyFiles                 null
[2024-12-17T23:18:49.210+0000] {spark_submit.py:634} INFO - archives                null
[2024-12-17T23:18:49.210+0000] {spark_submit.py:634} INFO - mainClass               null
[2024-12-17T23:18:49.211+0000] {spark_submit.py:634} INFO - primaryResource         file:/opt/bitnami/spark/jobs/python/wordcountjob.py
[2024-12-17T23:18:49.212+0000] {spark_submit.py:634} INFO - name                    arrow-spark
[2024-12-17T23:18:49.213+0000] {spark_submit.py:634} INFO - childArgs               []
[2024-12-17T23:18:49.213+0000] {spark_submit.py:634} INFO - jars                    null
[2024-12-17T23:18:49.214+0000] {spark_submit.py:634} INFO - packages                null
[2024-12-17T23:18:49.215+0000] {spark_submit.py:634} INFO - packagesExclusions      null
[2024-12-17T23:18:49.216+0000] {spark_submit.py:634} INFO - repositories            null
[2024-12-17T23:18:49.216+0000] {spark_submit.py:634} INFO - verbose                 true
[2024-12-17T23:18:49.217+0000] {spark_submit.py:634} INFO - 
[2024-12-17T23:18:49.218+0000] {spark_submit.py:634} INFO - Spark properties used, including those specified through
[2024-12-17T23:18:49.218+0000] {spark_submit.py:634} INFO - --conf and those from the properties file null:
[2024-12-17T23:18:49.219+0000] {spark_submit.py:634} INFO - 
[2024-12-17T23:18:49.220+0000] {spark_submit.py:634} INFO - 
[2024-12-17T23:18:49.220+0000] {spark_submit.py:634} INFO - 
[2024-12-17T23:18:49.636+0000] {spark_submit.py:634} INFO - Main class:
[2024-12-17T23:18:49.637+0000] {spark_submit.py:634} INFO - org.apache.spark.deploy.PythonRunner
[2024-12-17T23:18:49.638+0000] {spark_submit.py:634} INFO - Arguments:
[2024-12-17T23:18:49.640+0000] {spark_submit.py:634} INFO - file:/opt/bitnami/spark/jobs/python/wordcountjob.py
[2024-12-17T23:18:49.641+0000] {spark_submit.py:634} INFO - null
[2024-12-17T23:18:49.642+0000] {spark_submit.py:634} INFO - Spark config:
[2024-12-17T23:18:49.643+0000] {spark_submit.py:634} INFO - (spark.app.name,arrow-spark)
[2024-12-17T23:18:49.644+0000] {spark_submit.py:634} INFO - (spark.app.submitTime,1734477529621)
[2024-12-17T23:18:49.645+0000] {spark_submit.py:634} INFO - (spark.master,spark://sparkingflow-spark-master-1:7077)
[2024-12-17T23:18:49.646+0000] {spark_submit.py:634} INFO - (spark.submit.deployMode,client)
[2024-12-17T23:18:49.647+0000] {spark_submit.py:634} INFO - (spark.submit.pyFiles,)
[2024-12-17T23:18:49.648+0000] {spark_submit.py:634} INFO - Classpath elements:
[2024-12-17T23:18:49.649+0000] {spark_submit.py:634} INFO - 
[2024-12-17T23:18:49.650+0000] {spark_submit.py:634} INFO - 
[2024-12-17T23:18:49.650+0000] {spark_submit.py:634} INFO - 
[2024-12-17T23:18:49.892+0000] {spark_submit.py:634} INFO - python3: can't open file '/opt/bitnami/spark/jobs/python/wordcountjob.py': [Errno 2] No such file or directory
[2024-12-17T23:18:49.913+0000] {spark_submit.py:634} INFO - 24/12/17 23:18:49 INFO ShutdownHookManager: Shutdown hook called
[2024-12-17T23:18:49.916+0000] {spark_submit.py:634} INFO - 24/12/17 23:18:49 INFO ShutdownHookManager: Deleting directory /tmp/spark-f0d7a1d2-8b39-45b9-867f-199ab8cd1c10
[2024-12-17T23:18:49.959+0000] {taskinstance.py:3311} ERROR - Task failed with exception
Traceback (most recent call last):
  File "/home/airflow/.local/lib/python3.11/site-packages/airflow/models/taskinstance.py", line 767, in _execute_task
    result = _execute_callable(context=context, **execute_callable_kwargs)
             ^^^^^^^^^^^^^^^^^^^^^^^^^^^^^^^^^^^^^^^^^^^^^^^^^^^^^^^^^^^^^
  File "/home/airflow/.local/lib/python3.11/site-packages/airflow/models/taskinstance.py", line 733, in _execute_callable
    return ExecutionCallableRunner(
           ^^^^^^^^^^^^^^^^^^^^^^^^
  File "/home/airflow/.local/lib/python3.11/site-packages/airflow/utils/operator_helpers.py", line 252, in run
    return self.func(*args, **kwargs)
           ^^^^^^^^^^^^^^^^^^^^^^^^^^
  File "/home/airflow/.local/lib/python3.11/site-packages/airflow/models/baseoperator.py", line 422, in wrapper
    return func(self, *args, **kwargs)
           ^^^^^^^^^^^^^^^^^^^^^^^^^^^
  File "/home/airflow/.local/lib/python3.11/site-packages/airflow/providers/apache/spark/operators/spark_submit.py", line 176, in execute
    self._hook.submit(self.application)
  File "/home/airflow/.local/lib/python3.11/site-packages/airflow/providers/apache/spark/hooks/spark_submit.py", line 560, in submit
    raise AirflowException(
airflow.exceptions.AirflowException: Cannot execute: spark-submit --master spark://sparkingflow-spark-master-1:7077 --name arrow-spark --verbose --deploy-mode client /opt/bitnami/spark/jobs/python/wordcountjob.py. Error code is: 2.
[2024-12-17T23:18:49.968+0000] {taskinstance.py:1225} INFO - Marking task as UP_FOR_RETRY. dag_id=pyspark_job_dag, task_id=spark_submit_task, run_id=manual__2024-12-17T23:13:37.875691+00:00, execution_date=20241217T231337, start_date=20241217T231846, end_date=20241217T231849
[2024-12-17T23:18:49.984+0000] {taskinstance.py:340} INFO - ::group::Post task execution logs
[2024-12-17T23:18:49.985+0000] {standard_task_runner.py:124} ERROR - Failed to execute job 72 for task spark_submit_task (Cannot execute: spark-submit --master spark://sparkingflow-spark-master-1:7077 --name arrow-spark --verbose --deploy-mode client /opt/bitnami/spark/jobs/python/wordcountjob.py. Error code is: 2.; 405)
Traceback (most recent call last):
  File "/home/airflow/.local/lib/python3.11/site-packages/airflow/task/task_runner/standard_task_runner.py", line 117, in _start_by_fork
    ret = args.func(args, dag=self.dag)
          ^^^^^^^^^^^^^^^^^^^^^^^^^^^^^
  File "/home/airflow/.local/lib/python3.11/site-packages/airflow/cli/cli_config.py", line 49, in command
    return func(*args, **kwargs)
           ^^^^^^^^^^^^^^^^^^^^^
  File "/home/airflow/.local/lib/python3.11/site-packages/airflow/utils/cli.py", line 116, in wrapper
    return f(*args, **kwargs)
           ^^^^^^^^^^^^^^^^^^
  File "/home/airflow/.local/lib/python3.11/site-packages/airflow/cli/commands/task_command.py", line 483, in task_run
    task_return_code = _run_task_by_selected_method(args, _dag, ti)
                       ^^^^^^^^^^^^^^^^^^^^^^^^^^^^^^^^^^^^^^^^^^^^
  File "/home/airflow/.local/lib/python3.11/site-packages/airflow/cli/commands/task_command.py", line 256, in _run_task_by_selected_method
    return _run_raw_task(args, ti)
           ^^^^^^^^^^^^^^^^^^^^^^^
  File "/home/airflow/.local/lib/python3.11/site-packages/airflow/cli/commands/task_command.py", line 341, in _run_raw_task
    return ti._run_raw_task(
           ^^^^^^^^^^^^^^^^^
  File "/home/airflow/.local/lib/python3.11/site-packages/airflow/utils/session.py", line 97, in wrapper
    return func(*args, session=session, **kwargs)
           ^^^^^^^^^^^^^^^^^^^^^^^^^^^^^^^^^^^^^^
  File "/home/airflow/.local/lib/python3.11/site-packages/airflow/models/taskinstance.py", line 3005, in _run_raw_task
    return _run_raw_task(
           ^^^^^^^^^^^^^^
  File "/home/airflow/.local/lib/python3.11/site-packages/airflow/models/taskinstance.py", line 273, in _run_raw_task
    TaskInstance._execute_task_with_callbacks(
  File "/home/airflow/.local/lib/python3.11/site-packages/airflow/models/taskinstance.py", line 3159, in _execute_task_with_callbacks
    result = self._execute_task(context, task_orig)
             ^^^^^^^^^^^^^^^^^^^^^^^^^^^^^^^^^^^^^^
  File "/home/airflow/.local/lib/python3.11/site-packages/airflow/models/taskinstance.py", line 3183, in _execute_task
    return _execute_task(self, context, task_orig)
           ^^^^^^^^^^^^^^^^^^^^^^^^^^^^^^^^^^^^^^^
  File "/home/airflow/.local/lib/python3.11/site-packages/airflow/models/taskinstance.py", line 767, in _execute_task
    result = _execute_callable(context=context, **execute_callable_kwargs)
             ^^^^^^^^^^^^^^^^^^^^^^^^^^^^^^^^^^^^^^^^^^^^^^^^^^^^^^^^^^^^^
  File "/home/airflow/.local/lib/python3.11/site-packages/airflow/models/taskinstance.py", line 733, in _execute_callable
    return ExecutionCallableRunner(
           ^^^^^^^^^^^^^^^^^^^^^^^^
  File "/home/airflow/.local/lib/python3.11/site-packages/airflow/utils/operator_helpers.py", line 252, in run
    return self.func(*args, **kwargs)
           ^^^^^^^^^^^^^^^^^^^^^^^^^^
  File "/home/airflow/.local/lib/python3.11/site-packages/airflow/models/baseoperator.py", line 422, in wrapper
    return func(self, *args, **kwargs)
           ^^^^^^^^^^^^^^^^^^^^^^^^^^^
  File "/home/airflow/.local/lib/python3.11/site-packages/airflow/providers/apache/spark/operators/spark_submit.py", line 176, in execute
    self._hook.submit(self.application)
  File "/home/airflow/.local/lib/python3.11/site-packages/airflow/providers/apache/spark/hooks/spark_submit.py", line 560, in submit
    raise AirflowException(
airflow.exceptions.AirflowException: Cannot execute: spark-submit --master spark://sparkingflow-spark-master-1:7077 --name arrow-spark --verbose --deploy-mode client /opt/bitnami/spark/jobs/python/wordcountjob.py. Error code is: 2.
[2024-12-17T23:18:50.009+0000] {local_task_job_runner.py:266} INFO - Task exited with return code 1
[2024-12-17T23:18:50.029+0000] {taskinstance.py:3895} INFO - 0 downstream tasks scheduled from follow-on schedule check
[2024-12-17T23:18:50.033+0000] {local_task_job_runner.py:245} INFO - ::endgroup::
